completed rpc.adoption.native_prost.query.d3.v0.unary
completed rpc.adoption.native_prost.query.d3.v0.server_stream
completed rpc.adoption.tonic_prost.query.d3.v0.unary
completed rpc.adoption.tonic_prost.query.d3.v0.server_stream
completed rpc.adoption.native_prost.query.d3.v1.unary
completed rpc.adoption.native_prost.query.d3.v1.server_stream
completed rpc.adoption.tonic_prost.query.d3.v1.unary
completed rpc.adoption.tonic_prost.query.d3.v1.server_stream
completed rpc.adoption.native_prost.query.d3.v2.unary
completed rpc.adoption.native_prost.query.d3.v2.server_stream
completed rpc.adoption.tonic_prost.query.d3.v2.unary
completed rpc.adoption.tonic_prost.query.d3.v2.server_stream
completed rpc.adoption.native_prost.query.d3.v3.unary
completed rpc.adoption.native_prost.query.d3.v3.server_stream
completed rpc.adoption.tonic_prost.query.d3.v3.unary
completed rpc.adoption.tonic_prost.query.d3.v3.server_stream
completed rpc.adoption.native_prost.query.d3.v4.unary
completed rpc.adoption.native_prost.query.d3.v4.server_stream
completed rpc.adoption.tonic_prost.query.d3.v4.unary
completed rpc.adoption.tonic_prost.query.d3.v4.server_stream
completed rpc.adoption.native_prost.query.d3.v5.unary
completed rpc.adoption.native_prost.query.d3.v5.server_stream
completed rpc.adoption.tonic_prost.query.d3.v5.unary
completed rpc.adoption.tonic_prost.query.d3.v5.server_stream
completed rpc.adoption.native_prost.query.d3.v6.unary
completed rpc.adoption.native_prost.query.d3.v6.server_stream
completed rpc.adoption.tonic_prost.query.d3.v6.unary
completed rpc.adoption.tonic_prost.query.d3.v6.server_stream
completed rpc.adoption.native_prost.query.d3.v7.unary
completed rpc.adoption.native_prost.query.d3.v7.server_stream
completed rpc.adoption.tonic_prost.query.d3.v7.unary
completed rpc.adoption.tonic_prost.query.d3.v7.server_stream
completed rpc.adoption.native_prost.query.d4.v0.unary
completed rpc.adoption.native_prost.query.d4.v0.server_stream
completed rpc.adoption.tonic_prost.query.d4.v0.unary
completed rpc.adoption.tonic_prost.query.d4.v0.server_stream
completed rpc.adoption.native_prost.query.d4.v1.unary
completed rpc.adoption.native_prost.query.d4.v1.server_stream
completed rpc.adoption.tonic_prost.query.d4.v1.unary
completed rpc.adoption.tonic_prost.query.d4.v1.server_stream
completed rpc.adoption.native_prost.query.d4.v2.unary
completed rpc.adoption.native_prost.query.d4.v2.server_stream
completed rpc.adoption.tonic_prost.query.d4.v2.unary
completed rpc.adoption.tonic_prost.query.d4.v2.server_stream
completed rpc.adoption.native_prost.query.d4.v3.unary
completed rpc.adoption.native_prost.query.d4.v3.server_stream
completed rpc.adoption.tonic_prost.query.d4.v3.unary
completed rpc.adoption.tonic_prost.query.d4.v3.server_stream
completed rpc.adoption.native_prost.query.d4.v4.unary
completed rpc.adoption.native_prost.query.d4.v4.server_stream
completed rpc.adoption.tonic_prost.query.d4.v4.unary
completed rpc.adoption.tonic_prost.query.d4.v4.server_stream
completed rpc.adoption.native_prost.query.d4.v5.unary
completed rpc.adoption.native_prost.query.d4.v5.server_stream
completed rpc.adoption.tonic_prost.query.d4.v5.unary
completed rpc.adoption.tonic_prost.query.d4.v5.server_stream
completed rpc.adoption.native_prost.query.d4.v6.unary
completed rpc.adoption.native_prost.query.d4.v6.server_stream
completed rpc.adoption.tonic_prost.query.d4.v6.unary
completed rpc.adoption.tonic_prost.query.d4.v6.server_stream
completed rpc.adoption.native_prost.query.d4.v7.unary
completed rpc.adoption.native_prost.query.d4.v7.server_stream
completed rpc.adoption.tonic_prost.query.d4.v7.unary
completed rpc.adoption.tonic_prost.query.d4.v7.server_stream
completed rpc.adoption.native_prost.query.d5.v0.unary
completed rpc.adoption.native_prost.query.d5.v0.server_stream
completed rpc.adoption.tonic_prost.query.d5.v0.unary
completed rpc.adoption.tonic_prost.query.d5.v0.server_stream
completed rpc.adoption.native_prost.query.d5.v1.unary
completed rpc.adoption.native_prost.query.d5.v1.server_stream
completed rpc.adoption.tonic_prost.query.d5.v1.unary
completed rpc.adoption.tonic_prost.query.d5.v1.server_stream
completed rpc.adoption.native_prost.query.d5.v2.unary
completed rpc.adoption.native_prost.query.d5.v2.server_stream
completed rpc.adoption.tonic_prost.query.d5.v2.unary
completed rpc.adoption.tonic_prost.query.d5.v2.server_stream
completed rpc.adoption.native_prost.query.d5.v3.unary
completed rpc.adoption.native_prost.query.d5.v3.server_stream
completed rpc.adoption.tonic_prost.query.d5.v3.unary
completed rpc.adoption.tonic_prost.query.d5.v3.server_stream
completed rpc.adoption.native_prost.query.d5.v4.unary
completed rpc.adoption.native_prost.query.d5.v4.server_stream
completed rpc.adoption.tonic_prost.query.d5.v4.unary
completed rpc.adoption.tonic_prost.query.d5.v4.server_stream
completed rpc.adoption.native_prost.query.d5.v5.unary
completed rpc.adoption.native_prost.query.d5.v5.server_stream
completed rpc.adoption.tonic_prost.query.d5.v5.unary
completed rpc.adoption.tonic_prost.query.d5.v5.server_stream
completed rpc.adoption.native_prost.query.d5.v6.unary
completed rpc.adoption.native_prost.query.d5.v6.server_stream
completed rpc.adoption.tonic_prost.query.d5.v6.unary
completed rpc.adoption.tonic_prost.query.d5.v6.server_stream
completed rpc.adoption.native_prost.query.d5.v7.unary
completed rpc.adoption.native_prost.query.d5.v7.server_stream
completed rpc.adoption.tonic_prost.query.d5.v7.unary
completed rpc.adoption.tonic_prost.query.d5.v7.server_stream
completed rpc.adoption.native_prost.query.d6.v0.unary
completed rpc.adoption.native_prost.query.d6.v0.server_stream
completed rpc.adoption.tonic_prost.query.d6.v0.unary
completed rpc.adoption.tonic_prost.query.d6.v0.server_stream
completed rpc.adoption.native_prost.query.d6.v1.unary
completed rpc.adoption.native_prost.query.d6.v1.server_stream
completed rpc.adoption.tonic_prost.query.d6.v1.unary
completed rpc.adoption.tonic_prost.query.d6.v1.server_stream
completed rpc.adoption.native_prost.query.d6.v2.unary
completed rpc.adoption.native_prost.query.d6.v2.server_stream
completed rpc.adoption.tonic_prost.query.d6.v2.unary
completed rpc.adoption.tonic_prost.query.d6.v2.server_stream
completed rpc.adoption.native_prost.query.d6.v3.unary
completed rpc.adoption.native_prost.query.d6.v3.server_stream
completed rpc.adoption.tonic_prost.query.d6.v3.unary
completed rpc.adoption.tonic_prost.query.d6.v3.server_stream
completed rpc.adoption.native_prost.query.d6.v4.unary
completed rpc.adoption.native_prost.query.d6.v4.server_stream
completed rpc.adoption.tonic_prost.query.d6.v4.unary
completed rpc.adoption.tonic_prost.query.d6.v4.server_stream
completed rpc.adoption.native_prost.query.d6.v5.unary
completed rpc.adoption.native_prost.query.d6.v5.server_stream
completed rpc.adoption.tonic_prost.query.d6.v5.unary
completed rpc.adoption.tonic_prost.query.d6.v5.server_stream
completed rpc.adoption.native_prost.query.d6.v6.unary
completed rpc.adoption.native_prost.query.d6.v6.server_stream
completed rpc.adoption.tonic_prost.query.d6.v6.unary
completed rpc.adoption.tonic_prost.query.d6.v6.server_stream
completed rpc.adoption.native_prost.query.d6.v7.unary
completed rpc.adoption.native_prost.query.d6.v7.server_stream
completed rpc.adoption.tonic_prost.query.d6.v7.unary
completed rpc.adoption.tonic_prost.query.d6.v7.server_stream
completed rpc.adoption.native_prost.query.d7.v0.unary
completed rpc.adoption.native_prost.query.d7.v0.server_stream
completed rpc.adoption.tonic_prost.query.d7.v0.unary
completed rpc.adoption.tonic_prost.query.d7.v0.server_stream
completed rpc.adoption.native_prost.query.d7.v1.unary
completed rpc.adoption.native_prost.query.d7.v1.server_stream
completed rpc.adoption.tonic_prost.query.d7.v1.unary
completed rpc.adoption.tonic_prost.query.d7.v1.server_stream
completed rpc.adoption.native_prost.query.d7.v2.unary
completed rpc.adoption.native_prost.query.d7.v2.server_stream
completed rpc.adoption.tonic_prost.query.d7.v2.unary
completed rpc.adoption.tonic_prost.query.d7.v2.server_stream
completed rpc.adoption.native_prost.query.d7.v3.unary
completed rpc.adoption.native_prost.query.d7.v3.server_stream
completed rpc.adoption.tonic_prost.query.d7.v3.unary
completed rpc.adoption.tonic_prost.query.d7.v3.server_stream
completed rpc.adoption.native_prost.query.d7.v4.unary
completed rpc.adoption.native_prost.query.d7.v4.server_stream
completed rpc.adoption.tonic_prost.query.d7.v4.unary
completed rpc.adoption.tonic_prost.query.d7.v4.server_stream
completed rpc.adoption.native_prost.query.d7.v5.unary
completed rpc.adoption.native_prost.query.d7.v5.server_stream
completed rpc.adoption.tonic_prost.query.d7.v5.unary
completed rpc.adoption.tonic_prost.query.d7.v5.server_stream
completed rpc.adoption.native_prost.query.d7.v6.unary
completed rpc.adoption.native_prost.query.d7.v6.server_stream
completed rpc.adoption.tonic_prost.query.d7.v6.unary
completed rpc.adoption.tonic_prost.query.d7.v6.server_stream
completed rpc.adoption.native_prost.query.d7.v7.unary
completed rpc.adoption.native_prost.query.d7.v7.server_stream
completed rpc.adoption.tonic_prost.query.d7.v7.unary
completed rpc.adoption.tonic_prost.query.d7.v7.server_stream
completed rpc.adoption.native_prost.query.d8.v0.unary
completed rpc.adoption.native_prost.query.d8.v0.server_stream
completed rpc.adoption.tonic_prost.query.d8.v0.unary
completed rpc.adoption.tonic_prost.query.d8.v0.server_stream
completed rpc.adoption.native_prost.query.d8.v1.unary
completed rpc.adoption.native_prost.query.d8.v1.server_stream
completed rpc.adoption.tonic_prost.query.d8.v1.unary
completed rpc.adoption.tonic_prost.query.d8.v1.server_stream
completed rpc.adoption.native_prost.query.d8.v2.unary
completed rpc.adoption.native_prost.query.d8.v2.server_stream
completed rpc.adoption.tonic_prost.query.d8.v2.unary
completed rpc.adoption.tonic_prost.query.d8.v2.server_stream
completed rpc.adoption.native_prost.query.d8.v3.unary
completed rpc.adoption.native_prost.query.d8.v3.server_stream
completed rpc.adoption.tonic_prost.query.d8.v3.unary
completed rpc.adoption.tonic_prost.query.d8.v3.server_stream
completed rpc.adoption.native_prost.query.d8.v4.unary
completed rpc.adoption.native_prost.query.d8.v4.server_stream
completed rpc.adoption.tonic_prost.query.d8.v4.unary
completed rpc.adoption.tonic_prost.query.d8.v4.server_stream
completed rpc.adoption.native_prost.query.d8.v5.unary
completed rpc.adoption.native_prost.query.d8.v5.server_stream
completed rpc.adoption.tonic_prost.query.d8.v5.unary
completed rpc.adoption.tonic_prost.query.d8.v5.server_stream
completed rpc.adoption.native_prost.query.d8.v6.unary
completed rpc.adoption.native_prost.query.d8.v6.server_stream
completed rpc.adoption.tonic_prost.query.d8.v6.unary
completed rpc.adoption.tonic_prost.query.d8.v6.server_stream
completed rpc.adoption.native_prost.query.d8.v7.unary
completed rpc.adoption.native_prost.query.d8.v7.server_stream
completed rpc.adoption.tonic_prost.query.d8.v7.unary
completed rpc.adoption.tonic_prost.query.d8.v7.server_stream
completed rpc.adoption.native_prost.entities.n10.unary
completed rpc.adoption.native_prost.entities.n10.server_stream
completed rpc.adoption.tonic_prost.entities.n10.unary
completed rpc.adoption.tonic_prost.entities.n10.server_stream
completed rpc.adoption.native_prost.entities.n100.unary
completed rpc.adoption.native_prost.entities.n100.server_stream
completed rpc.adoption.tonic_prost.entities.n100.unary
completed rpc.adoption.tonic_prost.entities.n100.server_stream
completed rpc.adoption.native_prost.entities.n1000.unary
completed rpc.adoption.native_prost.entities.n1000.server_stream
completed rpc.adoption.tonic_prost.entities.n1000.unary
completed rpc.adoption.tonic_prost.entities.n1000.server_stream
completed rpc.adoption.native_prost.sparse.v0.unary
completed rpc.adoption.native_prost.sparse.v0.server_stream
completed rpc.adoption.tonic_prost.sparse.v0.unary
completed rpc.adoption.tonic_prost.sparse.v0.server_stream
completed rpc.adoption.native_prost.sparse.v1.unary
completed rpc.adoption.native_prost.sparse.v1.server_stream
completed rpc.adoption.tonic_prost.sparse.v1.unary
completed rpc.adoption.tonic_prost.sparse.v1.server_stream
completed rpc.adoption.native_prost.sparse.v2.unary
completed rpc.adoption.native_prost.sparse.v2.server_stream
completed rpc.adoption.tonic_prost.sparse.v2.unary
completed rpc.adoption.tonic_prost.sparse.v2.server_stream
completed rpc.adoption.native_prost.sparse.v3.unary
completed rpc.adoption.native_prost.sparse.v3.server_stream
completed rpc.adoption.tonic_prost.sparse.v3.unary
completed rpc.adoption.tonic_prost.sparse.v3.server_stream
completed rpc.adoption.native_prost.sparse.v4.unary
completed rpc.adoption.native_prost.sparse.v4.server_stream
completed rpc.adoption.tonic_prost.sparse.v4.unary
completed rpc.adoption.tonic_prost.sparse.v4.server_stream
completed rpc.adoption.native_prost.sparse.v5.unary
completed rpc.adoption.native_prost.sparse.v5.server_stream
completed rpc.adoption.tonic_prost.sparse.v5.unary
completed rpc.adoption.tonic_prost.sparse.v5.server_stream
completed rpc.adoption.native_prost.sparse.v6.unary
completed rpc.adoption.native_prost.sparse.v6.server_stream
completed rpc.adoption.tonic_prost.sparse.v6.unary
completed rpc.adoption.tonic_prost.sparse.v6.server_stream
completed rpc.adoption.native_prost.sparse.v7.unary
completed rpc.adoption.native_prost.sparse.v7.server_stream
completed rpc.adoption.tonic_prost.sparse.v7.unary
completed rpc.adoption.tonic_prost.sparse.v7.server_stream
completed rpc.adoption.native_prost.sparse.v8.unary
completed rpc.adoption.native_prost.sparse.v8.server_stream
completed rpc.adoption.tonic_prost.sparse.v8.unary
completed rpc.adoption.tonic_prost.sparse.v8.server_stream
completed rpc.adoption.native_prost.sparse.v9.unary
completed rpc.adoption.native_prost.sparse.v9.server_stream
completed rpc.adoption.tonic_prost.sparse.v9.unary
completed rpc.adoption.tonic_prost.sparse.v9.server_stream
validated 2928 raw children in 279.177s
