    Checking bytes v1.12.1
    Checking pin-project-lite v0.2.17
    Checking futures-core v0.3.34
    Checking libc v0.2.189
    Checking itoa v1.0.18
    Checking socket2 v0.6.5
    Checking mio v1.2.2
    Checking tokio v1.53.1
    Checking http v1.5.0
    Checking once_cell v1.21.4
    Checking tracing-core v0.1.36
    Checking equivalent v1.0.2
    Checking slab v0.4.12
    Checking futures-sink v0.3.34
    Checking hashbrown v0.17.1
    Checking indexmap v2.14.2
    Checking tokio-util v0.7.19
    Checking tracing v0.1.44
    Checking http-body v1.1.0
warning: pbrs@0.2.0: wrote conformance descriptor set
    Checking futures-task v0.3.34
    Checking tower-service v0.3.3
    Checking futures-util v0.3.34
    Checking serde_core v1.0.229
    Checking fnv v1.0.7
    Checking try-lock v0.2.5
    Checking atomic-waker v1.1.2
    Checking h2 v0.4.19
    Checking want v0.3.1
    Checking httparse v1.10.1
    Checking futures-channel v0.3.34
    Checking httpdate v1.0.3
    Checking smallvec v1.15.2
    Checking memchr v2.8.3
    Checking tower-layer v0.3.3
    Checking sync_wrapper v1.0.2
    Checking hyper v1.11.0
    Checking http-body-util v0.1.5
    Checking mime v0.3.17
    Checking simd-adler32 v0.3.10
    Checking adler2 v2.0.1
    Checking cfg-if v1.0.4
    Checking crc32fast v1.5.1
    Checking miniz_oxide v0.9.1
    Checking axum-core v0.5.6
    Checking hyper-util v0.1.20
    Checking tower v0.5.3
    Checking zmij v1.0.23
    Checking matchit v0.8.4
    Checking percent-encoding v2.3.2
    Checking axum v0.8.9
    Checking pin-project v1.1.13
    Checking serde_json v1.0.151
    Checking hyper-timeout v0.5.2
    Checking flate2 v1.1.10
    Checking serde v1.0.229
    Checking tokio-stream v0.1.19
    Checking simdutf8 v0.1.5
    Checking base64 v0.22.1
    Checking tonic v0.14.6
    Checking pbrs v0.2.0 (/workspace/scratch/work/tc32a)
   Compiling pbrs-adoption-corpus v0.0.0 (/workspace/scratch/work/tc32a/bench/devloop/adoption)
    Checking prost v0.14.4
    Checking protobuf-tonic v0.1.0-alpha.2 (/workspace/scratch/work/tc32a/protobuf-tonic)
error: field assignment outside of initializer for an instance created with Default::default()
 --> src/bridge_options.rs:4:5
  |
4 |     m.value_00 = Some("part-0-field-0".to_owned());
  |     ^^^^^^^^^^^^^^^^^^^^^^^^^^^^^^^^^^^^^^^^^^^^^^^
  |
note: consider initializing the variable with `options::part_00::prost::Record00 { value_00: Some("part-0-field-0".to_owned()), value_01: Some(-1i64), value_02: Some(vec![2u8; 9]), value_03: Some(false), value_04: Some("part-0-field-4".to_owned()), value_05: Some(-5i64), value_06: Some(vec![6u8; 9]), value_07: Some(false), value_08: Some("part-0-field-8".to_owned()), value_09: Some(-9i64), value_10: Some(vec![10u8; 9]), value_11: Some(false), value_12: Some("part-0-field-12".to_owned()), value_13: Some(-13i64), value_14: Some(vec![14u8; 9]), value_15: Some(false) }` and removing relevant reassignments
 --> src/bridge_options.rs:3:5
  |
3 |     let mut m = options::part_00::prost::Record00::default();
  |     ^^^^^^^^^^^^^^^^^^^^^^^^^^^^^^^^^^^^^^^^^^^^^^^^^^^^^^^^^
  = help: for further information visit https://rust-lang.github.io/rust-clippy/rust-1.99.0/index.html#field_reassign_with_default
  = note: `-D clippy::field-reassign-with-default` implied by `-D warnings`
  = help: to override `-D warnings` add `#[allow(clippy::field_reassign_with_default)]`

error: field assignment outside of initializer for an instance created with Default::default()
   --> src/bridge_options.rs:276:5
    |
276 |     m.value_00 = Some("part-1-field-0".to_owned());
    |     ^^^^^^^^^^^^^^^^^^^^^^^^^^^^^^^^^^^^^^^^^^^^^^^
    |
note: consider initializing the variable with `options::part_01::prost::Record01 { value_00: Some("part-1-field-0".to_owned()), value_01: Some(-1i64), value_02: Some(vec![2u8; 9]), value_03: Some(false), value_04: Some("part-1-field-4".to_owned()), value_05: Some(-5i64), value_06: Some(vec![6u8; 9]), value_07: Some(false), value_08: Some("part-1-field-8".to_owned()), value_09: Some(-9i64), value_10: Some(vec![10u8; 9]), value_11: Some(false), value_12: Some("part-1-field-12".to_owned()), value_13: Some(-13i64), value_14: Some(vec![14u8; 9]), value_15: Some(false) }` and removing relevant reassignments
   --> src/bridge_options.rs:275:5
    |
275 |     let mut m = options::part_01::prost::Record01::default();
    |     ^^^^^^^^^^^^^^^^^^^^^^^^^^^^^^^^^^^^^^^^^^^^^^^^^^^^^^^^^
    = help: for further information visit https://rust-lang.github.io/rust-clippy/rust-1.99.0/index.html#field_reassign_with_default

error: field assignment outside of initializer for an instance created with Default::default()
   --> src/bridge_options.rs:548:5
    |
548 |     m.value_00 = Some("part-2-field-0".to_owned());
    |     ^^^^^^^^^^^^^^^^^^^^^^^^^^^^^^^^^^^^^^^^^^^^^^^
    |
note: consider initializing the variable with `options::part_02::prost::Record02 { value_00: Some("part-2-field-0".to_owned()), value_01: Some(-1i64), value_02: Some(vec![2u8; 9]), value_03: Some(false), value_04: Some("part-2-field-4".to_owned()), value_05: Some(-5i64), value_06: Some(vec![6u8; 9]), value_07: Some(false), value_08: Some("part-2-field-8".to_owned()), value_09: Some(-9i64), value_10: Some(vec![10u8; 9]), value_11: Some(false), value_12: Some("part-2-field-12".to_owned()), value_13: Some(-13i64), value_14: Some(vec![14u8; 9]), value_15: Some(false) }` and removing relevant reassignments
   --> src/bridge_options.rs:547:5
    |
547 |     let mut m = options::part_02::prost::Record02::default();
    |     ^^^^^^^^^^^^^^^^^^^^^^^^^^^^^^^^^^^^^^^^^^^^^^^^^^^^^^^^^
    = help: for further information visit https://rust-lang.github.io/rust-clippy/rust-1.99.0/index.html#field_reassign_with_default

error: field assignment outside of initializer for an instance created with Default::default()
   --> src/bridge_options.rs:820:5
    |
820 |     m.value_00 = Some("part-3-field-0".to_owned());
    |     ^^^^^^^^^^^^^^^^^^^^^^^^^^^^^^^^^^^^^^^^^^^^^^^
    |
note: consider initializing the variable with `options::part_03::prost::Record03 { value_00: Some("part-3-field-0".to_owned()), value_01: Some(-1i64), value_02: Some(vec![2u8; 9]), value_03: Some(false), value_04: Some("part-3-field-4".to_owned()), value_05: Some(-5i64), value_06: Some(vec![6u8; 9]), value_07: Some(false), value_08: Some("part-3-field-8".to_owned()), value_09: Some(-9i64), value_10: Some(vec![10u8; 9]), value_11: Some(false), value_12: Some("part-3-field-12".to_owned()), value_13: Some(-13i64), value_14: Some(vec![14u8; 9]), value_15: Some(false) }` and removing relevant reassignments
   --> src/bridge_options.rs:819:5
    |
819 |     let mut m = options::part_03::prost::Record03::default();
    |     ^^^^^^^^^^^^^^^^^^^^^^^^^^^^^^^^^^^^^^^^^^^^^^^^^^^^^^^^^
    = help: for further information visit https://rust-lang.github.io/rust-clippy/rust-1.99.0/index.html#field_reassign_with_default

error: field assignment outside of initializer for an instance created with Default::default()
    --> src/bridge_options.rs:1092:5
     |
1092 |     m.value_00 = Some("part-4-field-0".to_owned());
     |     ^^^^^^^^^^^^^^^^^^^^^^^^^^^^^^^^^^^^^^^^^^^^^^^
     |
note: consider initializing the variable with `options::part_04::prost::Record04 { value_00: Some("part-4-field-0".to_owned()), value_01: Some(-1i64), value_02: Some(vec![2u8; 9]), value_03: Some(false), value_04: Some("part-4-field-4".to_owned()), value_05: Some(-5i64), value_06: Some(vec![6u8; 9]), value_07: Some(false), value_08: Some("part-4-field-8".to_owned()), value_09: Some(-9i64), value_10: Some(vec![10u8; 9]), value_11: Some(false), value_12: Some("part-4-field-12".to_owned()), value_13: Some(-13i64), value_14: Some(vec![14u8; 9]), value_15: Some(false) }` and removing relevant reassignments
    --> src/bridge_options.rs:1091:5
     |
1091 |     let mut m = options::part_04::prost::Record04::default();
     |     ^^^^^^^^^^^^^^^^^^^^^^^^^^^^^^^^^^^^^^^^^^^^^^^^^^^^^^^^^
     = help: for further information visit https://rust-lang.github.io/rust-clippy/rust-1.99.0/index.html#field_reassign_with_default

error: field assignment outside of initializer for an instance created with Default::default()
    --> src/bridge_options.rs:1364:5
     |
1364 |     m.value_00 = Some("part-5-field-0".to_owned());
     |     ^^^^^^^^^^^^^^^^^^^^^^^^^^^^^^^^^^^^^^^^^^^^^^^
     |
note: consider initializing the variable with `options::part_05::prost::Record05 { value_00: Some("part-5-field-0".to_owned()), value_01: Some(-1i64), value_02: Some(vec![2u8; 9]), value_03: Some(false), value_04: Some("part-5-field-4".to_owned()), value_05: Some(-5i64), value_06: Some(vec![6u8; 9]), value_07: Some(false), value_08: Some("part-5-field-8".to_owned()), value_09: Some(-9i64), value_10: Some(vec![10u8; 9]), value_11: Some(false), value_12: Some("part-5-field-12".to_owned()), value_13: Some(-13i64), value_14: Some(vec![14u8; 9]), value_15: Some(false) }` and removing relevant reassignments
    --> src/bridge_options.rs:1363:5
     |
1363 |     let mut m = options::part_05::prost::Record05::default();
     |     ^^^^^^^^^^^^^^^^^^^^^^^^^^^^^^^^^^^^^^^^^^^^^^^^^^^^^^^^^
     = help: for further information visit https://rust-lang.github.io/rust-clippy/rust-1.99.0/index.html#field_reassign_with_default

error: field assignment outside of initializer for an instance created with Default::default()
    --> src/bridge_options.rs:1636:5
     |
1636 |     m.value_00 = Some("part-6-field-0".to_owned());
     |     ^^^^^^^^^^^^^^^^^^^^^^^^^^^^^^^^^^^^^^^^^^^^^^^
     |
note: consider initializing the variable with `options::part_06::prost::Record06 { value_00: Some("part-6-field-0".to_owned()), value_01: Some(-1i64), value_02: Some(vec![2u8; 9]), value_03: Some(false), value_04: Some("part-6-field-4".to_owned()), value_05: Some(-5i64), value_06: Some(vec![6u8; 9]), value_07: Some(false), value_08: Some("part-6-field-8".to_owned()), value_09: Some(-9i64), value_10: Some(vec![10u8; 9]), value_11: Some(false), value_12: Some("part-6-field-12".to_owned()), value_13: Some(-13i64), value_14: Some(vec![14u8; 9]), value_15: Some(false) }` and removing relevant reassignments
    --> src/bridge_options.rs:1635:5
     |
1635 |     let mut m = options::part_06::prost::Record06::default();
     |     ^^^^^^^^^^^^^^^^^^^^^^^^^^^^^^^^^^^^^^^^^^^^^^^^^^^^^^^^^
     = help: for further information visit https://rust-lang.github.io/rust-clippy/rust-1.99.0/index.html#field_reassign_with_default

error: field assignment outside of initializer for an instance created with Default::default()
    --> src/bridge_options.rs:1908:5
     |
1908 |     m.value_00 = Some("part-7-field-0".to_owned());
     |     ^^^^^^^^^^^^^^^^^^^^^^^^^^^^^^^^^^^^^^^^^^^^^^^
     |
note: consider initializing the variable with `options::part_07::prost::Record07 { value_00: Some("part-7-field-0".to_owned()), value_01: Some(-1i64), value_02: Some(vec![2u8; 9]), value_03: Some(false), value_04: Some("part-7-field-4".to_owned()), value_05: Some(-5i64), value_06: Some(vec![6u8; 9]), value_07: Some(false), value_08: Some("part-7-field-8".to_owned()), value_09: Some(-9i64), value_10: Some(vec![10u8; 9]), value_11: Some(false), value_12: Some("part-7-field-12".to_owned()), value_13: Some(-13i64), value_14: Some(vec![14u8; 9]), value_15: Some(false) }` and removing relevant reassignments
    --> src/bridge_options.rs:1907:5
     |
1907 |     let mut m = options::part_07::prost::Record07::default();
     |     ^^^^^^^^^^^^^^^^^^^^^^^^^^^^^^^^^^^^^^^^^^^^^^^^^^^^^^^^^
     = help: for further information visit https://rust-lang.github.io/rust-clippy/rust-1.99.0/index.html#field_reassign_with_default

error: field assignment outside of initializer for an instance created with Default::default()
    --> src/bridge_options.rs:2180:5
     |
2180 |     m.value_00 = Some("part-8-field-0".to_owned());
     |     ^^^^^^^^^^^^^^^^^^^^^^^^^^^^^^^^^^^^^^^^^^^^^^^
     |
note: consider initializing the variable with `options::part_08::prost::Record08 { value_00: Some("part-8-field-0".to_owned()), value_01: Some(-1i64), value_02: Some(vec![2u8; 9]), value_03: Some(false), value_04: Some("part-8-field-4".to_owned()), value_05: Some(-5i64), value_06: Some(vec![6u8; 9]), value_07: Some(false), value_08: Some("part-8-field-8".to_owned()), value_09: Some(-9i64), value_10: Some(vec![10u8; 9]), value_11: Some(false), value_12: Some("part-8-field-12".to_owned()), value_13: Some(-13i64), value_14: Some(vec![14u8; 9]), value_15: Some(false) }` and removing relevant reassignments
    --> src/bridge_options.rs:2179:5
     |
2179 |     let mut m = options::part_08::prost::Record08::default();
     |     ^^^^^^^^^^^^^^^^^^^^^^^^^^^^^^^^^^^^^^^^^^^^^^^^^^^^^^^^^
     = help: for further information visit https://rust-lang.github.io/rust-clippy/rust-1.99.0/index.html#field_reassign_with_default

error: field assignment outside of initializer for an instance created with Default::default()
    --> src/bridge_options.rs:2452:5
     |
2452 |     m.value_00 = Some("part-9-field-0".to_owned());
     |     ^^^^^^^^^^^^^^^^^^^^^^^^^^^^^^^^^^^^^^^^^^^^^^^
     |
note: consider initializing the variable with `options::part_09::prost::Record09 { value_00: Some("part-9-field-0".to_owned()), value_01: Some(-1i64), value_02: Some(vec![2u8; 9]), value_03: Some(false), value_04: Some("part-9-field-4".to_owned()), value_05: Some(-5i64), value_06: Some(vec![6u8; 9]), value_07: Some(false), value_08: Some("part-9-field-8".to_owned()), value_09: Some(-9i64), value_10: Some(vec![10u8; 9]), value_11: Some(false), value_12: Some("part-9-field-12".to_owned()), value_13: Some(-13i64), value_14: Some(vec![14u8; 9]), value_15: Some(false) }` and removing relevant reassignments
    --> src/bridge_options.rs:2451:5
     |
2451 |     let mut m = options::part_09::prost::Record09::default();
     |     ^^^^^^^^^^^^^^^^^^^^^^^^^^^^^^^^^^^^^^^^^^^^^^^^^^^^^^^^^
     = help: for further information visit https://rust-lang.github.io/rust-clippy/rust-1.99.0/index.html#field_reassign_with_default

error: field assignment outside of initializer for an instance created with Default::default()
    --> src/bridge_options.rs:2724:5
     |
2724 |     m.value_00 = Some("part-10-field-0".to_owned());
     |     ^^^^^^^^^^^^^^^^^^^^^^^^^^^^^^^^^^^^^^^^^^^^^^^^
     |
note: consider initializing the variable with `options::part_10::prost::Record10 { value_00: Some("part-10-field-0".to_owned()), value_01: Some(-1i64), value_02: Some(vec![2u8; 9]), value_03: Some(false), value_04: Some("part-10-field-4".to_owned()), value_05: Some(-5i64), value_06: Some(vec![6u8; 9]), value_07: Some(false), value_08: Some("part-10-field-8".to_owned()), value_09: Some(-9i64), value_10: Some(vec![10u8; 9]), value_11: Some(false), value_12: Some("part-10-field-12".to_owned()), value_13: Some(-13i64), value_14: Some(vec![14u8; 9]), value_15: Some(false) }` and removing relevant reassignments
    --> src/bridge_options.rs:2723:5
     |
2723 |     let mut m = options::part_10::prost::Record10::default();
     |     ^^^^^^^^^^^^^^^^^^^^^^^^^^^^^^^^^^^^^^^^^^^^^^^^^^^^^^^^^
     = help: for further information visit https://rust-lang.github.io/rust-clippy/rust-1.99.0/index.html#field_reassign_with_default

error: field assignment outside of initializer for an instance created with Default::default()
    --> src/bridge_options.rs:2996:5
     |
2996 |     m.value_00 = Some("part-11-field-0".to_owned());
     |     ^^^^^^^^^^^^^^^^^^^^^^^^^^^^^^^^^^^^^^^^^^^^^^^^
     |
note: consider initializing the variable with `options::part_11::prost::Record11 { value_00: Some("part-11-field-0".to_owned()), value_01: Some(-1i64), value_02: Some(vec![2u8; 9]), value_03: Some(false), value_04: Some("part-11-field-4".to_owned()), value_05: Some(-5i64), value_06: Some(vec![6u8; 9]), value_07: Some(false), value_08: Some("part-11-field-8".to_owned()), value_09: Some(-9i64), value_10: Some(vec![10u8; 9]), value_11: Some(false), value_12: Some("part-11-field-12".to_owned()), value_13: Some(-13i64), value_14: Some(vec![14u8; 9]), value_15: Some(false) }` and removing relevant reassignments
    --> src/bridge_options.rs:2995:5
     |
2995 |     let mut m = options::part_11::prost::Record11::default();
     |     ^^^^^^^^^^^^^^^^^^^^^^^^^^^^^^^^^^^^^^^^^^^^^^^^^^^^^^^^^
     = help: for further information visit https://rust-lang.github.io/rust-clippy/rust-1.99.0/index.html#field_reassign_with_default

error: field assignment outside of initializer for an instance created with Default::default()
    --> src/bridge_options.rs:3268:5
     |
3268 |     m.value_00 = Some("part-12-field-0".to_owned());
     |     ^^^^^^^^^^^^^^^^^^^^^^^^^^^^^^^^^^^^^^^^^^^^^^^^
     |
note: consider initializing the variable with `options::part_12::prost::Record12 { value_00: Some("part-12-field-0".to_owned()), value_01: Some(-1i64), value_02: Some(vec![2u8; 9]), value_03: Some(false), value_04: Some("part-12-field-4".to_owned()), value_05: Some(-5i64), value_06: Some(vec![6u8; 9]), value_07: Some(false), value_08: Some("part-12-field-8".to_owned()), value_09: Some(-9i64), value_10: Some(vec![10u8; 9]), value_11: Some(false), value_12: Some("part-12-field-12".to_owned()), value_13: Some(-13i64), value_14: Some(vec![14u8; 9]), value_15: Some(false) }` and removing relevant reassignments
    --> src/bridge_options.rs:3267:5
     |
3267 |     let mut m = options::part_12::prost::Record12::default();
     |     ^^^^^^^^^^^^^^^^^^^^^^^^^^^^^^^^^^^^^^^^^^^^^^^^^^^^^^^^^
     = help: for further information visit https://rust-lang.github.io/rust-clippy/rust-1.99.0/index.html#field_reassign_with_default

error: field assignment outside of initializer for an instance created with Default::default()
    --> src/bridge_options.rs:3540:5
     |
3540 |     m.value_00 = Some("part-13-field-0".to_owned());
     |     ^^^^^^^^^^^^^^^^^^^^^^^^^^^^^^^^^^^^^^^^^^^^^^^^
     |
note: consider initializing the variable with `options::part_13::prost::Record13 { value_00: Some("part-13-field-0".to_owned()), value_01: Some(-1i64), value_02: Some(vec![2u8; 9]), value_03: Some(false), value_04: Some("part-13-field-4".to_owned()), value_05: Some(-5i64), value_06: Some(vec![6u8; 9]), value_07: Some(false), value_08: Some("part-13-field-8".to_owned()), value_09: Some(-9i64), value_10: Some(vec![10u8; 9]), value_11: Some(false), value_12: Some("part-13-field-12".to_owned()), value_13: Some(-13i64), value_14: Some(vec![14u8; 9]), value_15: Some(false) }` and removing relevant reassignments
    --> src/bridge_options.rs:3539:5
     |
3539 |     let mut m = options::part_13::prost::Record13::default();
     |     ^^^^^^^^^^^^^^^^^^^^^^^^^^^^^^^^^^^^^^^^^^^^^^^^^^^^^^^^^
     = help: for further information visit https://rust-lang.github.io/rust-clippy/rust-1.99.0/index.html#field_reassign_with_default

error: field assignment outside of initializer for an instance created with Default::default()
    --> src/bridge_options.rs:3812:5
     |
3812 |     m.value_00 = Some("part-14-field-0".to_owned());
     |     ^^^^^^^^^^^^^^^^^^^^^^^^^^^^^^^^^^^^^^^^^^^^^^^^
     |
note: consider initializing the variable with `options::part_14::prost::Record14 { value_00: Some("part-14-field-0".to_owned()), value_01: Some(-1i64), value_02: Some(vec![2u8; 9]), value_03: Some(false), value_04: Some("part-14-field-4".to_owned()), value_05: Some(-5i64), value_06: Some(vec![6u8; 9]), value_07: Some(false), value_08: Some("part-14-field-8".to_owned()), value_09: Some(-9i64), value_10: Some(vec![10u8; 9]), value_11: Some(false), value_12: Some("part-14-field-12".to_owned()), value_13: Some(-13i64), value_14: Some(vec![14u8; 9]), value_15: Some(false) }` and removing relevant reassignments
    --> src/bridge_options.rs:3811:5
     |
3811 |     let mut m = options::part_14::prost::Record14::default();
     |     ^^^^^^^^^^^^^^^^^^^^^^^^^^^^^^^^^^^^^^^^^^^^^^^^^^^^^^^^^
     = help: for further information visit https://rust-lang.github.io/rust-clippy/rust-1.99.0/index.html#field_reassign_with_default

error: field assignment outside of initializer for an instance created with Default::default()
    --> src/bridge_options.rs:4084:5
     |
4084 |     m.value_00 = Some("part-15-field-0".to_owned());
     |     ^^^^^^^^^^^^^^^^^^^^^^^^^^^^^^^^^^^^^^^^^^^^^^^^
     |
note: consider initializing the variable with `options::part_15::prost::Record15 { value_00: Some("part-15-field-0".to_owned()), value_01: Some(-1i64), value_02: Some(vec![2u8; 9]), value_03: Some(false), value_04: Some("part-15-field-4".to_owned()), value_05: Some(-5i64), value_06: Some(vec![6u8; 9]), value_07: Some(false), value_08: Some("part-15-field-8".to_owned()), value_09: Some(-9i64), value_10: Some(vec![10u8; 9]), value_11: Some(false), value_12: Some("part-15-field-12".to_owned()), value_13: Some(-13i64), value_14: Some(vec![14u8; 9]), value_15: Some(false) }` and removing relevant reassignments
    --> src/bridge_options.rs:4083:5
     |
4083 |     let mut m = options::part_15::prost::Record15::default();
     |     ^^^^^^^^^^^^^^^^^^^^^^^^^^^^^^^^^^^^^^^^^^^^^^^^^^^^^^^^^
     = help: for further information visit https://rust-lang.github.io/rust-clippy/rust-1.99.0/index.html#field_reassign_with_default

error: field assignment outside of initializer for an instance created with Default::default()
    --> src/bridge_options.rs:4356:5
     |
4356 |     m.value_00 = Some("part-16-field-0".to_owned());
     |     ^^^^^^^^^^^^^^^^^^^^^^^^^^^^^^^^^^^^^^^^^^^^^^^^
     |
note: consider initializing the variable with `options::part_16::prost::Record16 { value_00: Some("part-16-field-0".to_owned()), value_01: Some(-1i64), value_02: Some(vec![2u8; 9]), value_03: Some(false), value_04: Some("part-16-field-4".to_owned()), value_05: Some(-5i64), value_06: Some(vec![6u8; 9]), value_07: Some(false), value_08: Some("part-16-field-8".to_owned()), value_09: Some(-9i64), value_10: Some(vec![10u8; 9]), value_11: Some(false), value_12: Some("part-16-field-12".to_owned()), value_13: Some(-13i64), value_14: Some(vec![14u8; 9]), value_15: Some(false) }` and removing relevant reassignments
    --> src/bridge_options.rs:4355:5
     |
4355 |     let mut m = options::part_16::prost::Record16::default();
     |     ^^^^^^^^^^^^^^^^^^^^^^^^^^^^^^^^^^^^^^^^^^^^^^^^^^^^^^^^^
     = help: for further information visit https://rust-lang.github.io/rust-clippy/rust-1.99.0/index.html#field_reassign_with_default

error: field assignment outside of initializer for an instance created with Default::default()
    --> src/bridge_options.rs:4628:5
     |
4628 |     m.value_00 = Some("part-17-field-0".to_owned());
     |     ^^^^^^^^^^^^^^^^^^^^^^^^^^^^^^^^^^^^^^^^^^^^^^^^
     |
note: consider initializing the variable with `options::part_17::prost::Record17 { value_00: Some("part-17-field-0".to_owned()), value_01: Some(-1i64), value_02: Some(vec![2u8; 9]), value_03: Some(false), value_04: Some("part-17-field-4".to_owned()), value_05: Some(-5i64), value_06: Some(vec![6u8; 9]), value_07: Some(false), value_08: Some("part-17-field-8".to_owned()), value_09: Some(-9i64), value_10: Some(vec![10u8; 9]), value_11: Some(false), value_12: Some("part-17-field-12".to_owned()), value_13: Some(-13i64), value_14: Some(vec![14u8; 9]), value_15: Some(false) }` and removing relevant reassignments
    --> src/bridge_options.rs:4627:5
     |
4627 |     let mut m = options::part_17::prost::Record17::default();
     |     ^^^^^^^^^^^^^^^^^^^^^^^^^^^^^^^^^^^^^^^^^^^^^^^^^^^^^^^^^
     = help: for further information visit https://rust-lang.github.io/rust-clippy/rust-1.99.0/index.html#field_reassign_with_default

error: field assignment outside of initializer for an instance created with Default::default()
    --> src/bridge_options.rs:4900:5
     |
4900 |     m.value_00 = Some("part-18-field-0".to_owned());
     |     ^^^^^^^^^^^^^^^^^^^^^^^^^^^^^^^^^^^^^^^^^^^^^^^^
     |
note: consider initializing the variable with `options::part_18::prost::Record18 { value_00: Some("part-18-field-0".to_owned()), value_01: Some(-1i64), value_02: Some(vec![2u8; 9]), value_03: Some(false), value_04: Some("part-18-field-4".to_owned()), value_05: Some(-5i64), value_06: Some(vec![6u8; 9]), value_07: Some(false), value_08: Some("part-18-field-8".to_owned()), value_09: Some(-9i64), value_10: Some(vec![10u8; 9]), value_11: Some(false), value_12: Some("part-18-field-12".to_owned()), value_13: Some(-13i64), value_14: Some(vec![14u8; 9]), value_15: Some(false) }` and removing relevant reassignments
    --> src/bridge_options.rs:4899:5
     |
4899 |     let mut m = options::part_18::prost::Record18::default();
     |     ^^^^^^^^^^^^^^^^^^^^^^^^^^^^^^^^^^^^^^^^^^^^^^^^^^^^^^^^^
     = help: for further information visit https://rust-lang.github.io/rust-clippy/rust-1.99.0/index.html#field_reassign_with_default

error: field assignment outside of initializer for an instance created with Default::default()
    --> src/bridge_options.rs:5172:5
     |
5172 |     m.value_00 = Some("part-19-field-0".to_owned());
     |     ^^^^^^^^^^^^^^^^^^^^^^^^^^^^^^^^^^^^^^^^^^^^^^^^
     |
note: consider initializing the variable with `options::part_19::prost::Record19 { value_00: Some("part-19-field-0".to_owned()), value_01: Some(-1i64), value_02: Some(vec![2u8; 9]), value_03: Some(false), value_04: Some("part-19-field-4".to_owned()), value_05: Some(-5i64), value_06: Some(vec![6u8; 9]), value_07: Some(false), value_08: Some("part-19-field-8".to_owned()), value_09: Some(-9i64), value_10: Some(vec![10u8; 9]), value_11: Some(false), value_12: Some("part-19-field-12".to_owned()), value_13: Some(-13i64), value_14: Some(vec![14u8; 9]), value_15: Some(false) }` and removing relevant reassignments
    --> src/bridge_options.rs:5171:5
     |
5171 |     let mut m = options::part_19::prost::Record19::default();
     |     ^^^^^^^^^^^^^^^^^^^^^^^^^^^^^^^^^^^^^^^^^^^^^^^^^^^^^^^^^
     = help: for further information visit https://rust-lang.github.io/rust-clippy/rust-1.99.0/index.html#field_reassign_with_default

error: could not compile `pbrs-adoption-corpus` (lib) due to 20 previous errors
