   Compiling proc-macro2 v1.0.107
   Compiling unicode-ident v1.0.26
   Compiling quote v1.0.47
   Compiling syn v2.0.119
   Compiling anyhow v1.0.104
   Compiling syn v3.0.6
    Checking bytes v1.12.1
   Compiling either v1.18.0
   Compiling itertools v0.14.0
   Compiling libc v0.2.189
    Checking pin-project-lite v0.2.17
   Compiling bitflags v2.13.2
   Compiling zmij v1.0.23
    Checking itoa v1.0.18
    Checking futures-core v0.3.34
    Checking once_cell v1.21.4
   Compiling getrandom v0.4.3
   Compiling rustix v1.1.5
   Compiling equivalent v1.0.2
   Compiling prettyplease v0.2.37
   Compiling memchr v2.8.3
   Compiling hashbrown v0.17.1
   Compiling indexmap v2.14.2
    Checking mio v1.2.3
    Checking socket2 v0.6.5
   Compiling tokio-macros v2.7.2
   Compiling cfg-if v1.0.5
   Compiling fixedbitset v0.5.7
   Compiling linux-raw-sys v0.12.1
   Compiling serde_core v1.0.229
   Compiling serde_json v1.0.151
   Compiling regex-syntax v0.8.11
   Compiling regex-automata v0.4.18
    Checking tokio v1.53.1
   Compiling prost-derive v0.14.4
   Compiling paste v1.0.15
   Compiling fastrand v2.5.0
   Compiling tempfile v3.27.0
   Compiling regex v1.13.1
    Checking http v1.5.0
   Compiling log v0.4.34
   Compiling serde v1.0.229
   Compiling multimap v0.10.1
   Compiling heck v0.5.0
   Compiling pbrs v0.2.0 (/workspace/scratch/work/sb32)
warning: pbrs@0.2.0: wrote conformance descriptor set
    Checking tracing-core v0.1.36
   Compiling tracing-attributes v0.1.31
    Checking slab v0.4.12
   Compiling pulldown-cmark v0.13.4
    Checking futures-sink v0.3.34
    Checking zeroize v1.9.0
    Checking rustls-pki-types v1.15.1
    Checking tokio-util v0.7.19
    Checking tracing v0.1.44
    Checking http-body v1.1.0
   Compiling simdutf8 v0.1.5
   Compiling unicase v2.9.0
   Compiling foldhash v0.1.5
   Compiling hashbrown v0.15.5
   Compiling prost v0.14.4
   Compiling prost-derive v0.13.5
    Checking tower-service v0.3.3
   Compiling httparse v1.10.1
    Checking futures-task v0.3.34
    Checking futures-util v0.3.34
   Compiling prost-types v0.14.4
   Compiling pulldown-cmark-to-cmark v22.0.1
   Compiling petgraph v0.8.3
    Checking try-lock v0.2.5
    Checking untrusted v0.9.0
    Checking fnv v1.0.7
   Compiling rustls v0.23.45
   Compiling shlex v2.0.1
    Checking atomic-waker v1.1.2
   Compiling find-msvc-tools v0.1.14
   Compiling cc v1.5.1
    Checking h2 v0.4.19
    Checking rustls-webpki v0.103.15
    Checking want v0.3.1
   Compiling prost-build v0.14.4
    Checking futures-channel v0.3.34
    Checking tower-layer v0.3.3
    Checking sync_wrapper v1.0.2
    Checking subtle v2.6.1
    Checking httpdate v1.0.3
    Checking smallvec v1.16.2
    Checking hyper v1.11.1
   Compiling protobuf v4.35.1-release
   Compiling prost v0.13.5
    Checking http-body-util v0.1.5
   Compiling getrandom v0.3.4
   Compiling linkme-impl v0.3.37
    Checking mime v0.3.17
    Checking axum-core v0.5.6
   Compiling prost-types v0.13.5
    Checking hyper-util v0.1.21
    Checking tower v0.5.3
   Compiling petgraph v0.7.1
   Compiling serde_derive v1.0.229
   Compiling pin-project-internal v1.1.13
    Checking percent-encoding v2.3.2
   Compiling linkme v0.3.37
   Compiling paste-complete v1.0.15
    Checking matchit v0.8.4
   Compiling crc32fast v1.5.2
    Checking axum v0.8.9
    Checking pin-project v1.1.13
   Compiling prost-build v0.13.5
    Checking hyper-timeout v0.5.2
    Checking tokio-rustls v0.26.5
   Compiling tonic-build v0.14.6
    Checking tokio-stream v0.1.19
   Compiling async-trait v0.1.92
    Checking base64 v0.22.1
    Checking simd-adler32 v0.3.10
    Checking adler2 v2.0.1
    Checking miniz_oxide v0.9.1
    Checking tonic v0.14.6
   Compiling tonic-prost-build v0.14.6
    Checking graviola v0.2.1
   Compiling prost_tat v0.0.1 (/workspace/scratch/work/sb32/prost_tat)
   Compiling pbrs-adoption-corpus v0.0.0 (/workspace/scratch/work/sb32/bench/devloop/adoption)
   Compiling pbrs-grpc v0.1.0-alpha.2 (/workspace/scratch/work/sb32/pbrs-grpc)
   Compiling protobuf-macros v4.35.1-release
   Compiling v4_tat v0.0.1 (/workspace/scratch/work/sb32/v4_tat)
    Checking flate2 v1.1.10
    Checking rustls-graviola v0.2.1
   Compiling devloop v0.1.0 (/workspace/scratch/work/sb32/bench/devloop)
    Checking rustls-pemfile v2.2.0
    Checking webpki-roots v1.0.9
error: failed to run custom build command for `devloop v0.1.0 (/workspace/scratch/work/sb32/bench/devloop)`

Caused by:
  process didn't exit successfully: `/workspace/scratch/work/sb32/target/debug/build/devloop-b5bc1aab0d2467c0/build-script-build` (exit status: 101)
  --- stdout
  cargo:rerun-if-changed=/workspace/scratch/work/sb32/bench/devloop/proto/echo.proto
  cargo:rerun-if-changed=/workspace/scratch/work/sb32/bench/devloop/proto/tonic_transport.proto
  cargo:rerun-if-changed=/workspace/scratch/work/sb32/bench/devloop/adoption/proto/adoption.proto
  cargo:rerun-if-changed=/workspace/scratch/work/sb32/bench/devloop/adoption/proto/sparse.proto

  --- stderr

  thread 'main' (245256) panicked at build.rs:39:10:
  tonic-prost-build corpus transport services: Custom { kind: InvalidInput, error: "duplicate extern Protobuf path: .google.protobuf" }
  note: run with `RUST_BACKTRACE=1` environment variable to display a backtrace
