docs/evidence/tc32b-collector-20261002/artifact-sha256.json
docs/evidence/tc32b-collector-20261002/audit-proof.py
docs/evidence/tc32b-collector-20261002/bridge-cli-build.log
docs/evidence/tc32b-collector-20261002/bridge-clippy.log
docs/evidence/tc32b-collector-20261002/bridge-graph.log
docs/evidence/tc32b-collector-20261002/bridge-registry.txt
docs/evidence/tc32b-collector-20261002/bridge-tests.log
docs/evidence/tc32b-collector-20261002/cargo-version.txt
docs/evidence/tc32b-collector-20261002/collector-tests-final.log
docs/evidence/tc32b-collector-20261002/collector-tests-first.log
docs/evidence/tc32b-collector-20261002/collector-tests-oracle.log
docs/evidence/tc32b-collector-20261002/commands-and-limits.json
docs/evidence/tc32b-collector-20261002/default-bridge-command-disabled.log
docs/evidence/tc32b-collector-20261002/default-cli-build.log
docs/evidence/tc32b-collector-20261002/default-cli-proof.json
docs/evidence/tc32b-collector-20261002/default-graph-after.log
docs/evidence/tc32b-collector-20261002/default-graph-before.log
docs/evidence/tc32b-collector-20261002/default-registry.txt
docs/evidence/tc32b-collector-20261002/default-tests.log
docs/evidence/tc32b-collector-20261002/enabled-cli-proof.json
docs/evidence/tc32b-collector-20261002/feature-graphs.json
docs/evidence/tc32b-collector-20261002/fmt-check.log
docs/evidence/tc32b-collector-20261002/generate-check.log
docs/evidence/tc32b-collector-20261002/graph-audit.json
docs/evidence/tc32b-collector-20261002/no-default-graph-after.log
docs/evidence/tc32b-collector-20261002/parent-bridge-inventory.json
docs/evidence/tc32b-collector-20261002/parent-bridge-inventory.log
docs/evidence/tc32b-collector-20261002/parent-lock-before.toml
docs/evidence/tc32b-collector-20261002/preserved-sb32-debug-provenance.json
docs/evidence/tc32b-collector-20261002/protoc-version.txt
docs/evidence/tc32b-collector-20261002/python-version.txt
docs/evidence/tc32b-collector-20261002/rustc-version.txt
docs/evidence/tc32b-collector-20261002/source-and-limits.json
docs/evidence/tc32b-collector-20261002/tool-pins.json
