Cargo.lock
Cargo.toml
bench/corpora/otlp/protos/opentelemetry/proto/common/v1/common.proto
bench/corpora/otlp/protos/opentelemetry/proto/logs/v1/logs.proto
bench/corpora/otlp/protos/opentelemetry/proto/metrics/v1/metrics.proto
bench/corpora/otlp/protos/opentelemetry/proto/resource/v1/resource.proto
bench/corpora/otlp/protos/opentelemetry/proto/trace/v1/trace.proto
bench/devloop/Cargo.lock
bench/devloop/Cargo.toml
bench/devloop/adoption/Cargo.lock
bench/devloop/adoption/Cargo.toml
bench/devloop/adoption/build.rs
bench/devloop/adoption/proto/adoption.proto
bench/devloop/adoption/proto/options/definitions.proto
bench/devloop/adoption/proto/options/part_00.proto
bench/devloop/adoption/proto/options/part_01.proto
bench/devloop/adoption/proto/options/part_02.proto
bench/devloop/adoption/proto/options/part_03.proto
bench/devloop/adoption/proto/options/part_04.proto
bench/devloop/adoption/proto/options/part_05.proto
bench/devloop/adoption/proto/options/part_06.proto
bench/devloop/adoption/proto/options/part_07.proto
bench/devloop/adoption/proto/options/part_08.proto
bench/devloop/adoption/proto/options/part_09.proto
bench/devloop/adoption/proto/options/part_10.proto
bench/devloop/adoption/proto/options/part_11.proto
bench/devloop/adoption/proto/options/part_12.proto
bench/devloop/adoption/proto/options/part_13.proto
bench/devloop/adoption/proto/options/part_14.proto
bench/devloop/adoption/proto/options/part_15.proto
bench/devloop/adoption/proto/options/part_16.proto
bench/devloop/adoption/proto/options/part_17.proto
bench/devloop/adoption/proto/options/part_18.proto
bench/devloop/adoption/proto/options/part_19.proto
bench/devloop/adoption/proto/sparse.proto
bench/devloop/adoption/src/bin/bridge-inventory.rs
bench/devloop/adoption/src/bin/codec-inventory.rs
bench/devloop/adoption/src/bin/inventory.rs
bench/devloop/adoption/src/bin/rpc-inventory.rs
bench/devloop/adoption/src/bridge.rs
bench/devloop/adoption/src/bridge_cells.rs
bench/devloop/adoption/src/bridge_options.rs
bench/devloop/adoption/src/cells.rs
bench/devloop/adoption/src/corpus.rs
bench/devloop/adoption/src/fresh.rs
bench/devloop/adoption/src/lib.rs
bench/devloop/adoption/src/option_tests.rs
bench/devloop/adoption/src/rpc.rs
bench/devloop/adoption/src/sparse_walks.rs
bench/devloop/adoption/src/workloads.rs
bench/devloop/build.rs
bench/devloop/proto/blob.proto
bench/devloop/proto/echo.proto
bench/devloop/proto/tonic_transport.proto
bench/devloop/src/adoption_rpc.rs
bench/devloop/src/blob.rs
bench/devloop/src/counters.rs
bench/devloop/src/main.rs
bench/devloop/src/tonic_transport_rpc.rs
build.rs
pbrs-grpc/Cargo.toml
pbrs-grpc/LICENSE-APACHE
pbrs-grpc/LICENSE-MIT
pbrs-grpc/README.md
pbrs-grpc/build.rs
pbrs-grpc/proto/channelz.fds
pbrs-grpc/proto/codec_cases.proto
pbrs-grpc/proto/error_details.fds
pbrs-grpc/proto/google/protobuf/any.proto
pbrs-grpc/proto/google/protobuf/duration.proto
pbrs-grpc/proto/google/protobuf/empty.proto
pbrs-grpc/proto/google/protobuf/timestamp.proto
pbrs-grpc/proto/google/protobuf/wrappers.proto
pbrs-grpc/proto/google/rpc/error_details.proto
pbrs-grpc/proto/google/rpc/status.proto
pbrs-grpc/proto/grpc/channelz/v1/channelz.proto
pbrs-grpc/proto/grpc/health/v1/health.proto
pbrs-grpc/proto/grpc/reflection/v1/reflection.proto
pbrs-grpc/proto/grpc/testing/empty.proto
pbrs-grpc/proto/grpc/testing/messages.proto
pbrs-grpc/proto/grpc/testing/test.proto
pbrs-grpc/proto/grpc_testing_test.fds
pbrs-grpc/proto/health.fds
pbrs-grpc/proto/hello.fds
pbrs-grpc/proto/hello.proto
pbrs-grpc/proto/orca.fds
pbrs-grpc/proto/orca_report.fds
pbrs-grpc/proto/person.proto
pbrs-grpc/proto/reflection.fds
pbrs-grpc/proto/scalars.proto
pbrs-grpc/proto/status.fds
pbrs-grpc/proto/wkt.proto
pbrs-grpc/proto/xds/PIN
pbrs-grpc/proto/xds/data/orca/v3/orca_load_report.proto
pbrs-grpc/proto/xds/service/orca/v3/orca.proto
pbrs-grpc/src/authz.rs
pbrs-grpc/src/authz/audit.rs
pbrs-grpc/src/authz/interceptor.rs
pbrs-grpc/src/authz/matcher.rs
pbrs-grpc/src/authz/policy.rs
pbrs-grpc/src/authz/principal.rs
pbrs-grpc/src/authz/provider.rs
pbrs-grpc/src/bdp.rs
pbrs-grpc/src/bin/pbrs-grpc-hello.rs
pbrs-grpc/src/bin/pbrs-grpc-http2-client.rs
pbrs-grpc/src/bin/pbrs-grpc-interop-client.rs
pbrs-grpc/src/bin/pbrs-grpc-interop-server.rs
pbrs-grpc/src/binlog.rs
pbrs-grpc/src/binlog/entry.rs
pbrs-grpc/src/binlog/filter.rs
pbrs-grpc/src/binlog/logger.rs
pbrs-grpc/src/binlog/sink.rs
pbrs-grpc/src/channelz/mod.rs
pbrs-grpc/src/channelz/model.rs
pbrs-grpc/src/channelz/service.rs
pbrs-grpc/src/channelz/trace.rs
pbrs-grpc/src/client.rs
pbrs-grpc/src/client/call.rs
pbrs-grpc/src/client/channel.rs
pbrs-grpc/src/client/cl08_future_sizes.rs
pbrs-grpc/src/client/config_glue.rs
pbrs-grpc/src/client/pool.rs
pbrs-grpc/src/client/retry.rs
pbrs-grpc/src/client/streaming.rs
pbrs-grpc/src/client/unary.rs
pbrs-grpc/src/codec.rs
pbrs-grpc/src/codec/prost.rs
pbrs-grpc/src/compat/mod.rs
pbrs-grpc/src/compression/deflate.rs
pbrs-grpc/src/compression/gzip.rs
pbrs-grpc/src/compression/mod.rs
pbrs-grpc/src/compression/zstd.rs
pbrs-grpc/src/config.rs
pbrs-grpc/src/copy_counts.rs
pbrs-grpc/src/gzip.rs
pbrs-grpc/src/health.rs
pbrs-grpc/src/hello.rs
pbrs-grpc/src/interceptor.rs
pbrs-grpc/src/interop_cases.rs
pbrs-grpc/src/keepalive.rs
pbrs-grpc/src/lb/health.rs
pbrs-grpc/src/lb/least_request.rs
pbrs-grpc/src/lb/mod.rs
pbrs-grpc/src/lb/outlier.rs
pbrs-grpc/src/lb/pick_first.rs
pbrs-grpc/src/lb/priority.rs
pbrs-grpc/src/lb/ring_hash.rs
pbrs-grpc/src/lb/round_robin.rs
pbrs-grpc/src/lb/subset.rs
pbrs-grpc/src/lb/wrr.rs
pbrs-grpc/src/lib.rs
pbrs-grpc/src/limits.rs
pbrs-grpc/src/metadata.rs
pbrs-grpc/src/orca.rs
pbrs-grpc/src/orca/recorder.rs
pbrs-grpc/src/orca/report.rs
pbrs-grpc/src/orca/service.rs
pbrs-grpc/src/otel/mod.rs
pbrs-grpc/src/otel/trace.rs
pbrs-grpc/src/pb.rs
pbrs-grpc/src/proxy.rs
pbrs-grpc/src/reflection.rs
pbrs-grpc/src/request.rs
pbrs-grpc/src/resolver.rs
pbrs-grpc/src/resolver/dns.rs
pbrs-grpc/src/resolver/fixed.rs
pbrs-grpc/src/resolver/registry.rs
pbrs-grpc/src/resolver/snapshot.rs
pbrs-grpc/src/resolver/target.rs
pbrs-grpc/src/resolver/txt.rs
pbrs-grpc/src/rt/manual.rs
pbrs-grpc/src/rt/mod.rs
pbrs-grpc/src/rt/per_core.rs
pbrs-grpc/src/server.rs
pbrs-grpc/src/server/accept.rs
pbrs-grpc/src/server/connection.rs
pbrs-grpc/src/server/dispatch.rs
pbrs-grpc/src/server/drain.rs
pbrs-grpc/src/server/router.rs
pbrs-grpc/src/server/rpc.rs
pbrs-grpc/src/server/sv09_cancel_tests.rs
pbrs-grpc/src/service_config.rs
pbrs-grpc/src/status.rs
pbrs-grpc/src/stream.rs
pbrs-grpc/src/tcp.rs
pbrs-grpc/src/telemetry.rs
pbrs-grpc/src/testing.rs
pbrs-grpc/src/timeout.rs
pbrs-grpc/src/tls.rs
pbrs-grpc/src/tonic_server.rs
pbrs-grpc/src/tower_client.rs
pbrs-grpc/src/tower_server.rs
pbrs-grpc/src/transport/h2.rs
pbrs-grpc/src/transport/mod.rs
pbrs-grpc/src/web/frame.rs
pbrs-grpc/src/web/mod.rs
pbrs-grpc/src/wire.rs
pbrs-grpc/src/wire/encode.rs
pbrs-grpc/src/wire/frame_reader.rs
pbrs-grpc/src/wire/headers.rs
pbrs-grpc/src/wire/out_batch.rs
pbrs-grpc/src/wire/send.rs
pbrs-grpc/tests/adaptive_window.rs
pbrs-grpc/tests/authz.rs
pbrs-grpc/tests/bidi_completion.rs
pbrs-grpc/tests/binlog.rs
pbrs-grpc/tests/byte_budget_public.rs
pbrs-grpc/tests/caller-rustls/Cargo.lock
pbrs-grpc/tests/caller-rustls/Cargo.toml
pbrs-grpc/tests/caller-rustls/README.md
pbrs-grpc/tests/caller-rustls/data/ca.pem
pbrs-grpc/tests/caller-rustls/data/first.crt
pbrs-grpc/tests/caller-rustls/data/first.key
pbrs-grpc/tests/caller-rustls/data/second.crt
pbrs-grpc/tests/caller-rustls/data/second.key
pbrs-grpc/tests/caller-rustls/tests/matrix.rs
pbrs-grpc/tests/caller_rustls.rs
pbrs-grpc/tests/channelz.rs
pbrs-grpc/tests/cl07_preface.rs
pbrs-grpc/tests/codec_generic.rs
pbrs-grpc/tests/codegen.rs
pbrs-grpc/tests/common/mod.rs
pbrs-grpc/tests/compat_fixtures.rs
pbrs-grpc/tests/compression.rs
pbrs-grpc/tests/connect_info.rs
pbrs-grpc/tests/fixtures/compat/helloworld/helloworld.proto
pbrs-grpc/tests/fixtures/compat/helloworld_compat.rs
pbrs-grpc/tests/fixtures/compat/routeguide/route_guide.proto
pbrs-grpc/tests/fixtures/compat/routeguide_compat.rs
pbrs-grpc/tests/fixtures/prost/helloworld_native.rs
pbrs-grpc/tests/fixtures/prost/routeguide_native.rs
pbrs-grpc/tests/fixtures/prost/tonic_client_native.rs
pbrs-grpc/tests/gaps.rs
pbrs-grpc/tests/grpc_web.rs
pbrs-grpc/tests/health.rs
pbrs-grpc/tests/hostile.rs
pbrs-grpc/tests/interop_assertions.rs
pbrs-grpc/tests/interop_cli.rs
pbrs-grpc/tests/lb_health.rs
pbrs-grpc/tests/lb_priority.rs
pbrs-grpc/tests/lb_ring_hash.rs
pbrs-grpc/tests/lifecycle.rs
pbrs-grpc/tests/message_size.rs
pbrs-grpc/tests/orca.rs
pbrs-grpc/tests/otel.rs
pbrs-grpc/tests/otel_trace.rs
pbrs-grpc/tests/per_core.rs
pbrs-grpc/tests/policy_retry.rs
pbrs-grpc/tests/prost_codec.rs
pbrs-grpc/tests/prost_fixtures.rs
pbrs-grpc/tests/proto/extend.fds
pbrs-grpc/tests/proto/extend.proto
pbrs-grpc/tests/proto/kv.fds
pbrs-grpc/tests/proto/kv.proto
pbrs-grpc/tests/proxy.rs
pbrs-grpc/tests/reflection.rs
pbrs-grpc/tests/regress_metadata.rs
pbrs-grpc/tests/regress_timeout.rs
pbrs-grpc/tests/resolver.rs
pbrs-grpc/tests/resource_bounds.rs
pbrs-grpc/tests/resource_qualification.rs
pbrs-grpc/tests/retry_safety.rs
pbrs-grpc/tests/rpc.rs
pbrs-grpc/tests/service_config.rs
pbrs-grpc/tests/serving.rs
pbrs-grpc/tests/static_routing.rs
pbrs-grpc/tests/sv09_streaming.rs
pbrs-grpc/tests/telemetry.rs
pbrs-grpc/tests/tls.rs
pbrs-grpc/tests/tls_data/README.md
pbrs-grpc/tests/tls_data/ca.crt
pbrs-grpc/tests/tls_data/client.crt
pbrs-grpc/tests/tls_data/client.key
pbrs-grpc/tests/tls_data/other.crt
pbrs-grpc/tests/tls_data/server.crt
pbrs-grpc/tests/tls_data/server.key
pbrs-grpc/tests/tonic_behavior.rs
pbrs-grpc/tests/tonic_server.rs
pbrs-grpc/tests/tonic_service_transport.rs
pbrs-grpc/tests/tonic_transport.rs
pbrs-grpc/tests/tower_client.rs
pbrs-grpc/tests/tower_server.rs
prost_tat/Cargo.lock
prost_tat/Cargo.toml
prost_tat/build.rs
prost_tat/src/lib.rs
proto/codec_cases.proto
proto/google/protobuf/any.proto
proto/google/protobuf/duration.proto
proto/google/protobuf/empty.proto
proto/google/protobuf/field_mask.proto
proto/google/protobuf/timestamp.proto
proto/google/protobuf/wrappers.proto
proto/google/rpc/error_details.proto
proto/google/rpc/status.proto
proto/grpc/health/v1/health.proto
proto/grpc/reflection/v1/reflection.proto
proto/grpc/testing/empty.proto
proto/grpc/testing/messages.proto
proto/grpc/testing/test.proto
proto/hello.proto
proto/person.proto
proto/scalars.proto
proto/wkt.proto
protobuf-tonic/Cargo.toml
protobuf-tonic/LICENSE-APACHE
protobuf-tonic/LICENSE-MIT
protobuf-tonic/README.md
protobuf-tonic/build.rs
protobuf-tonic/proto/hello.fds
protobuf-tonic/proto/hello.proto
protobuf-tonic/src/hello.rs
protobuf-tonic/src/lib.rs
protobuf-tonic/tests/codec_path.rs
protobuf-tonic/tests/coexist.rs
protobuf-tonic/tests/gzip.rs
protobuf-tonic/tests/health_reflection.rs
protobuf-tonic/tests/interceptor_size.rs
protobuf-tonic/tests/interop.rs
protobuf-tonic/tests/parse_string.rs
protobuf-tonic/tests/status.rs
protobuf-tonic/tests/streaming.rs
protobuf-tonic/tests/trailers.rs
protobuf-tonic/tests/unary.rs
src/bin/conformance.rs
src/bin/protoc-gen-pbrs.rs
src/codegen.rs
src/codegen/compat_stubs.rs
src/codegen/config.rs
src/codegen/descriptors.rs
src/codegen/encode.rs
src/codegen/json.rs
src/codegen/messages.rs
src/codegen/naming.rs
src/codegen/native_stubs.rs
src/codegen/parse.rs
src/codegen/prost_stubs.rs
src/codegen/reflection.rs
src/codegen/text.rs
src/codegen/tonic_stubs.rs
src/copy_counts.rs
src/dynamic.rs
src/error.rs
src/gen_support.rs
src/gencode.rs
src/generated/any.rs
src/generated/duration.rs
src/generated/empty.rs
src/generated/field_mask.rs
src/generated/mod.rs
src/generated/struct.rs
src/generated/test_messages_edition2023.rs
src/generated/test_messages_edition_unstable.rs
src/generated/test_messages_proto2.rs
src/generated/test_messages_proto2_editions.rs
src/generated/test_messages_proto3.rs
src/generated/test_messages_proto3_editions.rs
src/generated/timestamp.rs
src/generated/wrappers.rs
src/internal.rs
src/json.rs
src/lazy.rs
src/lib.rs
src/map.rs
src/message.rs
src/packed.rs
src/prelude.rs
src/proxied.rs
src/repeated.rs
src/rt.rs
src/runtime.rs
src/runtime/arena.rs
src/runtime/array.rs
src/runtime/decode.rs
src/runtime/encode.rs
src/runtime/extension.rs
src/runtime/layout.rs
src/runtime/map.rs
src/runtime/mini_table.rs
src/runtime/reflect.rs
src/string.rs
src/table.rs
src/testdata.rs
src/text.rs
src/wire.rs
v4_tat/Cargo.lock
v4_tat/Cargo.toml
v4_tat/build.rs
v4_tat/src/lib.rs
vendor/google/conformance_fds.bin
