== building native rpc-bench worker against /Users/mingley/dev/pure-protobuf/target (2 jobs) ==
warning: pbrs@0.1.0: wrote conformance descriptor set
warning: pbrs@0.1.0: wrote conformance descriptor set
    Finished `release` profile [optimized] target(s) in 0.22s
================================================================================
Official gRPC QPS Benchmark Scenario Driver & Interop Runner
================================================================================
Scenarios File:     /Users/mingley/dev/pure-protobuf/rpc-bench/scenarios/official.json
Reference Peer:     cpp (v1.85.0-dev (dd51b1c90aaf9b7ee0b07b1d14fa8e3a89132bef))
Driver Binary:      target/interop-cpp/qps_json_driver
Driver SHA-256:     232aa0b777796686fb0a8128ad54d4a797096f63d11de6af83a50c4b33a06410
Driver Source Pin:  d1487957db6658bc532b72871775148229836627
Native Worker SHA: 4f509d00442c5986b42915e6bbcb4a0517b904cabbf80dee34d8a79b2790ad80
Native Source:     3223855d32464debe152411c74a0bd056eb189a1 (dirty=1)
Cargo Target:      /Users/mingley/dev/pure-protobuf/target (2 jobs)
Reference Worker:  /Users/mingley/dev/pure-protobuf/target/interop-cpp/qps_worker sha256:e5c8bfd9c5981b663acac4e578c05be038f95177b0253f2329fe5ea73ca0793e source:d1487957db6658bc532b72871775148229836627
Log Directory:      target/qps-logs/sb10-cpp-n2c
Scenarios Count:    11
Directions:         native_client_to_ref_server

--------------------------------------------------------------------------------
SCENARIO:  protobuf_unary_ping_pong_empty
DIRECTION: native_client_to_ref_server (Server: cpp, Client: native)
PORTS:     Server worker=51072, Client worker=51073
  PASS: protobuf_unary_ping_pong_empty (native_client_to_ref_server)
    I0927 13:59:29.808285 14928530 report.cc:82] QPS: 9909.66
    I0927 13:59:29.808296 14928530 report.cc:92] QPS: 9909.66 (707.833/server core)
    I0927 13:59:29.808335 14928530 report.cc:113] Server CPU usage: 0
--------------------------------------------------------------------------------
SCENARIO:  protobuf_unary_ping_pong_1kb
DIRECTION: native_client_to_ref_server (Server: cpp, Client: native)
PORTS:     Server worker=51123, Client worker=51124
  PASS: protobuf_unary_ping_pong_1kb (native_client_to_ref_server)
    I0927 14:00:05.224642 14929054 report.cc:82] QPS: 10154.8
    I0927 14:00:05.224653 14929054 report.cc:92] QPS: 10154.8 (725.34/server core)
    I0927 14:00:05.224718 14929054 report.cc:113] Server CPU usage: 0
--------------------------------------------------------------------------------
SCENARIO:  protobuf_unary_ping_pong_64kb
DIRECTION: native_client_to_ref_server (Server: cpp, Client: native)
PORTS:     Server worker=51141, Client worker=51142
  PASS: protobuf_unary_ping_pong_64kb (native_client_to_ref_server)
    I0927 14:00:40.645194 14929504 report.cc:82] QPS: 5347.93
    I0927 14:00:40.645205 14929504 report.cc:92] QPS: 5347.93 (381.995/server core)
    I0927 14:00:40.645389 14929504 report.cc:113] Server CPU usage: 0
--------------------------------------------------------------------------------
SCENARIO:  protobuf_streaming_ping_pong_empty
DIRECTION: native_client_to_ref_server (Server: cpp, Client: native)
PORTS:     Server worker=51164, Client worker=51165
  PASS: protobuf_streaming_ping_pong_empty (native_client_to_ref_server)
    I0927 14:01:16.096702 14929882 report.cc:82] QPS: 9785.96
    I0927 14:01:16.096714 14929882 report.cc:92] QPS: 9785.96 (698.997/server core)
    I0927 14:01:16.096807 14929882 report.cc:113] Server CPU usage: 0
--------------------------------------------------------------------------------
SCENARIO:  protobuf_streaming_ping_pong_1kb
DIRECTION: native_client_to_ref_server (Server: cpp, Client: native)
PORTS:     Server worker=51184, Client worker=51185
  PASS: protobuf_streaming_ping_pong_1kb (native_client_to_ref_server)
    I0927 14:01:51.530569 14930559 report.cc:82] QPS: 9567.95
    I0927 14:01:51.530596 14930559 report.cc:92] QPS: 9567.95 (683.425/server core)
    I0927 14:01:51.530658 14930559 report.cc:113] Server CPU usage: 0
--------------------------------------------------------------------------------
SCENARIO:  protobuf_unary_qps_unconstrained_100rpcs
DIRECTION: native_client_to_ref_server (Server: cpp, Client: native)
PORTS:     Server worker=51204, Client worker=51205
  PASS: protobuf_unary_qps_unconstrained_100rpcs (native_client_to_ref_server)
    I0927 14:02:26.974743 14930862 report.cc:82] QPS: 30013.2
    I0927 14:02:26.974761 14930862 report.cc:92] QPS: 30013.2 (2143.8/server core)
    I0927 14:02:26.974847 14930862 report.cc:113] Server CPU usage: 0
--------------------------------------------------------------------------------
SCENARIO:  protobuf_unary_poisson_5000qps
DIRECTION: native_client_to_ref_server (Server: cpp, Client: native)
PORTS:     Server worker=51220, Client worker=51221
  PASS: protobuf_unary_poisson_5000qps (native_client_to_ref_server)
    I0927 14:03:02.488435 14931410 report.cc:82] QPS: 5013.14
    I0927 14:03:02.488450 14931410 report.cc:92] QPS: 5013.14 (358.081/server core)
    I0927 14:03:02.488508 14931410 report.cc:113] Server CPU usage: 0
--------------------------------------------------------------------------------
SCENARIO:  cpp_protobuf_async_unary_ping_pong_insecure
DIRECTION: native_client_to_ref_server (Server: cpp, Client: native)
PORTS:     Server worker=51239, Client worker=51240
  PASS: cpp_protobuf_async_unary_ping_pong_insecure (native_client_to_ref_server)
    I0927 14:03:37.912334 14931767 report.cc:82] QPS: 11963.1
    I0927 14:03:37.912345 14931767 report.cc:92] QPS: 11963.1 (854.51/server core)
    I0927 14:03:37.912428 14931767 report.cc:113] Server CPU usage: 0
--------------------------------------------------------------------------------
SCENARIO:  cpp_protobuf_async_streaming_ping_pong_insecure
DIRECTION: native_client_to_ref_server (Server: cpp, Client: native)
PORTS:     Server worker=51258, Client worker=51259
  PASS: cpp_protobuf_async_streaming_ping_pong_insecure (native_client_to_ref_server)
    I0927 14:04:13.348560 14932148 report.cc:82] QPS: 10196.2
    I0927 14:04:13.348572 14932148 report.cc:92] QPS: 10196.2 (728.299/server core)
    I0927 14:04:13.348612 14932148 report.cc:113] Server CPU usage: 0
--------------------------------------------------------------------------------
SCENARIO:  go_protobuf_sync_unary_ping_pong_insecure
DIRECTION: native_client_to_ref_server (Server: cpp, Client: native)
PORTS:     Server worker=51281, Client worker=51282
./scripts/grpc-qps-interop.sh: line 998: 26512 Abort trap: 6              QPS_WORKERS="127.0.0.1:$s_port,127.0.0.1:$c_port" "$DRIVER_BIN" "${driver_args[@]}" > "$d_log" 2>&1
  FAIL: go_protobuf_sync_unary_ping_pong_insecure (native_client_to_ref_server)
I0927 14:04:13.759249 14932555 test_config.cc:156] test slowdown factor: sanitizer=1, fixture=1, poller=1, total=1
RUNNING SCENARIO: go_protobuf_sync_unary_ping_pong_insecure
I0927 14:04:13.762299 14932555 driver.cc:433] Starting server on 127.0.0.1:51281 (worker #0)
I0927 14:04:13.762325 14932555 config.cc:256] gRPC experiments enabled: call_tracer_in_transport, call_tracer_send_initial_metadata_is_an_annotation, callv3_batch_validation, chaotic_good_framing_layer, chaotic_good_send_supported_features, custom_frame_check, event_engine_callback_cq, event_engine_client, event_engine_for_all_other_endpoints, event_engine_fork, event_engine_listener, header_data_frame, inproc_cancel_stream, message_size_refactoring, monitoring_experiment, optimization_01, optimization_02, optimization_03, optimization_04, ph2_perf_01, promise_batch_cleanup_on_cancel, promise_filter_send_cancel_metadata, return_preexisting_errors, v2_non_owning_waker_implementation, xds_server_filter_chain_per_route
I0927 14:04:13.762483 14932555 lb_policy_registry.cc:45] registering LB policy factory for "priority_experimental"
I0927 14:04:13.762491 14932555 lb_policy_registry.cc:45] registering LB policy factory for "outlier_detection_experimental"
I0927 14:04:13.762494 14932555 lb_policy_registry.cc:45] registering LB policy factory for "weighted_target_experimental"
I0927 14:04:13.762499 14932555 lb_policy_registry.cc:45] registering LB policy factory for "pick_first"
I0927 14:04:13.762503 14932555 lb_policy_registry.cc:45] registering LB policy factory for "round_robin"
I0927 14:04:13.762505 14932555 lb_policy_registry.cc:45] registering LB policy factory for "ring_hash_experimental"
I0927 14:04:13.762508 14932555 lb_policy_registry.cc:45] registering LB policy factory for "weighted_round_robin"
I0927 14:04:13.762528 14932555 lb_policy_registry.cc:45] registering LB policy factory for "grpclb"
I0927 14:04:13.762534 14932555 dns_resolver.cc:572] Using EventEngine dns resolver
I0927 14:04:13.762539 14932555 lb_policy_registry.cc:45] registering LB policy factory for "rls_experimental"
I0927 14:04:13.762568 14932555 lb_policy_registry.cc:45] registering LB policy factory for "xds_cluster_manager_experimental"
I0927 14:04:13.762572 14932555 lb_policy_registry.cc:45] registering LB policy factory for "xds_cluster_impl_experimental"
I0927 14:04:13.762575 14932555 lb_policy_registry.cc:45] registering LB policy factory for "cds_experimental"
I0927 14:04:13.762577 14932555 lb_policy_registry.cc:45] registering LB policy factory for "xds_override_host_experimental"
I0927 14:04:13.762579 14932555 lb_policy_registry.cc:45] registering LB policy factory for "xds_wrr_locality_experimental"
I0927 14:04:13.762582 14932555 certificate_provider_registry.cc:34] registering certificate provider factory for "file_watcher"
I0927 14:04:13.766493 14932555 driver.cc:492] Starting client on 127.0.0.1:51282 (worker #1)
I0927 14:04:13.766533 14932555 driver.cc:519] Client 0 gets 1 channels
E0927 14:04:13.767443 14932555 driver.cc:534] Client 0 did not yield initial status
*** SIGABRT received at time=1790535853 on cpu 4 ***
PC: @        0x18e5bc5e8  (unknown)  __pthread_kill
    @        0x18e601744  (unknown)  _sigtramp
    @        0x18e5f78d8  (unknown)  pthread_kill
    @        0x18e4fd978  (unknown)  abort
    @        0x103321e58  (unknown)  grpc_core::Crash()
    @        0x1029c16e8  (unknown)  grpc::testing::RunScenario()
    @        0x1029c7354  (unknown)  grpc::testing::RunAndReport()
    @        0x1029c6668  (unknown)  main
    @        0x18e22c4e4  (unknown)  start
--------------------------------------------------------------------------------
SCENARIO:  go_protobuf_sync_streaming_ping_pong_insecure
DIRECTION: native_client_to_ref_server (Server: cpp, Client: native)
PORTS:     Server worker=51294, Client worker=51295
./scripts/grpc-qps-interop.sh: line 998: 26528 Abort trap: 6              QPS_WORKERS="127.0.0.1:$s_port,127.0.0.1:$c_port" "$DRIVER_BIN" "${driver_args[@]}" > "$d_log" 2>&1
  FAIL: go_protobuf_sync_streaming_ping_pong_insecure (native_client_to_ref_server)
I0927 14:04:14.089167 14932650 test_config.cc:156] test slowdown factor: sanitizer=1, fixture=1, poller=1, total=1
RUNNING SCENARIO: go_protobuf_sync_streaming_ping_pong_insecure
I0927 14:04:14.092233 14932650 driver.cc:433] Starting server on 127.0.0.1:51294 (worker #0)
I0927 14:04:14.092254 14932650 config.cc:256] gRPC experiments enabled: call_tracer_in_transport, call_tracer_send_initial_metadata_is_an_annotation, callv3_batch_validation, chaotic_good_framing_layer, chaotic_good_send_supported_features, custom_frame_check, event_engine_callback_cq, event_engine_client, event_engine_for_all_other_endpoints, event_engine_fork, event_engine_listener, header_data_frame, inproc_cancel_stream, message_size_refactoring, monitoring_experiment, optimization_01, optimization_02, optimization_03, optimization_04, ph2_perf_01, promise_batch_cleanup_on_cancel, promise_filter_send_cancel_metadata, return_preexisting_errors, v2_non_owning_waker_implementation, xds_server_filter_chain_per_route
I0927 14:04:14.092396 14932650 lb_policy_registry.cc:45] registering LB policy factory for "priority_experimental"
I0927 14:04:14.092402 14932650 lb_policy_registry.cc:45] registering LB policy factory for "outlier_detection_experimental"
I0927 14:04:14.092405 14932650 lb_policy_registry.cc:45] registering LB policy factory for "weighted_target_experimental"
I0927 14:04:14.092409 14932650 lb_policy_registry.cc:45] registering LB policy factory for "pick_first"
I0927 14:04:14.092412 14932650 lb_policy_registry.cc:45] registering LB policy factory for "round_robin"
I0927 14:04:14.092414 14932650 lb_policy_registry.cc:45] registering LB policy factory for "ring_hash_experimental"
I0927 14:04:14.092418 14932650 lb_policy_registry.cc:45] registering LB policy factory for "weighted_round_robin"
I0927 14:04:14.092434 14932650 lb_policy_registry.cc:45] registering LB policy factory for "grpclb"
I0927 14:04:14.092440 14932650 dns_resolver.cc:572] Using EventEngine dns resolver
I0927 14:04:14.092446 14932650 lb_policy_registry.cc:45] registering LB policy factory for "rls_experimental"
I0927 14:04:14.092470 14932650 lb_policy_registry.cc:45] registering LB policy factory for "xds_cluster_manager_experimental"
I0927 14:04:14.092472 14932650 lb_policy_registry.cc:45] registering LB policy factory for "xds_cluster_impl_experimental"
I0927 14:04:14.092475 14932650 lb_policy_registry.cc:45] registering LB policy factory for "cds_experimental"
I0927 14:04:14.092477 14932650 lb_policy_registry.cc:45] registering LB policy factory for "xds_override_host_experimental"
I0927 14:04:14.092479 14932650 lb_policy_registry.cc:45] registering LB policy factory for "xds_wrr_locality_experimental"
I0927 14:04:14.092482 14932650 certificate_provider_registry.cc:34] registering certificate provider factory for "file_watcher"
I0927 14:04:14.096241 14932650 driver.cc:492] Starting client on 127.0.0.1:51295 (worker #1)
I0927 14:04:14.096269 14932650 driver.cc:519] Client 0 gets 1 channels
E0927 14:04:14.097108 14932650 driver.cc:534] Client 0 did not yield initial status
*** SIGABRT received at time=1790535854 on cpu 7 ***
PC: @        0x18e5bc5e8  (unknown)  __pthread_kill
    @        0x18e601744  (unknown)  _sigtramp
    @        0x18e5f78d8  (unknown)  pthread_kill
    @        0x18e4fd978  (unknown)  abort
    @        0x105ac1e58  (unknown)  grpc_core::Crash()
    @        0x1051616e8  (unknown)  grpc::testing::RunScenario()
    @        0x105167354  (unknown)  grpc::testing::RunAndReport()
    @        0x105166668  (unknown)  main
    @        0x18e22c4e4  (unknown)  start

================================================================================
SUMMARY RESULTS MATRIX
================================================================================
Scenario                               Direction                    Status QPS        p50        p99        Server CPU Client CPU
----------------------------------------------------------------------------------------------------------------------------------------
protobuf_unary_ping_pong_empty         native_client_to_ref_server  PASS   9909.7     N/A        N/A        N/A        N/A       
protobuf_unary_ping_pong_1kb           native_client_to_ref_server  PASS   10154.8    N/A        N/A        N/A        N/A       
protobuf_unary_ping_pong_64kb          native_client_to_ref_server  PASS   5347.9     N/A        N/A        N/A        N/A       
protobuf_streaming_ping_pong_empty     native_client_to_ref_server  PASS   9786.0     N/A        N/A        N/A        N/A       
protobuf_streaming_ping_pong_1kb       native_client_to_ref_server  PASS   9568.0     N/A        N/A        N/A        N/A       
protobuf_unary_qps_unconstrained_100rpcs native_client_to_ref_server  PASS   30013.2    N/A        N/A        N/A        N/A       
protobuf_unary_poisson_5000qps         native_client_to_ref_server  PASS   5013.1     N/A        N/A        N/A        N/A       
cpp_protobuf_async_unary_ping_pong_insecure native_client_to_ref_server  PASS   11963.1    N/A        N/A        N/A        N/A       
cpp_protobuf_async_streaming_ping_pong_insecure native_client_to_ref_server  PASS   10196.2    N/A        N/A        N/A        N/A       
go_protobuf_sync_unary_ping_pong_insecure native_client_to_ref_server  FAIL   N/A        N/A        N/A        N/A        N/A       
go_protobuf_sync_streaming_ping_pong_insecure native_client_to_ref_server  FAIL   N/A        N/A        N/A        N/A        N/A       
----------------------------------------------------------------------------------------------------------------------------------------

Summary JSON written to: target/qps-logs/sb10-cpp-n2c/summary.json
Raw integrated-driver ScenarioResult JSON (or upstream C++ QPS-only metrics) saved in: target/qps-logs/sb10-cpp-n2c/
FAIL: one or more benchmark scenarios failed
