   Compiling pbrs v0.2.0 (/workspace/scratch/work/tc29)
   Compiling pbrs-grpc v0.1.0-alpha.2 (/workspace/scratch/work/tc29/pbrs-grpc)
    Finished `test` profile [unoptimized] target(s) in 1m 05s
     Running tests/tonic_service_transport.rs (target/debug/deps/tonic_service_transport-fb9fa08b85c19a6c)

running 12 tests
test grpc_web_policy_is_rejected_before_tonic_readiness ... ok
test forwards_opaque_data_metadata_and_terminal_trailers ... ok
test local_response_body_status_preserves_details_and_metadata ... ok
test native_concurrency_slot_lives_until_body_drain_and_releases_on_reset ... ok
test native_security_interceptor_mutations_and_extensions_reach_tonic_service ... ok
test opaque_native_policies_fail_before_tower_readiness_and_dispatch ... ok
test reset_after_response_headers_drops_pending_body ... ok
test reset_before_response_headers_drops_pending_handler ... ok
test ordinary_tower_layer_retains_generated_service_routing_name ... ok
test deadline_wakes_detached_incoming_body_reader_with_open_upload ... ok
test peer_deadline_covers_response_body_and_drops_producer ... ok
test server_deadline_covers_readiness_and_pending_handler ... ok

test result: ok. 12 passed; 0 failed; 0 ignored; 0 measured; 0 filtered out; finished in 0.06s

     Running tests/tonic_transport.rs (target/debug/deps/tonic_transport-2b5bf58347a7c38b)

running 9 tests
test cancelling_future_before_headers_resets_peer ... ok
test dropping_response_releases_native_rpc_concurrency_slot ... ok
test dropping_response_resets_stalled_peer ... ok
test early_terminal_rejection_preserves_status_details_and_metadata_during_upload ... ok
test tonic_feature_exposes_the_transport_contract ... ok
test preframed_data_and_terminal_trailers_pass_without_codec_changes ... ok
test unsupported_native_security_and_resource_policies_fail_before_dispatch ... ok
test channel_timeout_covers_stream_body_without_polling_and_resets_peer ... ok
test grpc_timeout_covers_headers_and_resets_stream ... ok

test result: ok. 9 passed; 0 failed; 0 ignored; 0 measured; 0 filtered out; finished in 0.04s

