warning: pbrs@0.2.0: wrote conformance descriptor set
    Finished `test` profile [unoptimized] target(s) in 0.08s
     Running tests/rpc.rs (target/debug/deps/rpc-b92adbd7e92e56a7)

running 12 tests
test bidi_round_trip ... ok
test client_stream_aggregates_names ... ok
test concurrent_unary_on_connection_pool ... ok
test connection_pool_spreads_when_peer_stream_cap_is_low ... ok
test failing_rpc_carries_status_details ... ok
test failing_rpc_carries_typed_google_rpc_status ... ok
test failing_rpc_nonzero_grpc_status ... ok
test server_stream_is_a_futures_stream ... ok
test server_stream_splits_name ... ok
test typed_google_rpc_status_after_a_streamed_message ... ok
test typed_google_rpc_status_on_every_call_shape ... ok
test unary_echoes_name ... ok

test result: ok. 12 passed; 0 failed; 0 ignored; 0 measured; 0 filtered out; finished in 0.04s

     Running tests/service_config.rs (target/debug/deps/service_config-59402e133afe0c00)

running 29 tests
test fl07_vec01_rejects_garbage ... ok
test fl07_vec02_requires_object ... ok
test fl07_vec03_method_config_must_be_array ... ok
test fl07_vec04_entry_must_be_object ... ok
test fl07_vec05_name_must_be_array ... ok
test fl07_vec06_method_without_service ... ok
test fl07_vec07_duplicates_rejected ... ok
test fl07_vec08_retry_and_hedging_exclusive ... ok
test fl07_vec09_unknown_fields_ignored ... ok
test fl07_vec10_baseline_policy ... ok
test fl07_vec11_max_attempts_validated ... ok
test fl07_vec12_max_attempts_clamped ... ok
test fl07_vec13_initial_backoff_validated ... ok
test fl07_vec14_max_backoff_validated ... ok
test fl07_vec15_multiplier_validated ... ok
test fl07_vec16_codes_shape_validated ... ok
test fl07_vec17_code_names_validated ... ok
test fl07_vec18_per_attempt_timeout ... ok
test fl07_vec19_throttling_valid ... ok
test fl07_vec20_throttling_validated ... ok
test fl07_vec21_unknown_lb_policy_skips ... ok
test fl07_vec22_precedence_by_specificity ... ok
test fl07_vec23_channel_without_config_has_no_policy ... ok
test fl07_vec23_empty_doc_resolves_nothing ... ok
test invalid_initial_config_fails_the_channel ... ok
test invalid_updates_keep_last_good_and_valid_updates_apply ... ok
test lb_selection_prefers_first_registered ... ok
test lb_selection_skips_unregistered_and_typed ... ok
test snapshot_carries_txt_document ... ok

test result: ok. 29 passed; 0 failed; 0 ignored; 0 measured; 0 filtered out; finished in 1.04s

     Running tests/serving.rs (target/debug/deps/serving-2862396432e2b08e)

running 1100 tests
test a_call_handle_cancels_a_bidi_stream_after_the_sender_closes ... ok
test a_call_handle_cancels_a_bidi_stream_before_headers ... ok
test a_call_handle_cancels_a_live_bidi_stream_after_headers ... ok
test a_call_handle_cancels_a_live_server_stream_after_headers ... ok
test a_call_handle_cancels_client_streaming_after_the_sender_closes ... ok
test a_channel_config_timeout_is_the_default_rpc_deadline ... ok
test a_channel_timeout_expires_when_the_request_omits_one ... ok
test a_client_interceptor_can_clear_the_channel_timeout ... ok
test a_client_interceptor_can_fail_the_rpc_before_the_stream_opens ... ok
test a_client_interceptor_can_gzip_request_streams ... ok
test a_client_interceptor_can_opt_out_of_channel_send_compressed ... ok
test a_client_interceptor_can_opt_out_of_channel_wait_for_ready ... ok
test a_client_interceptor_can_reapply_channel_gzip_after_clear ... ok
test a_client_interceptor_can_reject_with_from_error_details ... ok
test a_client_interceptor_can_reject_with_typed_status_details ... ok
test a_client_interceptor_can_set_a_deadline ... ok
test a_client_interceptor_can_set_compress ... ok
test a_client_interceptor_can_set_wait_for_ready ... ok
test a_client_interceptor_cannot_insert_hop_by_hop_headers ... ok
test a_client_interceptor_cannot_insert_reserved_metadata ... ok
test a_client_interceptor_reads_caller_extensions ... ok
test a_client_interceptor_rejects_reverser_with_from_error_details ... ok
test a_client_interceptor_rejects_reverser_with_typed_status ... ok
test a_client_interceptor_sees_a_deadline_instant ... ok
test a_client_interceptor_sees_channel_overlays_after_clear ... ok
test a_client_interceptor_sees_every_shape_context ... ok
test a_client_interceptor_sees_message_limits ... ok
test a_client_interceptor_sees_reverser_context ... ok
test a_client_interceptor_sees_the_authority ... ok
test a_client_interceptor_sees_the_h2c_scheme ... ok
test a_client_interceptor_sees_the_method_path ... ok
test a_client_interceptor_sees_the_user_agent ... ok
test a_client_interceptor_sees_unix_localhost_authority ... ok
test a_client_interceptor_sets_the_user_agent ... ok
test a_client_reset_drops_the_handler ... ok
test a_dead_channel_fails_fast_when_nothing_is_listening ... ok
test a_dead_channel_redials_the_same_address ... ok
test a_deadline_cancels_a_bidi_stream_after_the_sender_closes ... ok
test a_deadline_cancels_a_bidi_stream_before_headers ... ok
test a_deadline_cancels_a_live_server_stream_after_headers ... ok
test a_deadline_cancels_a_server_stream_before_headers ... ok
test a_deadline_cancels_client_streaming_after_the_sender_closes ... ok
test a_from_io_age_clears_connected ... ok
test a_from_io_channel_config_timeout_is_the_default_rpc_deadline ... ok
test a_from_io_channel_timeout_expires_when_the_request_omits_one ... ok
test a_from_io_client_interceptor_can_clear_the_channel_timeout ... ok
test a_from_io_client_interceptor_can_fail_the_rpc_before_the_stream_opens ... ok
test a_from_io_client_interceptor_can_gzip_request_streams ... ok
test a_from_io_client_interceptor_can_opt_out_of_channel_send_compressed ... ok
test a_from_io_client_interceptor_can_reapply_channel_gzip_after_clear ... ok
test a_from_io_client_interceptor_can_set_a_deadline ... ok
test a_from_io_client_interceptor_can_set_compress ... ok
test a_from_io_client_interceptor_cannot_insert_hop_by_hop_headers ... ok
test a_from_io_client_interceptor_cannot_insert_reserved_metadata ... ok
test a_from_io_client_interceptor_reads_caller_extensions ... ok
test a_from_io_client_interceptor_runs_when_the_call_is_created ... ok
test a_from_io_client_interceptor_sees_a_deadline_instant ... ok
test a_from_io_client_interceptor_sees_channel_overlays_after_clear ... ok
test a_from_io_client_interceptor_sees_message_limits ... ok
test a_from_io_client_interceptor_sees_the_user_agent ... ok
test a_from_io_client_interceptor_sets_the_user_agent ... ok
test a_from_io_client_max_connection_age_cannot_redial ... ok
test a_from_io_generated_server_interceptor_rejects_before_the_handler ... ok
test a_from_io_hand_written_service_serves_without_generated_code ... ok
test a_from_io_handler_can_opt_out_of_server_send_compressed ... ok
test a_from_io_handler_deadline_is_an_instant_that_elapses ... ok
test a_from_io_handler_sees_gzip_headers_and_the_unary_compressed_flag ... ok
test a_from_io_handler_sees_the_interceptor_deadline_on_request ... ok
test a_from_io_interceptor_can_attach_typed_state_the_handler_reads ... ok
test a_from_io_prefixed_user_agent_is_sent ... ok
test a_from_io_request_can_opt_out_of_channel_send_compressed ... ok
test a_from_io_request_sets_the_user_agent ... ok
test a_from_io_request_timeout_wins_over_the_channel_default ... ok
test a_from_io_router_dispatches_between_two_services ... ok
test a_from_io_router_serves_the_last_mount_of_a_service ... ok
test a_from_io_server_interceptor_can_tighten_the_deadline ... ok
test a_from_io_server_interceptor_cannot_extend_the_client_deadline ... ok
test a_from_io_server_interceptor_injects_metadata_the_handler_sees ... ok
test a_from_io_server_interceptor_retains_a_subset_of_metadata ... ok
test a_from_io_server_interceptor_sees_a_missing_deadline ... ok
test a_from_io_server_interceptor_sees_the_client_deadline ... ok
test a_from_io_server_interceptor_strips_metadata_before_the_handler ... ok
test a_from_io_server_timeout_caps_a_longer_client_deadline ... ok
test a_from_io_server_timeout_expires_when_the_client_sends_none ... ok
test a_from_io_wrapping_service_can_reject_before_the_body_is_read ... ok
test a_generated_handler_sees_authority_scheme_and_parts ... ok
test a_generated_handler_sees_from_io_https_scheme ... ok
test a_generated_handler_sees_from_io_identity ... ok
test a_generated_handler_sees_unix_peer_cred ... ok
test a_generated_server_interceptor_rejects_before_the_handler ... ok
test a_hand_written_service_serves_without_generated_code ... ok
test a_handler_can_opt_out_of_server_send_compressed ... ok
test a_handler_deadline_is_an_instant_that_elapses ... ok
test a_handler_sees_gzip_headers_and_the_unary_compressed_flag ... ok
test a_handler_sees_the_interceptor_deadline_on_request ... ok
test a_handler_that_ignores_its_request_stream_still_answers ... ok
test a_lazy_channel_is_not_connected ... ok
test a_mute_mtls_peer_does_not_stop_the_server_serving ... ok
test a_mute_tcp_peer_does_not_stop_the_server_serving ... ok
test a_mute_tls_peer_does_not_stop_the_server_serving ... ok
test a_mute_unix_peer_does_not_stop_the_server_serving ... ok
test a_prefixed_user_agent_is_sent ... ok
test a_request_can_opt_out_of_channel_send_compressed ... ok
test a_request_sets_the_user_agent ... ok
test a_request_timeout_wins_over_the_channel_default ... ok
test a_reverser_client_interceptor_can_fail_the_rpc_before_the_stream_opens ... ok
test a_reverser_client_interceptor_can_opt_out_of_channel_wait_for_ready ... ok
test a_reverser_client_interceptor_can_reapply_channel_gzip_after_clear ... ok
test a_reverser_client_interceptor_can_set_wait_for_ready ... ok
test a_reverser_client_interceptor_cannot_insert_hop_by_hop_headers ... ok
test a_reverser_client_interceptor_cannot_insert_reserved_metadata ... ok
test a_reverser_client_interceptor_reads_caller_extensions ... ok
test a_reverser_client_interceptor_sees_channel_overlays_after_clear ... ok
test a_reverser_client_interceptor_sees_message_limits ... ok
test a_reverser_client_interceptor_sees_the_user_agent ... ok
test a_reverser_client_interceptor_sets_the_user_agent ... ok
test a_reverser_from_io_client_interceptor_can_fail_the_rpc_before_the_stream_opens ... ok
test a_reverser_from_io_client_interceptor_can_reapply_channel_gzip_after_clear ... ok
test a_reverser_from_io_client_interceptor_cannot_insert_hop_by_hop_headers ... ok
test a_reverser_from_io_client_interceptor_cannot_insert_reserved_metadata ... ok
test a_reverser_from_io_client_interceptor_reads_caller_extensions ... ok
test a_reverser_from_io_client_interceptor_runs_when_the_call_is_created ... ok
test a_reverser_from_io_client_interceptor_sees_channel_overlays_after_clear ... ok
test a_reverser_from_io_client_interceptor_sees_message_limits ... ok
test a_reverser_from_io_client_interceptor_sees_the_user_agent ... ok
test a_reverser_from_io_client_interceptor_sets_the_user_agent ... ok
test a_reverser_mtls_client_interceptor_can_fail_the_rpc_before_the_stream_opens ... ok
test a_reverser_mtls_client_interceptor_can_opt_out_of_channel_wait_for_ready ... ok
test a_reverser_mtls_client_interceptor_can_reapply_channel_gzip_after_clear ... ok
test a_reverser_mtls_client_interceptor_can_set_wait_for_ready ... ok
test a_reverser_mtls_client_interceptor_cannot_insert_hop_by_hop_headers ... ok
test a_reverser_mtls_client_interceptor_cannot_insert_reserved_metadata ... ok
test a_reverser_mtls_client_interceptor_reads_caller_extensions ... ok
test a_reverser_mtls_client_interceptor_runs_when_the_call_is_created ... ok
test a_reverser_mtls_client_interceptor_sees_channel_overlays_after_clear ... ok
test a_reverser_mtls_client_interceptor_sees_message_limits ... ok
test a_reverser_mtls_client_interceptor_sees_the_user_agent ... ok
test a_reverser_mtls_client_interceptor_sets_the_user_agent ... ok
test a_reverser_tls_client_interceptor_can_fail_the_rpc_before_the_stream_opens ... ok
test a_reverser_tls_client_interceptor_can_opt_out_of_channel_wait_for_ready ... ok
test a_reverser_tls_client_interceptor_can_reapply_channel_gzip_after_clear ... ok
test a_reverser_tls_client_interceptor_can_set_wait_for_ready ... ok
test a_reverser_tls_client_interceptor_cannot_insert_hop_by_hop_headers ... ok
test a_reverser_tls_client_interceptor_cannot_insert_reserved_metadata ... ok
test a_reverser_tls_client_interceptor_reads_caller_extensions ... ok
test a_reverser_tls_client_interceptor_runs_when_the_call_is_created ... ok
test a_reverser_tls_client_interceptor_sees_channel_overlays_after_clear ... ok
test a_reverser_tls_client_interceptor_sees_message_limits ... ok
test a_reverser_tls_client_interceptor_sees_the_user_agent ... ok
test a_reverser_tls_client_interceptor_sets_the_user_agent ... ok
test a_reverser_unix_client_interceptor_can_fail_the_rpc_before_the_stream_opens ... ok
test a_reverser_unix_client_interceptor_can_opt_out_of_channel_wait_for_ready ... ok
test a_reverser_unix_client_interceptor_can_reapply_channel_gzip_after_clear ... ok
test a_reverser_unix_client_interceptor_can_set_wait_for_ready ... ok
test a_reverser_unix_client_interceptor_cannot_insert_hop_by_hop_headers ... ok
test a_reverser_unix_client_interceptor_cannot_insert_reserved_metadata ... ok
test a_reverser_unix_client_interceptor_reads_caller_extensions ... ok
test a_reverser_unix_client_interceptor_runs_when_the_call_is_created ... ok
test a_reverser_unix_client_interceptor_sees_channel_overlays_after_clear ... ok
test a_reverser_unix_client_interceptor_sees_message_limits ... ok
test a_reverser_unix_client_interceptor_sees_the_user_agent ... ok
test a_reverser_unix_client_interceptor_sets_the_user_agent ... ok
test a_router_dispatches_between_two_services ... ok
test a_router_serves_the_last_mount_of_a_service ... ok
test a_server_interceptor_can_reject_with_from_error_details ... ok
test a_server_interceptor_can_reject_with_typed_status_details ... ok
test a_server_interceptor_can_tighten_the_deadline ... ok
test a_server_interceptor_cannot_extend_the_client_deadline ... ok
test a_server_interceptor_injects_metadata_the_handler_sees ... ok
test a_server_interceptor_retains_a_subset_of_metadata ... ok
test a_server_interceptor_sees_a_missing_deadline ... ok
test a_server_interceptor_sees_the_authority ... ok
test a_server_interceptor_sees_the_client_deadline ... ok
test a_server_interceptor_strips_metadata_before_the_handler ... ok
test a_server_timeout_caps_a_longer_client_deadline ... ok
test a_server_timeout_expires_when_the_client_sends_none ... ok
test a_streaming_producer_is_not_cancelled_when_the_handler_returns ... ok
test a_test_client_interceptor_can_fail_the_rpc_before_the_stream_opens ... ok
test a_test_client_interceptor_can_opt_out_of_channel_wait_for_ready ... ok
test a_test_client_interceptor_can_reapply_channel_gzip_after_clear ... ok
test a_test_client_interceptor_can_set_wait_for_ready ... ok
test a_test_client_interceptor_cannot_insert_hop_by_hop_headers ... ok
test a_test_client_interceptor_cannot_insert_reserved_metadata ... ok
test a_test_client_interceptor_reads_caller_extensions ... ok
test a_test_client_interceptor_sees_channel_overlays_after_clear ... ok
test a_test_client_interceptor_sees_message_limits ... ok
test a_test_client_interceptor_sees_the_user_agent ... ok
test a_test_client_interceptor_sets_the_user_agent ... ok
test a_test_from_io_client_interceptor_can_fail_the_rpc_before_the_stream_opens ... ok
test a_test_from_io_client_interceptor_can_reapply_channel_gzip_after_clear ... ok
test a_test_from_io_client_interceptor_cannot_insert_hop_by_hop_headers ... ok
test a_test_from_io_client_interceptor_cannot_insert_reserved_metadata ... ok
test a_test_from_io_client_interceptor_reads_caller_extensions ... ok
test a_test_from_io_client_interceptor_runs_when_the_call_is_created ... ok
test a_test_from_io_client_interceptor_sees_channel_overlays_after_clear ... ok
test a_test_from_io_client_interceptor_sees_message_limits ... ok
test a_test_from_io_client_interceptor_sees_the_user_agent ... ok
test a_test_from_io_client_interceptor_sets_the_user_agent ... ok
test a_test_mtls_client_interceptor_can_fail_the_rpc_before_the_stream_opens ... ok
test a_test_mtls_client_interceptor_can_opt_out_of_channel_wait_for_ready ... ok
test a_test_mtls_client_interceptor_can_reapply_channel_gzip_after_clear ... ok
test a_test_mtls_client_interceptor_can_set_wait_for_ready ... ok
test a_test_mtls_client_interceptor_cannot_insert_hop_by_hop_headers ... ok
test a_test_mtls_client_interceptor_cannot_insert_reserved_metadata ... ok
test a_test_mtls_client_interceptor_reads_caller_extensions ... ok
test a_test_mtls_client_interceptor_runs_when_the_call_is_created ... ok
test a_test_mtls_client_interceptor_sees_channel_overlays_after_clear ... ok
test a_test_mtls_client_interceptor_sees_message_limits ... ok
test a_test_mtls_client_interceptor_sees_the_user_agent ... ok
test a_test_mtls_client_interceptor_sets_the_user_agent ... ok
test a_test_tls_client_interceptor_can_fail_the_rpc_before_the_stream_opens ... ok
test a_test_tls_client_interceptor_can_opt_out_of_channel_wait_for_ready ... ok
test a_test_tls_client_interceptor_can_reapply_channel_gzip_after_clear ... ok
test a_test_tls_client_interceptor_can_set_wait_for_ready ... ok
test a_test_tls_client_interceptor_cannot_insert_hop_by_hop_headers ... ok
test a_test_tls_client_interceptor_cannot_insert_reserved_metadata ... ok
test a_test_tls_client_interceptor_reads_caller_extensions ... ok
test a_test_tls_client_interceptor_runs_when_the_call_is_created ... ok
test a_test_tls_client_interceptor_sees_channel_overlays_after_clear ... ok
test a_test_tls_client_interceptor_sees_message_limits ... ok
test a_test_tls_client_interceptor_sees_the_user_agent ... ok
test a_test_tls_client_interceptor_sets_the_user_agent ... ok
test a_test_unix_client_interceptor_can_fail_the_rpc_before_the_stream_opens ... ok
test a_test_unix_client_interceptor_can_opt_out_of_channel_wait_for_ready ... ok
test a_test_unix_client_interceptor_can_reapply_channel_gzip_after_clear ... ok
test a_test_unix_client_interceptor_can_set_wait_for_ready ... ok
test a_test_unix_client_interceptor_cannot_insert_hop_by_hop_headers ... ok
test a_test_unix_client_interceptor_cannot_insert_reserved_metadata ... ok
test a_test_unix_client_interceptor_reads_caller_extensions ... ok
test a_test_unix_client_interceptor_runs_when_the_call_is_created ... ok
test a_test_unix_client_interceptor_sees_channel_overlays_after_clear ... ok
test a_test_unix_client_interceptor_sees_message_limits ... ok
test a_test_unix_client_interceptor_sees_the_user_agent ... ok
test a_test_unix_client_interceptor_sets_the_user_agent ... ok
test a_tls_channel_config_timeout_is_the_default_rpc_deadline ... ok
test a_tls_channel_timeout_expires_when_the_request_omits_one ... ok
test a_tls_client_interceptor_can_clear_the_channel_timeout ... ok
test a_tls_client_interceptor_can_fail_the_rpc_before_the_stream_opens ... ok
test a_tls_client_interceptor_can_gzip_request_streams ... ok
test a_tls_client_interceptor_can_opt_out_of_channel_send_compressed ... ok
test a_tls_client_interceptor_can_opt_out_of_channel_wait_for_ready ... ok
test a_tls_client_interceptor_can_reapply_channel_gzip_after_clear ... ok
test a_tls_client_interceptor_can_set_a_deadline ... ok
test a_tls_client_interceptor_can_set_compress ... ok
test a_tls_client_interceptor_can_set_wait_for_ready ... ok
test a_tls_client_interceptor_cannot_insert_hop_by_hop_headers ... ok
test a_tls_client_interceptor_cannot_insert_reserved_metadata ... ok
test a_tls_client_interceptor_reads_caller_extensions ... ok
test a_tls_client_interceptor_runs_when_the_call_is_created ... ok
test a_tls_client_interceptor_sees_a_deadline_instant ... ok
test a_tls_client_interceptor_sees_channel_overlays_after_clear ... ok
test a_tls_client_interceptor_sees_message_limits ... ok
test a_tls_client_interceptor_sees_the_user_agent ... ok
test a_tls_client_interceptor_sets_the_user_agent ... ok
test a_tls_client_max_connection_age_closes_the_socket ... ok
test a_tls_generated_server_interceptor_rejects_before_the_handler ... ok
test a_tls_hand_written_service_serves_without_generated_code ... ok
test a_tls_handler_can_opt_out_of_server_send_compressed ... ok
test a_tls_handler_deadline_is_an_instant_that_elapses ... ok
test a_tls_handler_sees_gzip_headers_and_the_unary_compressed_flag ... ok
test a_tls_handler_sees_the_interceptor_deadline_on_request ... ok
test a_tls_interceptor_can_attach_typed_state_the_handler_reads ... ok
test a_tls_prefixed_user_agent_is_sent ... ok
test a_tls_request_can_opt_out_of_channel_send_compressed ... ok
test a_tls_request_sets_the_user_agent ... ok
test a_tls_request_timeout_wins_over_the_channel_default ... ok
test a_tls_router_dispatches_between_two_services ... ok
test a_tls_router_serves_the_last_mount_of_a_service ... ok
test a_tls_server_interceptor_can_tighten_the_deadline ... ok
test a_tls_server_interceptor_cannot_extend_the_client_deadline ... ok
test a_tls_server_interceptor_injects_metadata_the_handler_sees ... ok
test a_tls_server_interceptor_retains_a_subset_of_metadata ... ok
test a_tls_server_interceptor_sees_a_missing_deadline ... ok
test a_tls_server_interceptor_sees_the_client_deadline ... ok
test a_tls_server_interceptor_strips_metadata_before_the_handler ... ok
test a_tls_server_timeout_caps_a_longer_client_deadline ... ok
test a_tls_server_timeout_expires_when_the_client_sends_none ... ok
test a_tls_wrapping_service_can_reject_before_the_body_is_read ... ok
test a_unix_channel_config_timeout_is_the_default_rpc_deadline ... ok
test a_unix_channel_timeout_expires_when_the_request_omits_one ... ok
test a_unix_client_interceptor_can_clear_the_channel_timeout ... ok
test a_unix_client_interceptor_can_fail_the_rpc_before_the_stream_opens ... ok
test a_unix_client_interceptor_can_gzip_request_streams ... ok
test a_unix_client_interceptor_can_opt_out_of_channel_send_compressed ... ok
test a_unix_client_interceptor_can_opt_out_of_channel_wait_for_ready ... ok
test a_unix_client_interceptor_can_reapply_channel_gzip_after_clear ... ok
test a_unix_client_interceptor_can_set_a_deadline ... ok
test a_unix_client_interceptor_can_set_compress ... ok
test a_unix_client_interceptor_can_set_wait_for_ready ... ok
test a_unix_client_interceptor_cannot_insert_hop_by_hop_headers ... ok
test a_unix_client_interceptor_cannot_insert_reserved_metadata ... ok
test a_unix_client_interceptor_reads_caller_extensions ... ok
test a_unix_client_interceptor_runs_when_the_call_is_created ... ok
test a_unix_client_interceptor_sees_a_deadline_instant ... ok
test a_unix_client_interceptor_sees_channel_overlays_after_clear ... ok
test a_unix_client_interceptor_sees_message_limits ... ok
test a_unix_client_interceptor_sees_the_user_agent ... ok
test a_unix_client_interceptor_sets_the_user_agent ... ok
test a_unix_generated_server_interceptor_rejects_before_the_handler ... ok
test a_unix_hand_written_service_serves_without_generated_code ... ok
test a_unix_handler_can_opt_out_of_server_send_compressed ... ok
test a_unix_handler_deadline_is_an_instant_that_elapses ... ok
test a_unix_handler_sees_gzip_headers_and_the_unary_compressed_flag ... ok
test a_unix_handler_sees_the_interceptor_deadline_on_request ... ok
test a_unix_interceptor_can_attach_typed_state_the_handler_reads ... ok
test a_unix_prefixed_user_agent_is_sent ... ok
test a_unix_request_can_opt_out_of_channel_send_compressed ... ok
test a_unix_request_timeout_wins_over_the_channel_default ... ok
test a_unix_router_dispatches_between_two_services ... ok
test a_unix_router_serves_the_last_mount_of_a_service ... ok
test a_unix_server_interceptor_can_tighten_the_deadline ... ok
test a_unix_server_interceptor_cannot_extend_the_client_deadline ... ok
test a_unix_server_interceptor_injects_metadata_the_handler_sees ... ok
test a_unix_server_interceptor_retains_a_subset_of_metadata ... ok
test a_unix_server_interceptor_sees_a_missing_deadline ... ok
test a_unix_server_interceptor_sees_the_client_deadline ... ok
test a_unix_server_interceptor_strips_metadata_before_the_handler ... ok
test a_unix_server_timeout_caps_a_longer_client_deadline ... ok
test a_unix_server_timeout_expires_when_the_client_sends_none ... ok
test a_unix_wrapping_service_can_reject_before_the_body_is_read ... ok
test a_wrapping_service_can_reject_before_the_body_is_read ... ok
test add_optional_service_none_does_not_replace ... ok
test add_optional_service_none_is_a_noop ... ok
test add_optional_service_none_leaves_that_service_unimplemented ... ok
test add_optional_service_some_mounts ... ok
test add_optional_service_some_mounts_and_dispatches ... ok
test an_expired_deadline_is_never_a_clean_end_of_stream ... ok
test an_interceptor_can_attach_typed_state_the_handler_reads ... ok
test an_interceptor_user_agent_wins_over_the_request ... ok
test an_mtls_channel_config_timeout_is_the_default_rpc_deadline ... ok
test an_mtls_channel_timeout_expires_when_the_request_omits_one ... ok
test an_mtls_client_interceptor_can_clear_the_channel_timeout ... ok
test an_mtls_client_interceptor_can_fail_the_rpc_before_the_stream_opens ... ok
test an_mtls_client_interceptor_can_gzip_request_streams ... ok
test an_mtls_client_interceptor_can_opt_out_of_channel_send_compressed ... ok
test an_mtls_client_interceptor_can_opt_out_of_channel_wait_for_ready ... ok
test an_mtls_client_interceptor_can_reapply_channel_gzip_after_clear ... ok
test an_mtls_client_interceptor_can_set_a_deadline ... ok
test an_mtls_client_interceptor_can_set_compress ... ok
test an_mtls_client_interceptor_can_set_wait_for_ready ... ok
test an_mtls_client_interceptor_cannot_insert_hop_by_hop_headers ... ok
test an_mtls_client_interceptor_cannot_insert_reserved_metadata ... ok
test an_mtls_client_interceptor_reads_caller_extensions ... ok
test an_mtls_client_interceptor_runs_when_the_call_is_created ... ok
test an_mtls_client_interceptor_sees_a_deadline_instant ... ok
test an_mtls_client_interceptor_sees_channel_overlays_after_clear ... ok
test an_mtls_client_interceptor_sees_message_limits ... ok
test an_mtls_client_interceptor_sees_the_user_agent ... ok
test an_mtls_client_interceptor_sets_the_user_agent ... ok
test an_mtls_generated_server_interceptor_rejects_before_the_handler ... ok
test an_mtls_hand_written_service_serves_without_generated_code ... ok
test an_mtls_handler_can_opt_out_of_server_send_compressed ... ok
test an_mtls_handler_deadline_is_an_instant_that_elapses ... ok
test an_mtls_handler_sees_gzip_headers_and_the_unary_compressed_flag ... ok
test an_mtls_handler_sees_the_interceptor_deadline_on_request ... ok
test an_mtls_interceptor_can_attach_typed_state_the_handler_reads ... ok
test an_mtls_prefixed_user_agent_is_sent ... ok
test an_mtls_request_can_opt_out_of_channel_send_compressed ... ok
test an_mtls_request_timeout_wins_over_the_channel_default ... ok
test an_mtls_router_dispatches_between_two_services ... ok
test an_mtls_router_serves_the_last_mount_of_a_service ... ok
test an_mtls_server_interceptor_can_tighten_the_deadline ... ok
test an_mtls_server_interceptor_cannot_extend_the_client_deadline ... ok
test an_mtls_server_interceptor_injects_metadata_the_handler_sees ... ok
test an_mtls_server_interceptor_retains_a_subset_of_metadata ... ok
test an_mtls_server_interceptor_sees_a_missing_deadline ... ok
test an_mtls_server_interceptor_sees_the_client_deadline ... ok
test an_mtls_server_interceptor_strips_metadata_before_the_handler ... ok
test an_mtls_server_timeout_caps_a_longer_client_deadline ... ok
test an_mtls_server_timeout_expires_when_the_client_sends_none ... ok
test an_mtls_wrapping_service_can_reject_before_the_body_is_read ... ok
test ascii_wins_over_mismatched_packed_on_every_shape ... ok
test cancel_after_begin_is_cancelled_not_ok ... ok
test channel_call_apis_document_hand_written_services ... ok
test channel_call_message_caps_are_resource_exhausted ... ok
test channel_config_accept_compressed_false_omits_gzip ... ok
test channel_config_connect_timeout_documents_every_call_shape ... ok
test channel_config_documents_with_default_service_config ... ok
test channel_config_gzip_compression_level_still_gzips_every_shape ... ok
test channel_config_header_list_cap_refuses_oversize_response_metadata ... ok
test channel_config_max_concurrent_rpcs_refuses_extras ... ok
test channel_config_max_connection_idle_documents_with_idle_timeout ... ok
test channel_config_message_caps_are_resource_exhausted ... ok
test channel_connect_lazy_documents_with_context_dialer ... ok
test channel_connect_tls_documents_with_insecure ... ok
test channel_connect_with_documents_with_connect_params ... ok
test channel_connected_after_eager_connect ... ok
test channel_documents_with_default_call_options ... ok
test channel_documents_with_max_call_attempts ... ok
test channel_documents_with_no_proxy ... ok
test channel_on_response_err_after_peer_ok ... ok
test channel_on_response_err_from_error_details_after_peer_ok ... ok
test channel_on_response_every_greeter_shape ... ok
test channel_on_response_inserts_local_extension_after_receive ... ok
test channel_on_response_skips_non_ok ... ok
test channel_on_response_stack_is_first_registered_first ... ok
test channel_origin_documents_with_authority ... ok
test channel_send_compressed_documents_with_compressor ... ok
test channel_wait_for_ready_completes_once_the_server_listens ... ok
test client_data_frame_budget_still_serves_every_shape ... ok
test client_extra_rpcs_are_refused_when_the_channel_cap_is_hit ... ok
test client_frame_settings_still_serve_every_shape ... ok
test client_header_table_still_serves_every_shape ... ok
test client_idle_clears_connected ... ok
test client_idle_holds_a_server_stream ... ok
test client_interceptor_documents_with_unary_interceptor ... ok
test client_interceptors_run_when_the_call_is_created ... ok
test client_interceptors_stack_and_share_extensions ... ok
test client_local_error_reset_still_serves_every_shape ... ok
test client_max_connection_age_closes_the_socket ... ok
test client_max_connection_age_lets_in_flight_rpcs_finish ... ok
test client_max_connection_age_resets_a_delayed_stream ... ok
test client_max_connection_idle_closes_the_socket ... ok
test client_max_connection_idle_lets_in_flight_rpcs_finish ... ok
test client_pending_reset_still_serves_every_shape ... ok
test client_reset_stream_duration_still_serves_every_shape ... ok
test client_reset_stream_memory_still_serves_every_shape ... ok
test client_rpc_cap_holds_a_server_stream_until_drop ... ok
test client_rpc_cap_is_shared_across_clones ... ok
test client_rpc_cap_releases_after_the_call_finishes ... ok
test client_send_buffer_still_serves_every_shape ... ok
test client_tls_ca_documents_assume_http2 ... ok
test client_tls_documents_with_per_rpc_credentials ... ok
test client_tls_webpki_documents_tls_config_with_verifier ... ok
test client_window_settings_still_serve_every_shape ... ok
test config_flows_from_the_generated_server_to_the_router ... ok
test connect_lazy_fails_fast_when_nothing_is_listening ... ok
test connect_times_out_when_the_peer_never_speaks_http2 ... ok
test connect_to_a_closed_port_fails_fast ... ok
test connection_pool_is_refused_when_the_cap_is_hit ... ok
test data_frame_budget_config_and_router_still_serve_every_shape ... ok
test data_frame_budget_still_serves_every_shape ... ok
test deflate_codec_round_trips_both_directions_every_shape ... ok
test dropping_a_bidi_stream_cancels_a_waiting_producer ... ok
test dropping_a_call_cancels_client_streaming_after_the_sender_closes ... ok
test dropping_a_call_drops_the_handler ... ok
test dropping_a_server_stream_cancels_a_waiting_producer ... ok
test dropping_the_client_does_not_kill_a_live_stream ... ok
test encode_config_flows_from_the_generated_server_to_the_router ... ok
test extra_connections_are_refused_when_the_cap_is_hit ... ok
test extra_rpcs_are_refused_when_the_process_cap_is_hit ... ok
test extra_rpcs_do_not_wait_when_client_stream_settings_do_not_serialize ... ok
test extra_rpcs_wait_when_the_stream_cap_config_and_router_are_hit ... ok
test extra_rpcs_wait_when_the_stream_cap_is_hit ... ok
test failing_a_bidi_stream_after_headers_is_cancelled_not_that_status ... ok
test failing_a_bidi_stream_before_headers_is_that_status_not_unavailable ... ok
test failing_a_client_stream_after_a_message_is_that_status_not_internal ... ok
test frame_size_config_and_router_still_serve_every_shape ... ok
test frame_size_still_serves_every_shape ... ok
test from_error_details_after_a_streamed_message ... ok
test from_io_add_optional_service_none_leaves_that_service_unimplemented ... ok
test from_io_an_expired_deadline_is_never_a_clean_end_of_stream ... ok
test from_io_ascii_wins_over_mismatched_packed_on_every_shape ... ok
test from_io_authority_is_visible_to_interceptors ... ok
test from_io_call_handle_cancels_streams ... ok
test from_io_cancel_after_begin_is_cancelled_not_ok ... ok
test from_io_cannot_redial ... ok
test from_io_channel_call_message_caps_are_resource_exhausted ... ok
test from_io_channel_config_header_list_cap_refuses_oversize_response_metadata ... ok
test from_io_channel_config_message_caps_are_resource_exhausted ... ok
test from_io_client_data_frame_budget_still_serves_every_shape ... ok
test from_io_client_extra_rpcs_are_refused_when_the_channel_cap_is_hit ... ok
test from_io_client_frame_settings_still_serve_every_shape ... ok
test from_io_client_gzips_when_configured ... ok
test from_io_client_header_table_still_serves_every_shape ... ok
test from_io_client_idle_holds_a_server_stream ... ok
test from_io_client_interceptor_rejects_with_typed_status ... ok
test from_io_client_interceptor_sees_every_shape_context ... ok
test from_io_client_interceptors_stack_and_share_extensions ... ok
test from_io_client_local_error_reset_still_serves_every_shape ... ok
test from_io_client_max_connection_idle_lets_in_flight_rpcs_finish ... ok
test from_io_client_message_caps_are_resource_exhausted ... ok
test from_io_client_pending_reset_still_serves_every_shape ... ok
test from_io_client_reset_stream_duration_still_serves_every_shape ... ok
test from_io_client_reset_stream_memory_still_serves_every_shape ... ok
test from_io_client_send_buffer_still_serves_every_shape ... ok
test from_io_client_window_settings_still_serve_every_shape ... ok
test from_io_config_flows_from_the_generated_server_to_the_router ... ok
test from_io_data_frame_budget_still_serves_every_shape ... ok
test from_io_deadline_rsts_streams_before_and_after_headers ... ok
test from_io_dropping_a_received_stream_cancels_a_waiting_producer ... ok
test from_io_dropping_the_client_does_not_kill_a_live_stream ... ok
test from_io_encode_config_flows_from_the_generated_server_to_the_router ... ok
test from_io_extra_rpcs_are_refused_when_the_process_cap_is_hit ... ok
test from_io_extra_rpcs_do_not_wait_when_client_stream_settings_do_not_serialize ... ok
test from_io_extra_rpcs_wait_when_the_stream_cap_config_and_router_are_hit ... ok
test from_io_extra_rpcs_wait_when_the_stream_cap_is_hit ... ok
test from_io_failing_a_request_stream_is_that_status_or_cancelled ... ok
test from_io_frame_size_config_and_router_still_serve_every_shape ... ok
test from_io_frame_size_still_serves_every_shape ... ok
test from_io_generated_server_interceptors_stack_in_declaration_order ... ok
test from_io_gzip_compression_level_still_gzips_every_shape ... ok
test from_io_handler_that_ignores_its_request_stream_still_answers ... ok
test from_io_handlers_return_typed_status_on_every_shape ... ok
test from_io_hanging_handler_drops_on_call_drop_and_reset ... ok
test from_io_header_list_cap_refuses_oversize_metadata ... ok
test from_io_header_list_config_and_router_refuse_oversize_metadata ... ok
test from_io_header_table_size_still_serves_every_shape ... ok
test from_io_https_scheme_is_visible_to_interceptors ... ok
test from_io_identity_streaming_send_does_not_advertise_gzip ... ok
test from_io_idle_close_cannot_redial ... ok
test from_io_intercept_on_a_generated_server_survives_add_service ... ok
test from_io_interceptor_rejects_with_typed_status ... ok
test from_io_interceptors_and_handlers_see_message_limits ... ok
test from_io_interceptors_and_handlers_see_the_method_path ... ok
test from_io_interceptors_and_handlers_see_the_server_timeout_overlay ... ok
test from_io_keepalive_still_serves ... ok
test from_io_local_address_is_skipped ... ok
test from_io_local_error_reset_cap_still_serves_every_shape ... ok
test from_io_max_connection_age_lets_in_flight_rpcs_finish ... ok
test from_io_max_connection_idle_lets_in_flight_rpcs_finish ... ok
test from_io_message_limits_setter_is_resource_exhausted ... ok
test from_io_metadata_cannot_override_the_kernel_user_agent ... ok
test from_io_official_compressed_interop_cases_pass_against_the_kernel_server ... ok
test from_io_official_uncompressed_interop_cases_pass_against_the_kernel_server ... ok
test from_io_ok_path_custom_bin_trailers_not_headers ... ok
test from_io_origin_replaces_the_constructor_authority ... ok
test from_io_outbound_rpcs_send_a_kernel_user_agent ... ok
test from_io_pending_reset_cap_still_serves_every_shape ... ok
test from_io_pending_reset_config_and_router_still_serve_every_shape ... ok
test from_io_pool_config_is_still_one_duplex ... ok
test from_io_raw_status_details_round_trip ... ok
test from_io_reset_stream_duration_still_serves_every_shape ... ok
test from_io_reset_stream_memory_still_serves_every_shape ... ok
test from_io_retry_info_is_status_retry_delay ... ok
test from_io_reverser_frame_size_still_serves_every_shape ... ok
test from_io_reverser_header_list_cap_refuses_oversize_metadata ... ok
test from_io_reverser_pending_reset_still_serves_every_shape ... ok
test from_io_reverser_pool_config_is_still_one_duplex ... ok
test from_io_reverser_send_buffer_still_serves_every_shape ... ok
test from_io_reverser_window_size_still_serves_every_shape ... ok
test from_io_round_trips_without_tcp ... ok
test from_io_router_interceptors_stack_in_declaration_order ... ok
test from_io_send_buffer_config_and_router_still_serve_every_shape ... ok
test from_io_send_buffer_still_serves_every_shape ... ok
test from_io_send_compressed_gzips_every_shape ... ok
test from_io_server_accept_compressed_false_refuses_gzip ... ok
test from_io_server_gzips_when_configured_and_the_client_accepts ... ok
test from_io_server_message_limits_encode_is_resource_exhausted ... ok
test from_io_server_message_limits_is_resource_exhausted ... ok
test from_io_service_ext_intercept_wraps_a_hand_written_service ... ok
test from_io_service_ext_interceptors_stack_in_declaration_order ... ok
test from_io_spawned_work_stops_when_the_client_cancels ... ok
test from_io_spawned_work_stops_when_the_deadline_fires ... ok
test from_io_spawned_work_stops_when_the_rpc_completes ... ok
test from_io_streaming_producer_is_not_cancelled_when_the_handler_returns ... ok
test from_io_streaming_trailers_surface_a_trailing_status ... ok
test from_io_test_service_pending_reset_still_serves_every_shape ... ok
test from_io_test_service_pool_config_is_still_one_duplex ... ok
test from_io_test_service_send_buffer_still_serves_every_shape ... ok
test from_io_test_service_window_size_still_serves_every_shape ... ok
test from_io_typed_google_rpc_status_after_a_streamed_message ... ok
test from_io_window_size_config_and_router_still_serve_every_shape ... ok
test from_io_window_size_still_serves_every_shape ... ok
test generated_server_interceptors_stack_in_declaration_order ... ok
test graceful_shutdown_finishes_in_flight_rpcs ... ok
test graceful_shutdown_stops_accepting_new_connections ... ok
test grpc_go_resolver_uri_is_invalid_argument_not_unavailable ... ok
test grpc_go_unix_abstract_uri_is_invalid_argument_not_unavailable ... ok
test grpc_scheme_uri_is_invalid_argument_not_unavailable ... ok
test gzip_compression_level_still_gzips_every_shape ... ok
test gzip_compression_level_without_send_compressed_stays_identity ... ok
test h2c_requests_use_the_http_scheme ... ok
test handler_err_skips_the_response_interceptor ... ok
test header_list_cap_refuses_oversize_metadata ... ok
test header_list_config_and_router_refuse_oversize_metadata ... ok
test header_table_config_and_router_still_serve_every_shape ... ok
test header_table_size_still_serves_every_shape ... ok
test health_reporter_documents_with_disable_health_check ... ok
test http2_tuning_knobs_are_fluent_on_server_and_router ... ok
test https_scheme_is_a_noop_on_tcp ... ok
test identity_streaming_send_does_not_advertise_gzip ... ok
test incoming_default_peer_copies_the_accept_addr ... ok
test incoming_peer_stamps_connection_facts ... ok
test intercept_on_a_generated_server_survives_add_service ... ok
test interceptor_sees_eager_channel_connected ... ok
test interceptor_sees_from_io_connected ... ok
test interceptor_sees_idle_clear_before_redial ... ok
test interceptor_sees_lazy_disconnected_despite_wait_for_ready ... ok
test interceptors_and_handlers_see_message_limits ... ok
test interceptors_and_handlers_see_the_method_path ... ok
test interceptors_and_handlers_see_the_server_timeout_overlay ... ok
test local_address_is_the_peer_the_server_sees ... ok
test local_error_reset_cap_still_serves_every_shape ... ok
test local_error_reset_config_and_router_still_serve_every_shape ... ok
test max_connection_age_goaway_then_the_channel_redials ... ok
test max_connection_age_lets_in_flight_rpcs_finish ... ok
test max_connection_idle_goaway_then_the_channel_redials ... ok
test max_connection_idle_lets_in_flight_rpcs_finish ... ok
test message_limits_setter_is_resource_exhausted ... ok
test metadata_cannot_override_the_kernel_user_agent ... ok
test mounting_the_same_service_twice_keeps_the_last ... ok
test mtls_a_dead_channel_fails_fast_when_nothing_is_listening ... ok
test mtls_a_dead_channel_redials_the_same_address ... ok
test mtls_an_expired_deadline_is_never_a_clean_end_of_stream ... ok
test mtls_ascii_wins_over_mismatched_packed_on_every_shape ... ok
test mtls_call_handle_cancels_streams ... ok
test mtls_cancel_after_begin_is_cancelled_not_ok ... ok
test mtls_channel_call_message_caps_are_resource_exhausted ... ok
test mtls_channel_config_header_list_cap_refuses_oversize_response_metadata ... ok
test mtls_channel_config_message_caps_are_resource_exhausted ... ok
test mtls_channel_wait_for_ready_completes_once_the_server_listens ... ok
test mtls_client_frame_settings_still_serve_every_shape ... ok
test mtls_client_gzips_when_configured ... ok
test mtls_client_idle_holds_a_server_stream ... ok
test mtls_client_interceptor_sees_every_shape_context ... ok
test mtls_client_interceptors_stack_and_share_extensions ... ok
test mtls_client_max_connection_idle_closes_the_socket ... ok
test mtls_client_max_connection_idle_lets_in_flight_rpcs_finish ... ok
test mtls_client_message_caps_are_resource_exhausted ... ok
test mtls_client_pending_reset_still_serves_every_shape ... ok
test mtls_client_send_buffer_still_serves_every_shape ... ok
test mtls_client_window_settings_still_serve_every_shape ... ok
test mtls_config_flows_from_the_generated_server_to_the_router ... ok
test mtls_connect_lazy_fails_fast_when_nothing_is_listening ... ok
test mtls_connect_times_out_when_the_peer_never_speaks ... ok
test mtls_connect_to_a_closed_port_fails_fast ... ok
test mtls_connection_pool_is_refused_when_the_cap_is_hit ... ok
test mtls_connection_pool_serves_every_shape ... ok
test mtls_deadline_rsts_streams_before_and_after_headers ... ok
test mtls_dropping_a_received_stream_cancels_a_waiting_producer ... ok
test mtls_dropping_the_client_does_not_kill_a_live_stream ... ok
test mtls_encode_config_flows_from_the_generated_server_to_the_router ... ok
test mtls_extra_connections_are_refused_when_the_cap_is_hit ... ok
test mtls_extra_rpcs_are_refused_when_the_process_cap_is_hit ... ok
test mtls_extra_rpcs_do_not_wait_when_client_stream_settings_do_not_serialize ... ok
test mtls_extra_rpcs_wait_when_the_stream_cap_config_and_router_are_hit ... ok
test mtls_extra_rpcs_wait_when_the_stream_cap_is_hit ... ok
test mtls_failing_a_request_stream_is_that_status_or_cancelled ... ok
test mtls_frame_size_config_and_router_still_serve_every_shape ... ok
test mtls_frame_size_still_serves_every_shape ... ok
test mtls_generated_server_interceptors_stack_in_declaration_order ... ok
test mtls_graceful_shutdown_finishes_in_flight_rpcs ... ok
test mtls_graceful_shutdown_stops_accepting_new_connections ... ok
test mtls_handler_that_ignores_its_request_stream_still_answers ... ok
test mtls_handlers_return_typed_status_on_every_shape ... ok
test mtls_hanging_handler_drops_on_call_drop_and_reset ... ok
test mtls_header_list_cap_refuses_oversize_metadata ... ok
test mtls_header_list_config_and_router_refuse_oversize_metadata ... ok
test mtls_identity_streaming_send_does_not_advertise_gzip ... ok
test mtls_intercept_on_a_generated_server_survives_add_service ... ok
test mtls_interceptors_and_handlers_see_message_limits ... ok
test mtls_interceptors_and_handlers_see_the_method_path ... ok
test mtls_interceptors_and_handlers_see_the_server_timeout_overlay ... ok
test mtls_interceptors_see_socket_authority_not_sni ... ok
test mtls_keepalive_still_serves ... ok
test mtls_local_address_is_the_peer_the_server_sees ... ok
test mtls_max_connection_age_goaway_then_the_channel_redials ... ok
test mtls_max_connection_age_lets_in_flight_rpcs_finish ... ok
test mtls_max_connection_idle_goaway_then_the_channel_redials ... ok
test mtls_max_connection_idle_lets_in_flight_rpcs_finish ... ok
test mtls_message_limits_setter_is_resource_exhausted ... ok
test mtls_metadata_cannot_override_the_kernel_user_agent ... ok
test mtls_official_compressed_interop_cases_pass_against_the_kernel_server ... ok
test mtls_official_uncompressed_interop_cases_pass_against_the_kernel_server ... ok
test mtls_ok_path_custom_bin_trailers_not_headers ... ok
test mtls_origin_is_distinct_from_sni ... ok
test mtls_outbound_rpcs_send_a_kernel_user_agent ... ok
test mtls_pending_reset_cap_still_serves_every_shape ... ok
test mtls_pending_reset_config_and_router_still_serve_every_shape ... ok
test mtls_raw_status_details_round_trip ... ok
test mtls_request_can_opt_out_of_channel_wait_for_ready ... ok
test mtls_reverser_frame_size_still_serves_every_shape ... ok
test mtls_reverser_header_list_cap_refuses_oversize_metadata ... ok
test mtls_reverser_pending_reset_still_serves_every_shape ... ok
test mtls_reverser_pool_against_cap_is_unavailable ... ok
test mtls_reverser_send_buffer_still_serves_every_shape ... ok
test mtls_reverser_window_size_still_serves_every_shape ... ok
test mtls_router_interceptors_stack_in_declaration_order ... ok
test mtls_send_buffer_config_and_router_still_serve_every_shape ... ok
test mtls_send_buffer_still_serves_every_shape ... ok
test mtls_server_gzips_when_configured_and_the_client_accepts ... ok
test mtls_server_message_limits_encode_is_resource_exhausted ... ok
test mtls_server_message_limits_is_resource_exhausted ... ok
test mtls_service_ext_intercept_wraps_a_hand_written_service ... ok
test mtls_service_ext_interceptors_stack_in_declaration_order ... ok
test mtls_spawned_work_stops_when_the_client_cancels ... ok
test mtls_spawned_work_stops_when_the_deadline_fires ... ok
test mtls_spawned_work_stops_when_the_rpc_completes ... ok
test mtls_streaming_producer_is_not_cancelled_when_the_handler_returns ... ok
test mtls_streaming_trailers_surface_a_trailing_status ... ok
test mtls_tcp_keepalive_still_serves ... ok
test mtls_test_service_pending_reset_still_serves_every_shape ... ok
test mtls_test_service_pool_against_cap_is_unavailable ... ok
test mtls_test_service_send_buffer_still_serves_every_shape ... ok
test mtls_test_service_window_size_still_serves_every_shape ... ok
test mtls_typed_google_rpc_status_after_a_streamed_message ... ok
test mtls_wait_for_ready_completes_once_the_server_listens ... ok
test mtls_wait_for_ready_times_out_when_nothing_is_listening ... ok
test mtls_window_size_config_and_router_still_serve_every_shape ... ok
test mtls_window_size_still_serves_every_shape ... ok
test official_compressed_interop_cases_pass_against_the_kernel_server ... ok
test official_interop_rustdoc_names_every_transport ... ok
test official_uncompressed_interop_cases_pass_against_the_kernel_server ... ok
test on_response_survives_add_service ... ok
test origin_is_the_authority_the_server_sees ... ok
test origin_rejects_invalid_authority ... ok
test outbound_rpcs_send_a_kernel_user_agent ... ok
test pending_reset_cap_still_serves_every_shape ... ok
test pending_reset_config_and_router_still_serve_every_shape ... ok
test queued_response_is_delivered_before_producer_error_trailers ... ok
test request_can_opt_out_of_channel_wait_for_ready ... ok
test request_deadline_documents_every_transport ... ok
test reset_stream_duration_config_and_router_still_serve_every_shape ... ok
test reset_stream_duration_still_serves_every_shape ... ok
test reset_stream_memory_config_and_router_still_serve_every_shape ... ok
test reset_stream_memory_still_serves_every_shape ... ok
test response_extensions_are_not_on_the_wire ... ok
test response_interceptor_err_from_error_details_is_trailers_only_after_handler ... ok
test response_interceptor_err_is_trailers_only_after_handler ... ok
test response_interceptor_stamps_every_call_shape ... ok
test response_interceptor_stamps_metadata_from_extensions ... ok
test response_interceptors_stack_first_registered_first ... ok
test retry_info_is_status_retry_delay_every_shape ... ok
test reverser_channel_wait_for_ready_completes_once_the_server_listens ... ok
test reverser_client_interceptors_run_when_the_call_is_created ... ok
test reverser_client_interceptors_stack_and_share_extensions ... ok
test reverser_frame_size_still_serves_every_shape ... ok
test reverser_from_error_details_after_a_streamed_message ... ok
test reverser_from_io_client_interceptor_rejects_with_typed_status ... ok
test reverser_from_io_client_interceptor_sees_every_shape_context ... ok
test reverser_from_io_client_interceptors_stack_and_share_extensions ... ok
test reverser_from_io_handlers_return_typed_status_on_every_shape ... ok
test reverser_from_io_interceptor_rejects_with_typed_status ... ok
test reverser_from_io_send_compressed_gzips_every_shape ... ok
test reverser_from_io_typed_google_rpc_status_after_a_streamed_message ... ok
test reverser_handlers_return_from_error_details_on_every_shape ... ok
test reverser_handlers_return_typed_status_on_every_shape ... ok
test reverser_header_list_cap_refuses_oversize_metadata ... ok
test reverser_mtls_channel_wait_for_ready_completes_once_the_server_listens ... ok
test reverser_mtls_client_interceptor_rejects_with_typed_status ... ok
test reverser_mtls_client_interceptor_sees_every_shape_context ... ok
test reverser_mtls_client_interceptors_stack_and_share_extensions ... ok
test reverser_mtls_handlers_return_typed_status_on_every_shape ... ok
test reverser_mtls_interceptor_rejects_with_typed_status ... ok
test reverser_mtls_request_can_opt_out_of_channel_wait_for_ready ... ok
test reverser_mtls_send_compressed_gzips_every_shape ... ok
test reverser_mtls_typed_google_rpc_status_after_a_streamed_message ... ok
test reverser_mtls_wait_for_ready_completes_once_the_server_listens ... ok
test reverser_mtls_wait_for_ready_times_out_when_nothing_is_listening ... ok
test reverser_pending_reset_still_serves_every_shape ... ok
test reverser_pool_against_cap_is_unavailable ... ok
test reverser_request_can_opt_out_of_channel_wait_for_ready ... ok
test reverser_send_buffer_still_serves_every_shape ... ok
test reverser_send_compressed_gzips_every_shape ... ok
test reverser_tls_channel_wait_for_ready_completes_once_the_server_listens ... ok
test reverser_tls_client_interceptor_rejects_with_typed_status ... ok
test reverser_tls_client_interceptor_sees_every_shape_context ... ok
test reverser_tls_client_interceptors_stack_and_share_extensions ... ok
test reverser_tls_handlers_return_typed_status_on_every_shape ... ok
test reverser_tls_interceptor_rejects_with_typed_status ... ok
test reverser_tls_request_can_opt_out_of_channel_wait_for_ready ... ok
test reverser_tls_send_compressed_gzips_every_shape ... ok
test reverser_tls_typed_google_rpc_status_after_a_streamed_message ... ok
test reverser_tls_wait_for_ready_completes_once_the_server_listens ... ok
test reverser_tls_wait_for_ready_times_out_when_nothing_is_listening ... ok
test reverser_typed_google_rpc_status_after_a_streamed_message ... ok
test reverser_unix_channel_wait_for_ready_completes_once_the_server_listens ... ok
test reverser_unix_client_interceptor_rejects_with_typed_status ... ok
test reverser_unix_client_interceptor_sees_every_shape_context ... ok
test reverser_unix_client_interceptors_stack_and_share_extensions ... ok
test reverser_unix_handlers_return_typed_status_on_every_shape ... ok
test reverser_unix_interceptor_rejects_with_typed_status ... ok
test reverser_unix_request_can_opt_out_of_channel_wait_for_ready ... ok
test reverser_unix_send_compressed_gzips_every_shape ... ok
test reverser_unix_typed_google_rpc_status_after_a_streamed_message ... ok
test reverser_unix_wait_for_ready_completes_once_the_server_listens ... ok
test reverser_unix_wait_for_ready_times_out_when_nothing_is_listening ... ok
test reverser_wait_for_ready_completes_once_the_server_listens ... ok
test reverser_wait_for_ready_times_out_when_nothing_is_listening ... ok
test reverser_window_size_still_serves_every_shape ... ok
test router_interceptors_stack_in_declaration_order ... ok
test router_reports_its_mounted_services ... ok
test send_buffer_config_and_router_still_serve_every_shape ... ok
test send_buffer_still_serves_every_shape ... ok
test serve_unix_fails_on_a_leftover_socket ... ok
test serve_unix_unlink_does_not_steal_a_live_socket ... ok
test serve_unix_unlink_does_not_steal_when_the_backlog_is_full ... ok
test serve_unix_unlink_replaces_a_leftover_socket ... ok
test serve_unix_unlink_until_shutdown_replaces_leftover_then_drains ... ok
test serve_unix_until_shutdown_serves_then_drains ... ok
test serve_with_incoming_accepts_a_duplex ... ok
test server_accept_compressed_false_refuses_gzip_every_shape ... ok
test server_add_optional_service_none_keeps_the_original ... ok
test server_and_router_config_document_every_call_shape ... ok
test server_and_router_config_is_readable_and_cloneable ... ok
test server_config_accept_compressed_false_refuses_gzip ... ok
test server_config_gzip_compression_level_still_gzips_every_shape ... ok
test server_documents_trace_fn ... ok
test server_message_limits_encode_is_resource_exhausted ... ok
test server_message_limits_is_resource_exhausted ... ok
test server_on_response_runs_before_service_ext_on_response ... ok
test server_send_compressed_gzips_streaming_send ... ok
test server_tls_documents_server_tls_config_timeout ... ok
test server_tls_mtls_documents_client_auth_optional ... ok
test server_tls_new_documents_use_key_log ... ok
test service_ext_intercept_rejects_with_from_error_details ... ok
test service_ext_intercept_rejects_with_typed_status ... ok
test service_ext_intercept_wraps_a_hand_written_service ... ok
test service_ext_interceptors_stack_in_declaration_order ... ok
test service_ext_on_response_does_not_cover_other_mounts ... ok
test service_ext_on_response_err_after_handler ... ok
test service_ext_on_response_stack_is_first_registered_first ... ok
test service_ext_on_response_stamps_every_reverser_shape ... ok
test spawned_bidi_work_stops_when_the_client_cancels ... ok
test spawned_server_streaming_work_stops_when_the_client_cancels ... ok
test spawned_streaming_work_stops_when_the_client_cancels ... ok
test spawned_work_stops_when_the_client_cancels ... ok
test spawned_work_stops_when_the_deadline_fires ... ok
test spawned_work_stops_when_the_rpc_completes ... ok
test tcp_keepalive_still_serves ... ok
test tcp_rpcs_expose_local_and_remote_addr ... ok
test test_channel_wait_for_ready_completes_once_the_server_listens ... ok
test test_client_interceptors_run_when_the_call_is_created ... ok
test test_client_interceptors_stack_and_share_extensions ... ok
test test_from_io_client_interceptors_stack_and_share_extensions ... ok
test test_mtls_channel_wait_for_ready_completes_once_the_server_listens ... ok
test test_mtls_client_interceptors_stack_and_share_extensions ... ok
test test_mtls_request_can_opt_out_of_channel_wait_for_ready ... ok
test test_mtls_wait_for_ready_completes_once_the_server_listens ... ok
test test_mtls_wait_for_ready_times_out_when_nothing_is_listening ... ok
test test_request_can_opt_out_of_channel_wait_for_ready ... ok
test test_service_client_interceptor_rejects_with_from_error_details ... ok
test test_service_client_interceptor_rejects_with_typed_status ... ok
test test_service_client_interceptor_sees_every_shape_context ... ok
test test_service_client_message_caps_are_resource_exhausted ... ok
test test_service_frame_size_still_serves_every_shape ... ok
test test_service_from_error_details_after_a_streamed_message ... ok
test test_service_from_io_client_interceptor_rejects_with_typed_status ... ok
test test_service_from_io_client_interceptor_sees_every_shape_context ... ok
test test_service_from_io_client_message_caps_are_resource_exhausted ... ok
test test_service_from_io_frame_size_still_serves_every_shape ... ok
test test_service_from_io_handlers_return_typed_status_on_every_shape ... ok
test test_service_from_io_header_list_cap_refuses_oversize_metadata ... ok
test test_service_from_io_interceptor_rejects_with_typed_status ... ok
test test_service_from_io_message_limits_setter_is_resource_exhausted ... ok
test test_service_from_io_send_compressed_gzips_every_shape ... ok
test test_service_from_io_typed_google_rpc_status_after_a_streamed_message ... ok
test test_service_handlers_return_from_error_details_on_every_shape ... ok
test test_service_handlers_return_typed_status_on_every_shape ... ok
test test_service_header_list_cap_refuses_oversize_metadata ... ok
test test_service_interceptor_rejects_with_from_error_details ... ok
test test_service_interceptor_rejects_with_typed_status ... ok
test test_service_message_limits_setter_is_resource_exhausted ... ok
test test_service_mtls_client_interceptor_rejects_with_typed_status ... ok
test test_service_mtls_client_interceptor_sees_every_shape_context ... ok
test test_service_mtls_client_message_caps_are_resource_exhausted ... ok
test test_service_mtls_frame_size_still_serves_every_shape ... ok
test test_service_mtls_handlers_return_typed_status_on_every_shape ... ok
test test_service_mtls_header_list_cap_refuses_oversize_metadata ... ok
test test_service_mtls_interceptor_rejects_with_typed_status ... ok
test test_service_mtls_message_limits_setter_is_resource_exhausted ... ok
test test_service_mtls_send_compressed_gzips_every_shape ... ok
test test_service_mtls_typed_google_rpc_status_after_a_streamed_message ... ok
test test_service_pending_reset_still_serves_every_shape ... ok
test test_service_pool_against_cap_is_unavailable ... ok
test test_service_send_buffer_still_serves_every_shape ... ok
test test_service_send_compressed_gzips_every_shape ... ok
test test_service_tls_client_interceptor_rejects_with_typed_status ... ok
test test_service_tls_client_interceptor_sees_every_shape_context ... ok
test test_service_tls_client_message_caps_are_resource_exhausted ... ok
test test_service_tls_frame_size_still_serves_every_shape ... ok
test test_service_tls_handlers_return_typed_status_on_every_shape ... ok
test test_service_tls_header_list_cap_refuses_oversize_metadata ... ok
test test_service_tls_interceptor_rejects_with_typed_status ... ok
test test_service_tls_message_limits_setter_is_resource_exhausted ... ok
test test_service_tls_send_compressed_gzips_every_shape ... ok
test test_service_tls_typed_google_rpc_status_after_a_streamed_message ... ok
test test_service_typed_google_rpc_status_after_a_streamed_message ... ok
test test_service_unix_client_interceptor_rejects_with_typed_status ... ok
test test_service_unix_client_interceptor_sees_every_shape_context ... ok
test test_service_unix_client_message_caps_are_resource_exhausted ... ok
test test_service_unix_frame_size_still_serves_every_shape ... ok
test test_service_unix_handlers_return_typed_status_on_every_shape ... ok
test test_service_unix_header_list_cap_refuses_oversize_metadata ... ok
test test_service_unix_interceptor_rejects_with_typed_status ... ok
test test_service_unix_message_limits_setter_is_resource_exhausted ... ok
test test_service_unix_send_compressed_gzips_every_shape ... ok
test test_service_unix_typed_google_rpc_status_after_a_streamed_message ... ok
test test_service_window_size_still_serves_every_shape ... ok
test test_tls_channel_wait_for_ready_completes_once_the_server_listens ... ok
test test_tls_client_interceptors_stack_and_share_extensions ... ok
test test_tls_request_can_opt_out_of_channel_wait_for_ready ... ok
test test_tls_wait_for_ready_completes_once_the_server_listens ... ok
test test_tls_wait_for_ready_times_out_when_nothing_is_listening ... ok
test test_unix_channel_wait_for_ready_completes_once_the_server_listens ... ok
test test_unix_client_interceptors_stack_and_share_extensions ... ok
test test_unix_request_can_opt_out_of_channel_wait_for_ready ... ok
test test_unix_wait_for_ready_completes_once_the_server_listens ... ok
test test_unix_wait_for_ready_times_out_when_nothing_is_listening ... ok
test test_wait_for_ready_completes_once_the_server_listens ... ok
test test_wait_for_ready_times_out_when_nothing_is_listening ... ok
test the_client_gzips_when_configured ... ok
test the_server_gzips_when_configured_and_the_client_accepts ... ok
test tls_a_dead_channel_fails_fast_when_nothing_is_listening ... ok
test tls_a_dead_channel_redials_the_same_address ... ok
test tls_an_expired_deadline_is_never_a_clean_end_of_stream ... ok
test tls_ascii_wins_over_mismatched_packed_on_every_shape ... ok
test tls_call_handle_cancels_streams ... ok
test tls_cancel_after_begin_is_cancelled_not_ok ... ok
test tls_channel_call_message_caps_are_resource_exhausted ... ok
test tls_channel_config_header_list_cap_refuses_oversize_response_metadata ... ok
test tls_channel_config_message_caps_are_resource_exhausted ... ok
test tls_channel_wait_for_ready_completes_once_the_server_listens ... ok
test tls_client_frame_settings_still_serve_every_shape ... ok
test tls_client_gzips_when_configured ... ok
test tls_client_idle_holds_a_server_stream ... ok
test tls_client_interceptor_sees_every_shape_context ... ok
test tls_client_interceptors_stack_and_share_extensions ... ok
test tls_client_max_connection_idle_closes_the_socket ... ok
test tls_client_max_connection_idle_lets_in_flight_rpcs_finish ... ok
test tls_client_message_caps_are_resource_exhausted ... ok
test tls_client_pending_reset_still_serves_every_shape ... ok
test tls_client_send_buffer_still_serves_every_shape ... ok
test tls_client_window_settings_still_serve_every_shape ... ok
test tls_config_flows_from_the_generated_server_to_the_router ... ok
test tls_connect_lazy_fails_fast_when_nothing_is_listening ... ok
test tls_connect_times_out_when_the_peer_never_speaks ... ok
test tls_connect_to_a_closed_port_fails_fast ... ok
test tls_connection_pool_is_refused_when_the_cap_is_hit ... ok
test tls_connection_pool_serves_every_shape ... ok
test tls_deadline_rsts_streams_before_and_after_headers ... ok
test tls_dropping_a_received_stream_cancels_a_waiting_producer ... ok
test tls_dropping_the_client_does_not_kill_a_live_stream ... ok
test tls_encode_config_flows_from_the_generated_server_to_the_router ... ok
test tls_extra_connections_are_refused_when_the_cap_is_hit ... ok
test tls_extra_rpcs_are_refused_when_the_process_cap_is_hit ... ok
test tls_extra_rpcs_do_not_wait_when_client_stream_settings_do_not_serialize ... ok
test tls_extra_rpcs_wait_when_the_stream_cap_config_and_router_are_hit ... ok
test tls_extra_rpcs_wait_when_the_stream_cap_is_hit ... ok
test tls_failing_a_request_stream_is_that_status_or_cancelled ... ok
test tls_frame_size_config_and_router_still_serve_every_shape ... ok
test tls_frame_size_still_serves_every_shape ... ok
test tls_generated_server_interceptors_stack_in_declaration_order ... ok
test tls_graceful_shutdown_finishes_in_flight_rpcs ... ok
test tls_graceful_shutdown_stops_accepting_new_connections ... ok
test tls_handler_that_ignores_its_request_stream_still_answers ... ok
test tls_handlers_return_typed_status_on_every_shape ... ok
test tls_hanging_handler_drops_on_call_drop_and_reset ... ok
test tls_header_list_cap_refuses_oversize_metadata ... ok
test tls_header_list_config_and_router_refuse_oversize_metadata ... ok
test tls_identity_streaming_send_does_not_advertise_gzip ... ok
test tls_intercept_on_a_generated_server_survives_add_service ... ok
test tls_interceptors_and_handlers_see_message_limits ... ok
test tls_interceptors_and_handlers_see_the_method_path ... ok
test tls_interceptors_and_handlers_see_the_server_timeout_overlay ... ok
test tls_interceptors_see_socket_authority_not_sni ... ok
test tls_keepalive_still_serves ... ok
test tls_local_address_is_the_peer_the_server_sees ... ok
test tls_max_connection_age_goaway_then_the_channel_redials ... ok
test tls_max_connection_age_lets_in_flight_rpcs_finish ... ok
test tls_max_connection_idle_goaway_then_the_channel_redials ... ok
test tls_max_connection_idle_lets_in_flight_rpcs_finish ... ok
test tls_message_limits_setter_is_resource_exhausted ... ok
test tls_metadata_cannot_override_the_kernel_user_agent ... ok
test tls_official_compressed_interop_cases_pass_against_the_kernel_server ... ok
test tls_official_uncompressed_interop_cases_pass_against_the_kernel_server ... ok
test tls_ok_path_custom_bin_trailers_not_headers ... ok
test tls_origin_is_distinct_from_sni ... ok
test tls_outbound_rpcs_send_a_kernel_user_agent ... ok
test tls_pending_reset_cap_still_serves_every_shape ... ok
test tls_pending_reset_config_and_router_still_serve_every_shape ... ok
test tls_raw_status_details_round_trip ... ok
test tls_request_can_opt_out_of_channel_wait_for_ready ... ok
test tls_reverser_frame_size_still_serves_every_shape ... ok
test tls_reverser_header_list_cap_refuses_oversize_metadata ... ok
test tls_reverser_pending_reset_still_serves_every_shape ... ok
test tls_reverser_pool_against_cap_is_unavailable ... ok
test tls_reverser_send_buffer_still_serves_every_shape ... ok
test tls_reverser_window_size_still_serves_every_shape ... ok
test tls_router_interceptors_stack_in_declaration_order ... ok
test tls_send_buffer_config_and_router_still_serve_every_shape ... ok
test tls_send_buffer_still_serves_every_shape ... ok
test tls_server_gzips_when_configured_and_the_client_accepts ... ok
test tls_server_message_limits_encode_is_resource_exhausted ... ok
test tls_server_message_limits_is_resource_exhausted ... ok
test tls_service_ext_intercept_wraps_a_hand_written_service ... ok
test tls_service_ext_interceptors_stack_in_declaration_order ... ok
test tls_spawned_work_stops_when_the_client_cancels ... ok
test tls_spawned_work_stops_when_the_deadline_fires ... ok
test tls_spawned_work_stops_when_the_rpc_completes ... ok
test tls_streaming_producer_is_not_cancelled_when_the_handler_returns ... ok
test tls_streaming_trailers_surface_a_trailing_status ... ok
test tls_tcp_keepalive_still_serves ... ok
test tls_test_service_pending_reset_still_serves_every_shape ... ok
test tls_test_service_pool_against_cap_is_unavailable ... ok
test tls_test_service_send_buffer_still_serves_every_shape ... ok
test tls_test_service_window_size_still_serves_every_shape ... ok
test tls_typed_google_rpc_status_after_a_streamed_message ... ok
test tls_wait_for_ready_completes_once_the_server_listens ... ok
test tls_wait_for_ready_times_out_when_nothing_is_listening ... ok
test tls_window_size_config_and_router_still_serve_every_shape ... ok
test tls_window_size_still_serves_every_shape ... ok
test tonic_channel_uri_is_invalid_argument_not_unavailable ... ok
test unix_a_dead_channel_fails_fast_when_nothing_is_listening ... ok
test unix_a_dead_channel_redials_the_same_path ... ok
test unix_an_expired_deadline_is_never_a_clean_end_of_stream ... ok
test unix_ascii_wins_over_mismatched_packed_on_every_shape ... ok
test unix_call_handle_cancels_streams ... ok
test unix_cancel_after_begin_is_cancelled_not_ok ... ok
test unix_channel_call_message_caps_are_resource_exhausted ... ok
test unix_channel_config_header_list_cap_refuses_oversize_response_metadata ... ok
test unix_channel_config_message_caps_are_resource_exhausted ... ok
test unix_channel_wait_for_ready_completes_once_the_server_listens ... ok
test unix_client_frame_settings_still_serve_every_shape ... ok
test unix_client_gzips_when_configured ... ok
test unix_client_idle_holds_a_server_stream ... ok
test unix_client_interceptor_rejects_with_typed_status ... ok
test unix_client_interceptor_sees_every_shape_context ... ok
test unix_client_interceptors_stack_and_share_extensions ... ok
test unix_client_max_connection_idle_closes_the_socket ... ok
test unix_client_max_connection_idle_lets_in_flight_rpcs_finish ... ok
test unix_client_message_caps_are_resource_exhausted ... ok
test unix_client_pending_reset_still_serves_every_shape ... ok
test unix_client_send_buffer_still_serves_every_shape ... ok
test unix_client_window_settings_still_serve_every_shape ... ok
test unix_config_flows_from_the_generated_server_to_the_router ... ok
test unix_connect_times_out_when_the_peer_never_speaks_http2 ... ok
test unix_connect_to_a_missing_path_fails_fast ... ok
test unix_connection_pool_is_refused_when_the_cap_is_hit ... ok
test unix_connection_pool_serves_every_shape ... ok
test unix_deadline_rsts_streams_before_and_after_headers ... ok
test unix_dropping_a_received_stream_cancels_a_waiting_producer ... ok
test unix_dropping_the_client_does_not_kill_a_live_stream ... ok
test unix_encode_config_flows_from_the_generated_server_to_the_router ... ok
test unix_extra_connections_are_refused_when_the_cap_is_hit ... ok
test unix_extra_rpcs_are_refused_when_the_process_cap_is_hit ... ok
test unix_extra_rpcs_do_not_wait_when_client_stream_settings_do_not_serialize ... ok
test unix_extra_rpcs_wait_when_the_stream_cap_config_and_router_are_hit ... ok
test unix_extra_rpcs_wait_when_the_stream_cap_is_hit ... ok
test unix_failing_a_request_stream_is_that_status_or_cancelled ... ok
test unix_frame_size_config_and_router_still_serve_every_shape ... ok
test unix_frame_size_still_serves_every_shape ... ok
test unix_generated_server_interceptors_stack_in_declaration_order ... ok
test unix_graceful_shutdown_finishes_in_flight_rpcs ... ok
test unix_graceful_shutdown_stops_accepting_new_connections ... ok
test unix_handler_that_ignores_its_request_stream_still_answers ... ok
test unix_handlers_return_typed_status_on_every_shape ... ok
test unix_hanging_handler_drops_on_call_drop_and_reset ... ok
test unix_header_list_cap_refuses_oversize_metadata ... ok
test unix_header_list_config_and_router_refuse_oversize_metadata ... ok
test unix_identity_streaming_send_does_not_advertise_gzip ... ok
test unix_intercept_on_a_generated_server_survives_add_service ... ok
test unix_interceptor_rejects_with_typed_status ... ok
test unix_interceptors_and_handlers_see_message_limits ... ok
test unix_interceptors_and_handlers_see_the_method_path ... ok
test unix_interceptors_and_handlers_see_the_server_timeout_overlay ... ok
test unix_keepalive_still_serves ... ok
test unix_lazy_fails_fast_when_nothing_is_listening ... ok
test unix_local_address_is_skipped ... ok
test unix_max_connection_age_goaway_then_the_channel_redials ... ok
test unix_max_connection_age_lets_in_flight_rpcs_finish ... ok
test unix_max_connection_idle_goaway_then_the_channel_redials ... ok
test unix_max_connection_idle_lets_in_flight_rpcs_finish ... ok
test unix_message_limits_setter_is_resource_exhausted ... ok
test unix_metadata_cannot_override_the_kernel_user_agent ... ok
test unix_official_compressed_interop_cases_pass_against_the_kernel_server ... ok
test unix_official_uncompressed_interop_cases_pass_against_the_kernel_server ... ok
test unix_ok_path_custom_bin_trailers_not_headers ... ok
test unix_origin_replaces_localhost ... ok
test unix_outbound_rpcs_send_a_kernel_user_agent ... ok
test unix_pending_reset_cap_still_serves_every_shape ... ok
test unix_pending_reset_config_and_router_still_serve_every_shape ... ok
test unix_raw_status_details_round_trip ... ok
test unix_request_can_opt_out_of_channel_wait_for_ready ... ok
test unix_reverser_frame_size_still_serves_every_shape ... ok
test unix_reverser_header_list_cap_refuses_oversize_metadata ... ok
test unix_reverser_pending_reset_still_serves_every_shape ... ok
test unix_reverser_pool_against_cap_is_unavailable ... ok
test unix_reverser_send_buffer_still_serves_every_shape ... ok
test unix_reverser_window_size_still_serves_every_shape ... ok
test unix_router_interceptors_stack_in_declaration_order ... ok
test unix_send_buffer_config_and_router_still_serve_every_shape ... ok
test unix_send_buffer_still_serves_every_shape ... ok
test unix_send_compressed_gzips_every_shape ... ok
test unix_server_gzips_when_configured_and_the_client_accepts ... ok
test unix_server_message_limits_encode_is_resource_exhausted ... ok
test unix_server_message_limits_is_resource_exhausted ... ok
test unix_service_ext_intercept_wraps_a_hand_written_service ... ok
test unix_service_ext_interceptors_stack_in_declaration_order ... ok
test unix_socket_serves ... ok
test unix_spawned_work_stops_when_the_client_cancels ... ok
test unix_spawned_work_stops_when_the_deadline_fires ... ok
test unix_spawned_work_stops_when_the_rpc_completes ... ok
test unix_streaming_producer_is_not_cancelled_when_the_handler_returns ... ok
test unix_streaming_trailers_surface_a_trailing_status ... ok
test unix_test_service_pending_reset_still_serves_every_shape ... ok
test unix_test_service_pool_against_cap_is_unavailable ... ok
test unix_test_service_send_buffer_still_serves_every_shape ... ok
test unix_test_service_window_size_still_serves_every_shape ... ok
test unix_typed_google_rpc_status_after_a_streamed_message ... ok
test unix_wait_for_ready_completes_once_the_server_listens ... ok
test unix_wait_for_ready_times_out_when_nothing_is_listening ... ok
test unix_window_size_config_and_router_still_serve_every_shape ... ok
test unix_window_size_still_serves_every_shape ... ok
test wait_for_ready_completes_once_the_server_listens ... ok
test wait_for_ready_times_out_when_nothing_is_listening ... ok
test window_size_config_and_router_still_serve_every_shape ... ok
test window_size_still_serves_every_shape ... ok
test zstd_algorithm_round_trips_both_directions_every_shape ... ok

test result: ok. 1100 passed; 0 failed; 0 ignored; 0 measured; 0 filtered out; finished in 90.21s

     Running tests/static_routing.rs (target/debug/deps/static_routing-865938c68a9c26fd)

running 2 tests
test generated_native_stubs_use_static_full_path_dispatch ... ok
test generated_static_tuple_router_routes_multiple_services ... ok

test result: ok. 2 passed; 0 failed; 0 ignored; 0 measured; 0 filtered out; finished in 0.01s

     Running tests/sv09_streaming.rs (target/debug/deps/sv09_streaming-48572c1815c245e2)

running 5 tests
test cancellation_wakes_a_producer_waiting_after_its_first_reply ... ok
test closed_bursts_flush_successes_before_the_terminal_error ... ok
test closed_bursts_keep_order_across_the_wire_batch_boundary ... ok
test live_producers_keep_refilling_small_bounded_channels ... ok
test wire_backed_bidi_echo_keeps_progressing_and_cancels_its_sender ... ok

test result: ok. 5 passed; 0 failed; 0 ignored; 0 measured; 0 filtered out; finished in 0.08s

     Running tests/telemetry.rs (target/debug/deps/telemetry-ca4cd0709c1a7fc4)

running 25 tests
test test_bidi_streaming_telemetry ... ok
test test_bounded_labels_safety ... ok
test test_bounded_metric_observer_forwards_only_typed_events ... ok
test test_bounded_metric_observer_receives_real_unary_lifecycle ... ok
test test_caller_cancellation_lifecycle ... ok
test test_client_streaming_telemetry ... ok
test test_deadline_exceeded_lifecycle ... ok
test test_diagnostic_config_consent_and_cardinality_limits ... ok
test test_disabled_instrumentation_preserves_behavior ... ok
test test_failed_setup_client_interceptor_exact_events ... ok
test test_metadata_map_default_debug_redacts_credentials_and_binary ... ok
test test_metric_label_policy_bounds_peer_identity_and_reconnect_targets ... ok
test test_observer_chaining ... ok
test test_request_and_response_default_debug_redaction ... ok
test test_server_rejection_concurrency_limit ... ok
test test_server_rejection_unimplemented ... ok
test test_server_streaming_telemetry ... ok
test test_status_debug_masks_message_binary_details_and_source ... ok
test test_status_diagnostic_debug_needs_independent_bounded_consent ... ok
test test_status_error_paths_remain_observable ... ok
test test_telemetry_context_masks_peer_identity_and_status_text_by_default ... ok
test test_telemetry_context_safe_debug_and_observability ... ok
test test_transparent_retry_exact_event_counts_and_order ... ok
test test_unary_success_exact_events_and_counts ... ok
test unclassified_metadata_values_are_masked_without_explicit_consent ... ok

test result: ok. 25 passed; 0 failed; 0 ignored; 0 measured; 0 filtered out; finished in 0.12s

     Running tests/tls.rs (target/debug/deps/tls-d3d25793f62c3c22)

running 26 tests
test a_dead_tls_channel_redials ... ok
test a_tls_client_interceptor_sees_https_scheme ... ok
test caller_configs_preserve_required_mtls_on_every_shape ... ok
test caller_configs_propagate_wrong_trust_and_name_failures ... ok
test caller_configs_reject_missing_required_client_identity ... ok
test caller_configs_require_h2_and_a_valid_server_name ... ok
test cleartext_still_works ... ok
test h2c_client_cannot_speak_tls ... ok
test h2c_keepalive_still_serves ... ok
test key_log_file_opt_in_still_serves_tls ... ok
test mtls_client_interceptor_rejects_with_typed_status ... ok
test mtls_exposes_the_client_certificate ... ok
test mtls_requires_a_client_certificate ... ok
test mtls_send_compressed_gzips_every_shape ... ok
test mtls_server_interceptor_rejects_with_typed_status ... ok
test mtls_unary ... ok
test optional_mtls_allows_anonymous_and_records_verified_client_certificate ... ok
test replacing_tls_policy_requires_fresh_client_identity ... ok
test serve_tls_until_shutdown_serves_then_drains ... ok
test tls_client_interceptor_rejects_with_typed_status ... ok
test tls_handlers_see_https_scheme_and_authority ... ok
test tls_requests_use_the_https_scheme ... ok
test tls_send_compressed_gzips_every_shape ... ok
test tls_server_interceptor_rejects_with_typed_status ... ok
test unary_over_tls ... ok
test wrong_ca_is_unauthenticated ... ok

test result: ok. 26 passed; 0 failed; 0 ignored; 0 measured; 0 filtered out; finished in 0.52s

     Running tests/tonic_behavior.rs (target/debug/deps/tonic_behavior-9f5b47c68918d150)

running 2 tests
test metadata_keys_follow_lowercase_http2_rules ... ok
test migration_guide_pins_every_branch_sensitive_behavior ... ok

test result: ok. 2 passed; 0 failed; 0 ignored; 0 measured; 0 filtered out; finished in 0.00s

     Running tests/tonic_server.rs (target/debug/deps/tonic_server-587a6926cefb8e0a)

running 2 tests
test generated_service_mounts_in_tonic_and_exposes_tonic_connect_info ... ok
test tonic_tls_connect_info_keeps_peer_certificate_api_available ... ok

test result: ok. 2 passed; 0 failed; 0 ignored; 0 measured; 0 filtered out; finished in 0.00s

     Running tests/tonic_service_transport.rs (target/debug/deps/tonic_service_transport-42e31c30fc70c8f1)

running 12 tests
test deadline_wakes_detached_incoming_body_reader_with_open_upload ... ok
test forwards_opaque_data_metadata_and_terminal_trailers ... ok
test grpc_web_policy_is_rejected_before_tonic_readiness ... ok
test local_response_body_status_preserves_details_and_metadata ... ok
test native_concurrency_slot_lives_until_body_drain_and_releases_on_reset ... ok
test native_security_interceptor_mutations_and_extensions_reach_tonic_service ... ok
test opaque_native_policies_fail_before_tower_readiness_and_dispatch ... ok
test ordinary_tower_layer_retains_generated_service_routing_name ... ok
test peer_deadline_covers_response_body_and_drops_producer ... ok
test reset_after_response_headers_drops_pending_body ... ok
test reset_before_response_headers_drops_pending_handler ... ok
test server_deadline_covers_readiness_and_pending_handler ... ok

test result: ok. 12 passed; 0 failed; 0 ignored; 0 measured; 0 filtered out; finished in 0.10s

     Running tests/tonic_transport.rs (target/debug/deps/tonic_transport-b692eecf9fd0f53d)

running 9 tests
test cancelling_future_before_headers_resets_peer ... ok
test channel_timeout_covers_stream_body_without_polling_and_resets_peer ... ok
test dropping_response_releases_native_rpc_concurrency_slot ... ok
test dropping_response_resets_stalled_peer ... ok
test early_terminal_rejection_preserves_status_details_and_metadata_during_upload ... ok
test grpc_timeout_covers_headers_and_resets_stream ... ok
test preframed_data_and_terminal_trailers_pass_without_codec_changes ... ok
test tonic_feature_exposes_the_transport_contract ... ok
test unsupported_native_security_and_resource_policies_fail_before_dispatch ... ok

test result: ok. 9 passed; 0 failed; 0 ignored; 0 measured; 0 filtered out; finished in 0.07s

     Running tests/tower_client.rs (target/debug/deps/tower_client-2ab6a86de38fb512)

running 7 tests
test arbitrary_input_streams_work_and_early_replies_release_idle_inputs ... ok
test dropping_calls_and_received_streams_stops_idle_request_producers ... ok
test request_stream_errors_reach_the_native_call_without_replay ... ok
test streaming_adapters_keep_deadlines_after_headers_and_with_idle_producers ... ok
test streaming_shapes_through_balance_and_retry_preserve_envelopes ... ok
test streaming_trailing_errors_survive_balance_and_retry ... ok
test tower_layers_wrap_unary_channel_without_buffering_default_path ... ok

test result: ok. 7 passed; 0 failed; 0 ignored; 0 measured; 0 filtered out; finished in 0.33s

     Running tests/tower_server.rs (target/debug/deps/tower_server-74ed3685ca207042)

running 1 test
test router_is_tower_service_for_greeter_health_and_reflection ... ok

test result: ok. 1 passed; 0 failed; 0 ignored; 0 measured; 0 filtered out; finished in 0.00s

