warning: pbrs@0.2.0: wrote conformance descriptor set
   Compiling pbrs v0.2.0 (/workspace/pure-protobuf)
   Compiling pbrs-grpc v0.1.0-alpha.2 (/workspace/pure-protobuf/pbrs-grpc)
    Finished `test` profile [unoptimized] target(s) in 43.43s
     Running unittests src/lib.rs (/workspace/scratch/work/msrv-verify/target/debug/deps/pbrs_grpc-4f6ec1f07771b5ec)

running 442 tests
test authz::audit::tests::conditions_parse_and_fire ... ok
test authz::audit::tests::optional_unknown_logger_is_ignored ... ok
test authz::audit::tests::custom_factory_round_trip ... ok
test authz::audit::tests::timestamp_edges ... ok
test authz::audit::tests::record_escapes_strings ... ok
test authz::audit::tests::record_matches_a59_shape ... ok
test authz::audit::tests::required_unknown_logger_fails_closed ... ok
test authz::matcher::tests::match_kinds ... ok
test authz::matcher::tests::rejects_embedded_stars ... ok
test authz::policy::tests::empty_rule_matches_everything ... ok
test authz::principal::tests::garbage_fails_closed ... ok
test authz::policy::tests::example_policy_decisions ... ok
test authz::policy::tests::rejects_bad_policies ... ok
test authz::principal::tests::extracts_dns_san_and_subject ... ok
test bdp::tests::bdp_grows_within_cap ... ok
test channelz::model::tests::missing_ids_are_silent_noops ... ok
test channelz::model::tests::channel_drop_takes_direct_sockets ... ok
test channelz::model::tests::ids_are_positive_ordered_and_never_reused ... ok
test channelz::model::tests::creation_and_deletion_trace_the_parent ... ok
test channelz::model::tests::stream_events_cascade_to_subchannel_calls ... ok
test channelz::model::tests::subchannel_states_derive_parent_channel_state ... ok
test channelz::model::tests::unregister_cascades_and_detaches ... ok
test channelz::trace::tests::child_refs_survive_the_snapshot ... ok
test channelz::trace::tests::long_descriptions_truncate_on_char_boundary ... ok
test channelz::trace::tests::ring_evicts_oldest_and_counts_total ... ok
test channelz::trace::tests::zero_cap_counts_without_retaining ... ok
test client::call::tests::manual_runtime_drives_deadlines_without_wall_waits ... ok
test client::call::tests::refused_response_overrides_ambiguous_request_send_error ... ok
test client::channel::tests::bad_authority_is_unavailable_not_a_panic ... ok
test client::channel::tests::grpc_go_unix_abstract_uri_is_invalid_argument ... ok
test client::channel::tests::grpc_go_resolver_uri_is_invalid_argument ... ok
test client::channel::tests::grpc_scheme_uri_is_invalid_argument ... ok
test client::channel::tests::overlay_getters_read_timeout_wait_for_ready_and_gzip ... ok
test client::channel::tests::channel_debug_masks_the_authority_and_target ... ok
test client::channel::tests::targets_accept_addresses_and_names ... ok
test client::channel::tests::send_buffer_overlays_a_live_channel ... ok
test client::pool::cl08_future_sizes::report_unpolled_future_sizes ... ok
test client::channel::tests::tonic_style_channel_uri_is_invalid_argument ... ok
test client::channel::tests::stream_buffer_overlays_a_live_channel ... ok
test client::pool::tests::per_core_channels_own_independent_pools ... ok
test client::pool::tests::reconcile_ignores_never_connected_entries ... ok
test client::pool::tests::reconcile_drops_removed_and_stops_live_conns ... ok
test client::pool::tests::server_stream_backoff_releases_pool_load_and_connection_lease ... ok
test codec::tests::chunk_pop_leaves_partial_frames_intact ... ok
test codec::tests::chunk_pop_slices_without_copying ... ok
test codec::tests::incomplete_waits_without_consuming ... ok
test codec::tests::oversize_is_rejected_from_the_header_alone ... ok
test codec::tests::reserved_compressed_flag_values_are_rejected ... ok
test codec::tests::roundtrip_empty_and_payload ... ok
test compression::deflate::tests::a_bomb_is_refused_at_the_cap ... ok
test compression::deflate::tests::decodes_zlib_vectors ... ok
test compression::deflate::tests::garbage_is_an_error_not_a_panic ... ok
test compression::deflate::tests::higher_level_compresses_zeros_tighter ... ok
test compression::deflate::tests::raw_deflate_stream_is_rejected ... ok
test compression::deflate::tests::roundtrip ... ok
test compression::deflate::tests::roundtrip_empty ... ok
test compression::deflate::tests::zlib_framing_has_a_header_not_gzip_magic ... ok
test compression::gzip::tests::a_bomb_is_refused_at_the_cap ... ok
test compression::gzip::tests::exactly_at_the_cap_is_accepted ... ok
test compression::gzip::tests::garbage_is_an_error_not_a_panic ... ok
test compression::gzip::tests::higher_level_compresses_zeros_tighter ... ok
test compression::gzip::tests::one_byte_over_the_cap_is_refused ... ok
test compression::gzip::tests::roundtrip ... ok
test compression::gzip::tests::roundtrip_empty ... ok
test compression::gzip::tests::truncated_stream_is_an_error ... ok
test compression::tests::both_codecs_round_trip ... ok
test compression::tests::codings_are_not_cross_decodable ... ok
test compression::tests::encode_into_matches_encode ... ok
test compression::tests::parse_tokens ... ok
test config::tests::age_jitter_is_plus_or_minus_ten_percent ... ok
test config::tests::channel_connections_never_zero ... ok
test config::tests::channel_rpc_cap_never_zero ... ok
test config::tests::channel_timeout_never_zero ... ok
test config::tests::connect_timeout_never_zero ... ok
test config::tests::connection_age_never_zero ... ok
test config::tests::http2_knobs_round_trip ... ok
test config::tests::keep_alive_timeout_never_zero ... ok
test config::tests::local_address_round_trips ... ok
test config::tests::server_defaults_are_safe ... ok
test config::tests::server_timeout_and_connection_cap_round_trip ... ok
test config::tests::stream_buffer_never_zero ... ok
test config::tests::tcp_keepalive_never_zero ... ok
test copy_counts::tests::counters_stay_zero_without_feature ... ok
test interceptor::tests::intercept_response_all_empty_is_identity ... ok
test interceptor::tests::intercept_response_all_runs_hooks_in_order ... ok
test interceptor::tests::intercepted_clones_when_the_interceptor_does ... ok
test interceptor::tests::intercepted_forwards_service_aliases ... ok
test interceptor::tests::response_interceptor_none_is_identity ... ok
test interceptor::tests::response_interceptor_sees_kernel_path ... ok
test interceptor::tests::response_interceptor_stamps_metadata_from_extensions ... ok
test interceptor::tests::response_interceptors_stack_first_registered_first ... ok
test client::pool::tests::server_stream_backoff_releases_resolved_connection_lease ... ok
test interop_cases::tests::test_channel_soak_creates_and_drops_channels ... ok
test interop_cases::tests::test_failure_breakdown_total ... ok
test interop_cases::tests::test_latency_stats ... ok
test interop_cases::tests::compressed_unary_probes_cover_distinct_payload_entropy ... ok
test interop_cases::tests::test_rpc_soak_detects_failed_calls ... ok
test client::pool::tests::unary_backoff_releases_least_request_and_connection_lease ... ok
test interop_cases::tests::test_rpc_soak_happy_path ... ok
test interop_cases::tests::test_soak_config_validation ... ok
test interop_cases::tests::test_soak_summary_counts_started_timeout_as_omitted ... ok
test keepalive::tests::lease_tracks_outstanding_rpcs ... ok
test lb::health::tests::only_serving_is_healthy ... ok
test lb::health::tests::unimplemented_disables_while_errors_retry ... ok
test lb::least_request::tests::avoids_loaded_backend ... ok
test lb::least_request::tests::failure_backs_off_then_rejoins ... ok
test lb::least_request::tests::guard_drop_releases_count ... ok
test lb::outlier::tests::cancelled_outcomes_do_not_count ... ok
test lb::outlier::tests::cap_trims_candidates_in_resolver_order ... ok
test lb::outlier::tests::child_without_registered_policy_is_rejected ... ok
test lb::outlier::tests::ejection_backoff_grows_with_total_ejections ... ok
test lb::outlier::tests::enforcement_zero_disables_ejection ... ok
test lb::outlier::tests::failure_percentage_ejects_and_unejects ... ok
test lb::outlier::tests::minimum_hosts_gates_detectors ... ok
test lb::outlier::tests::no_detectors_never_ejects ... ok
test lb::outlier::tests::removed_addresses_prune_state ... ok
test lb::outlier::tests::success_rate_detector_ejects_low_outlier ... ok
test lb::pick_first::tests::backoff_grows_and_caps ... ok
test lb::pick_first::tests::exhausting_enters_backoff_then_restarts ... ok
test lb::pick_first::tests::interleave_alternates_families_from_first ... ok
test lb::pick_first::tests::list_change_resets_and_keeps_current ... ok
test lb::pick_first::tests::pending_current_waits_for_first_report ... ok
test lb::pick_first::tests::race_plan_rotates_from_current ... ok
test lb::pick_first::tests::rapid_shuffles_do_not_stick ... ok
test lb::pick_first::tests::round_failure_covers_list_enters_backoff ... ok
test lb::pick_first::tests::sticks_and_fails_over_in_order ... ok
test lb::pick_first::tests::unhealthy_current_fails_over_like_a_failed_dial ... ok
test lb::priority::tests::child_without_registered_policy_is_rejected ... ok
test lb::priority::tests::config_update_removes_child_immediately ... ok
test lb::priority::tests::connecting_child_holds_for_failover_timeout ... ok
test lb::priority::tests::deactivated_child_destroys_after_timeout ... ok
test lb::priority::tests::empty_priorities_fail_picks ... ok
test lb::priority::tests::fails_over_and_back ... ok
test lb::priority::tests::flat_update_feeds_highest_priority_only ... ok
test lb::priority::tests::health_reports_forward_to_owning_child ... ok
test lb::priority::tests::invalid_config_update_keeps_old_config ... ok
test lb::priority::tests::request_hash_uses_first_configured_header ... ok
test lb::priority::tests::serves_highest_priority_first ... ok
test lb::ring_hash::tests::down_backend_fails_over_within_ring_order ... ok
test client::pool::tests::unary_backoff_releases_pool_load_and_connection_lease ... ok
test lb::ring_hash::tests::missing_hash_fails_fast ... ok
test lb::ring_hash::tests::ring_clamps_to_max ... ok
test lb::ring_hash::tests::ring_scales_and_sorts ... ok
test lb::ring_hash::tests::same_hash_sticks_same_backend ... ok
test lb::ring_hash::tests::hashes_spread_across_backends ... ok
test lb::ring_hash::tests::xxh64_matches_go_vectors ... ok
test lb::round_robin::tests::all_down_fails_until_backoff_lapses ... ok
test lb::round_robin::tests::failed_address_leaves_rotation_then_rejoins ... ok
test lb::round_robin::tests::rotates_strictly_over_ready_set ... ok
test lb::round_robin::tests::health_pending_skips_until_first_report ... ok
test lb::round_robin::tests::unhealthy_leaves_and_rejoins_on_recovery ... ok
test lb::round_robin::tests::update_keeps_survivor_state_and_drops_removed ... ok
test lb::subset::tests::child_config_selects_first_registered ... ok
test lb::subset::tests::picks_stay_inside_subset ... ok
test lb::tests::no_selection_without_config_or_factory ... ok
test lb::subset::tests::subset_is_stable_and_bounded ... ok
test lb::tests::selects_first_registered_in_preference_order ... ok
test lb::wrr::tests::edf_smooths_bursts ... ok
test lb::wrr::tests::blackout_holds_new_weights ... ok
test lb::wrr::tests::edf_spreads_proportionally ... ok
test lb::wrr::tests::error_penalty_downweights_errors ... ok
test lb::wrr::tests::failure_backs_off_then_rejoins ... ok
test lb::wrr::tests::no_reports_behaves_as_round_robin ... ok
test lb::wrr::tests::oob_slot_claims_once ... ok
test lb::wrr::tests::per_call_ignored_while_oob_enabled ... ok
test lb::wrr::tests::single_weighted_endpoint_stays_round_robin ... ok
test lb::wrr::tests::unhealthy_leaves_scheduler_and_rejoins ... ok
test limits::tests::builders_round_trip ... ok
test limits::tests::byte_budget_peak_counts_overlapping_permits_and_rejects_overflow ... ok
test limits::tests::byte_budget_tracker_acquire_and_release ... ok
test limits::tests::byte_budget_tracker_unlimited ... ok
test limits::tests::byte_permit_merge_and_forget ... ok
test limits::tests::default_caps_inbound_only ... ok
test limits::tests::merging_a_zero_byte_token_transfers_only_the_held_owners_token ... ok
test limits::tests::unlimited_accepts_anything ... ok
test limits::tests::zero_byte_tokens_and_counter_overflow_are_independent_of_byte_budget ... ok
test metadata::tests::ascii_and_bin_are_separate_namespaces ... ok
test metadata::tests::clear_drops_user_entries ... ok
test metadata::tests::contains_matches_get ... ok
test metadata::tests::diagnostic_key_names_are_bounded_even_when_values_are_opted_in ... ok
test lb::wrr::tests::weights_converge_to_reported_ratio ... ok
test metadata::tests::get_all_hides_reserved_keys ... ok
test metadata::tests::get_all_bin_yields_repeated_values ... ok
test metadata::tests::insert_rejects_reserved_keys ... ok
test metadata::tests::invalid_keys_and_values_are_rejected ... ok
test metadata::tests::keys_lists_unique_user_names ... ok
test metadata::tests::iterators_split_by_suffix ... ok
test metadata::tests::only_reserved_keys_reads_as_empty ... ok
test metadata::tests::merge_appends_user_entries_and_skips_reserved ... ok
test metadata::tests::opted_in_debug_does_not_print_non_ascii_header_bytes ... ok
test metadata::tests::padded_and_unpadded_bin_values_decode ... ok
test metadata::tests::remove_drops_user_keys_and_ignores_reserved ... ok
test metadata::tests::repeated_keys_accumulate ... ok
test metadata::tests::reserved_keys_are_invisible ... ok
test metadata::tests::retain_drops_reserved_names ... ok
test metadata::tests::retain_keeps_matching_keys ... ok
test metadata::tests::set_bin_replaces_existing_values ... ok
test metadata::tests::set_rejects_reserved_and_leaves_map ... ok
test metadata::tests::set_replaces_existing_values ... ok
test orca::recorder::tests::clear_and_delete_unset ... ok
test orca::recorder::tests::request_wins_per_metric ... ok
test orca::recorder::tests::snapshot_round_trips_set_metrics ... ok
test orca::report::tests::interval_clamp_applies_minimum ... ok
test orca::recorder::tests::stamp_writes_decodable_trailer ... ok
test orca::report::tests::malformed_trailer_is_none ... ok
test orca::report::tests::qps_prefers_fractional_then_legacy ... ok
test orca::report::tests::request_cost_filter_empty_keeps_all ... ok
test orca::report::tests::trailer_round_trip ... ok
test orca::report::tests::utilization_falls_back_app_then_cpu ... ok
test orca::report::tests::utilization_selects_configured_metric_max ... ok
test orca::service::tests::zero_interval_means_minimum ... ok
test orca::tests::per_query_copies_exactly_the_four_load_fields ... ok
test orca::tests::per_query_rejects_bad_labels_and_values ... ok
test orca::tests::per_query_rejects_over_cap_maps ... ok
test pb::tests::bad_request_with_field_entry_round_trips ... ok
test pb::tests::bad_request_with_field_round_trips ... ok
test pb::tests::custom_prefix_still_unpacks ... ok
test pb::tests::debug_info_with_stack_entry_round_trips ... ok
test pb::tests::debug_info_with_stack_round_trips ... ok
test pb::tests::error_details_round_trips_known_and_unknown ... ok
test pb::tests::error_details_with_bad_request_round_trips ... ok
test pb::tests::error_details_with_debug_info_round_trips ... ok
test pb::tests::error_details_with_error_info_round_trips ... ok
test pb::tests::error_details_with_help_round_trips ... ok
test pb::tests::error_details_with_localized_message_round_trips ... ok
test pb::tests::error_details_with_precondition_failure_round_trips ... ok
test pb::tests::error_details_with_quota_failure_round_trips ... ok
test pb::tests::error_details_with_request_info_round_trips ... ok
test pb::tests::error_details_with_resource_info_round_trips ... ok
test pb::tests::error_details_with_retry_info_round_trips ... ok
test pb::tests::error_details_with_unknown_round_trips ... ok
test pb::tests::error_info_with_metadata_round_trips ... ok
test pb::tests::error_info_with_reason_round_trips ... ok
test pb::tests::field_violation_with_localized_message_round_trips ... ok
test pb::tests::field_violation_with_reason_round_trips ... ok
test pb::tests::google_rpc_status_carries_packed_details ... ok
test pb::tests::help_with_link_entry_round_trips ... ok
test pb::tests::help_with_link_round_trips ... ok
test pb::tests::localized_message_with_locale_round_trips ... ok
test pb::tests::nested_detail_types_round_trip_through_error_details ... ok
test pb::tests::pack_unpack_round_trips_error_info ... ok
test pb::tests::precondition_failure_with_violation_entry_round_trips ... ok
test pb::tests::precondition_failure_with_violation_round_trips ... ok
test pb::tests::protobuf_duration_rejects_negative ... ok
test pb::tests::quota_failure_with_api_service_round_trips ... ok
test pb::tests::quota_failure_with_future_quota_value_round_trips ... ok
test pb::tests::quota_failure_with_quota_dimension_round_trips ... ok
test pb::tests::quota_failure_with_quota_id_round_trips ... ok
test pb::tests::quota_failure_with_quota_metric_round_trips ... ok
test pb::tests::quota_failure_with_quota_value_round_trips ... ok
test pb::tests::quota_failure_with_violation_entry_round_trips ... ok
test pb::tests::quota_failure_with_violation_round_trips ... ok
test pb::tests::request_info_with_request_id_round_trips ... ok
test pb::tests::resource_info_with_description_round_trips ... ok
test pb::tests::resource_info_with_resource_round_trips ... ok
test pb::tests::unpack_rejects_the_wrong_type ... ok
test proxy::tests::no_proxy_matching ... ok
test proxy::tests::proxy_url_shapes ... ok
test proxy::tests::status_line_parsing ... ok
test proxy::tests::user_timeout_round_trips_on_linux ... ok
test request::tests::call_handle_observes_cancel ... ok
test request::tests::call_is_fused_after_ready ... ok
test request::tests::envelope_debug_requires_consent_for_unverified_identity ... ok
test request::tests::envelope_survives_a_message_swap ... ok
test request::tests::outgoing_channel_overlays_survive_clear ... ok
test request::tests::outgoing_deadline_and_wait_for_ready_is_set ... ok
test request::tests::outgoing_debug_names_static_path_and_redacts_authority ... ok
test request::tests::outgoing_set_user_agent_prefixes_this_rpc ... ok
test request::tests::request_and_parts_peer_debug_requires_bounded_consent ... ok
test request::tests::request_map_keeps_metadata ... ok
test request::tests::request_set_user_agent_prefixes_this_rpc ... ok
test request::tests::response_map_keeps_metadata ... ok
test resolver::dns::tests::a10_skip_rules ... ok
test resolver::dns::tests::clamps_refresh_into_bounds ... ok
test resolver::dns::tests::validates_bounds ... ok
test resolver::snapshot::tests::dedupes_keeping_order ... ok
test resolver::target::tests::accepts_every_scheme ... ok
test resolver::target::tests::rejects_bad_inputs_per_scheme ... ok
test resolver::target::tests::rejects_plain_host_port ... ok
test resolver::txt::tests::config_name_and_query_shape ... ok
test resolver::txt::tests::hostile_packets_are_errors ... ok
test resolver::txt::tests::loopback_fetch_round_trip ... ok
test resolver::txt::tests::nxdomain_is_empty_not_error ... ok
test resolver::txt::tests::parses_txt_and_concatenates_strings ... ok
test resolver::txt::tests::pointer_loop_terminates ... ok
test rt::manual::tests::interval_first_tick_is_immediate_then_parks ... ok
test rt::manual::tests::sleep_parks_until_the_manual_clock_advances ... ok
test rt::manual::tests::timeout_completion_wins_over_an_expired_deadline ... ok
test rt::manual::tests::timeout_expires_without_any_wall_wait ... ok
test rt::per_core::tests::out_of_range_cores_fail_closed ... ok
test rt::per_core::tests::pinning_runs_on_its_own_thread ... ok
test rt::per_core::tests::reuseport_allows_two_shards_on_one_address ... ok
test server::drain::sv09_cancel_tests::panicking_poll_cancels_before_dropping_the_writer ... ok
test server::drain::sv09_cancel_tests::pending_drop_keeps_the_guard_until_abandonment ... ok
test server::drain::sv09_cancel_tests::ready_await_cancels_before_dropping_the_completed_writer ... ok
test server::drain::sv09_cancel_tests::unpolled_drop_cancels_before_dropping_the_writer ... ok
test server::tests::connection_info_debug_masks_peer_details_without_hiding_getters ... ok
test server::tests::splits_service_and_method ... ok
test server::tests::unparseable_paths_route_nowhere ... ok
test service_config::tests::backoff_stays_within_jitter_band ... ok
test service_config::tests::duplicate_names_are_invalid ... ok
test service_config::tests::durations_parse_fractional_seconds ... ok
test service_config::tests::least_request_clamps_rejects_and_aliases ... ok
test service_config::tests::max_attempts_clamps_to_five ... ok
test service_config::tests::method_without_service_is_invalid ... ok
test service_config::tests::parses_full_document ... ok
test service_config::tests::pushback_reads_status_slot ... ok
test service_config::tests::pushback_values_parse ... ok
test service_config::tests::retry_and_hedging_are_exclusive ... ok
test service_config::tests::ring_hash_parses_header_and_alias ... ok
test service_config::tests::subset_parses_child_and_rejects_nesting ... ok
test service_config::tests::throttler_gates_at_half_bucket ... ok
test service_config::tests::unknown_lb_policy_parses_as_unknown ... ok
test service_config::tests::wrr_parses_a114_names_and_rejects_negative_penalty ... ok
test status::tests::a6_retryable_is_unavailable_only ... ok
test status::tests::bad_request_reads_packed_field_violations ... ok
test status::tests::bare_codes_carry_no_detail ... ok
test status::tests::codes_parse_from_name_and_number ... ok
test status::tests::debug_info_reads_packed_operator_stack ... ok
test status::tests::details_are_independent_of_metadata ... ok
test status::tests::display_matches_canonical_names ... ok
test status::tests::error_details_bag_round_trips_through_status ... ok
test status::tests::error_info_reads_packed_error_info ... ok
test status::tests::every_constructor_carries_its_own_code ... ok
test status::tests::from_error_wraps_local_errors ... ok
test status::tests::help_reads_packed_documentation_links ... ok
test interop_cases::tests::test_rpc_soak_detects_exceeded_latency_budget ... ok
test status::tests::io_connection_refused_is_unavailable ... ok
test status::tests::io_timeout_is_deadline_exceeded ... ok
test status::tests::localized_message_reads_packed_locale ... ok
test status::tests::metadata_is_allocated_on_demand ... ok
test status::tests::peer_trailer_has_no_cause ... ok
test status::tests::peer_unavailable_message_is_not_transport_lost ... ok
test status::tests::post_dispatch_transport_error_is_not_retryable ... ok
test status::tests::pre_headers_transport_error_is_retryable ... ok
test status::tests::precondition_failure_reads_packed_precondition_types ... ok
test status::tests::quota_failure_reads_packed_quota_subjects ... ok
test status::tests::refused_stream_is_transport_lost_and_retryable ... ok
test status::tests::request_info_reads_packed_request_id ... ok
test status::tests::resource_info_reads_packed_resource_identity ... ok
test status::tests::rpc_synthesizes_a_protobuf_when_the_trailer_is_absent ... ok
test status::tests::retry_delay_reads_packed_retry_info ... ok
test status::tests::set_code_keeps_a_packed_google_rpc_status_in_sync ... ok
test status::tests::set_code_leaves_a_mismatched_packed_code_alone ... ok
test status::tests::set_code_leaves_opaque_details_alone ... ok
test status::tests::set_message_keeps_a_packed_google_rpc_status_in_sync ... ok
test status::tests::set_from_error_details_keeps_trailing_metadata ... ok
test status::tests::set_message_keeps_metadata_and_details ... ok
test status::tests::set_rpc_keeps_trailing_metadata ... ok
test status::tests::status_is_two_words ... ok
test status::tests::stream_closed_is_ambiguous_loss_and_not_retryable ... ok
test status::tests::unrecognised_codes_become_unknown ... ok
test status::tests::typed_details_round_trip_through_status ... ok
test status::tests::wire_codes_round_trip ... ok
test status::tests::with_cause_is_error_source ... ok
test stream::tests::a_clone_keeps_the_stream_open ... ok
test stream::tests::buffer_is_never_zero ... ok
test stream::tests::channel_round_trips_messages ... ok
test stream::tests::collect_gathers_all ... ok
test stream::tests::dropping_the_reader_closes_the_sender ... ok
test stream::tests::fail_surfaces_status ... ok
test stream::tests::empty_stream_ends_immediately ... ok
test stream::tests::framed_constructors_set_the_flag ... ok
test stream::tests::streaming_is_a_futures_stream ... ok
test stream::tests::streaming_is_fused_after_end ... ok
test tcp::tests::absent_proxy_env_means_direct_dial ... ok
test tcp::tests::connect_bound_literal_mismatch_is_no_usable_address ... ok
test tcp::tests::connect_unbound_still_dials ... ok
test tcp::tests::tune_sets_nodelay_and_optional_keepalive ... ok
test telemetry::ob02_tests::bounded_metric_events_carry_no_peer_secrets ... ok
test tcp::tests::connect_bound_source_is_the_peer_ip ... ok
test telemetry::ob02_tests::in_memory_sink_diagnoses_timeout_retry_and_saturation ... ok
test telemetry::ob02_tests::metric_event_stays_stack_small ... ok
test telemetry::ob02_tests::telemetry_context_debug_redacts_values_but_keeps_keys ... ok
test telemetry::ob02_tests::traceparent_validator_accepts_only_strict_v00 ... ok
test telemetry::tests::diagnostic_peer_debug_is_lazy_and_unicode_safe ... ok
test testing::tests::generated_response_body_has_an_explicit_demo_cap ... ok
test testing::tests::streaming_input_aggregation_rejects_overflow_without_saturation ... ok
test timeout::tests::deadline_helpers_track_remaining_budget ... ok
test timeout::tests::every_unit_round_trips ... ok
test timeout::tests::long_digit_runs_are_accepted_when_they_fit ... ok
test timeout::tests::malformed_values_are_none_not_panics ... ok
test timeout::tests::nanosecond_precision_survives_when_no_coarser_unit_is_exact ... ok
test timeout::tests::overflowing_minutes_and_hours_are_none ... ok
test timeout::tests::oversized_durations_fall_back_to_hours ... ok
test timeout::tests::the_coarsest_exact_unit_wins ... ok
test orca::service::tests::streams_immediate_snapshot_then_periodic ... ok
test telemetry::ob02_tests::dispatch_overhead_probe_reports_disabled_and_enabled ... ok
test tls::handshake::crl_rejects_revoked_client_cert ... ok
test tls::handshake::crl_rejects_revoked_server_cert ... ok
test tls::handshake::crl_accepts_good_server_cert ... ok
test tls::handshake::crl_accepts_good_client_cert ... ok
test tls::handshake::handshake_observer_fires_on_both_ends ... ok
test tls::handshake::mtls_handshake_rejects_anonymous_client ... ok
test tls::handshake::fresh_client_config_does_not_resume ... ok
test tls::handshake::handshake_observer_reports_resumption ... ok
test tls::handshake::spiffe_accepts_matching_client_cert ... ok
test tls::handshake::spiffe_rejects_client_without_uri_san ... ok
test tls::handshake::spiffe_rejects_server_without_uri_san ... ok
test tls::handshake::spiffe_rejects_wrong_server_id ... ok
test tls::handshake::unrelated_crl_fails_closed ... ok
test tls::handshake::session_resumes_across_connections_with_shared_configs ... ok
test tls::tests::crl_pem_parsing ... ok
test tls::tests::empty_pem_is_invalid_argument ... ok
test tls::tests::identity_exposes_der_certificates ... ok
test tls::tests::peer_identity_skips_an_empty_chain ... ok
test tls::tests::post_quantum_status_tracks_provider ... ok
test tls::tests::server_name_must_be_a_dns_or_ip ... ok
test tls::tests::spiffe_constructors_reject_malformed_ids ... ok
test tls::tests::spiffe_id_validation ... ok
test tls::tests::tls_handshake_addr_not_available_is_unavailable ... ok
test tls::tests::tls_handshake_invalid_data_is_unauthenticated ... ok
test tls::tests::tls_handshake_reset_is_unavailable ... ok
test tls::tests::uri_san_extraction ... ok
test tls::tests::uri_san_extraction_never_panics_on_truncation ... ok
test wire::encode::tests::segments_concat_to_identical_frame ... ok
test wire::encode::tests::small_message_stays_single_segment ... ok
test wire::frame_reader::tests::hostile_header_still_errors_at_pop ... ok
test wire::frame_reader::tests::spanning_frame_pops_intact ... ok
test wire::tests::accepts_gzip_parses_the_usual_header_shapes ... ok
test tls::handshake::spiffe_accepts_matching_server_cert ... ok
test tls::handshake::without_crl_revoked_server_cert_connects ... ok
test wire::tests::arbitrary_bytes_never_panic_and_never_exceed_the_cap ... ok
test wire::tests::effective_timeout_picks_the_sooner_deadline ... ok
test wire::tests::frames_split_across_chunks_are_rejoined ... ok
test wire::tests::grpc_content_type_accepts_the_spec_prefix ... ok
test wire::tests::grpc_encoding_accepts_identity_and_gzip_case_insensitively ... ok
test wire::tests::leftover_bytes_after_a_frame_carry_into_the_next_chunk ... ok
test wire::tests::message_decoding_round_trips ... ok
test wire::tests::message_encoding_matches_the_spec_set ... ok
test wire::tests::outbound_requests_can_omit_gzip_from_accept_encoding ... ok
test wire::tests::outbound_requests_identify_the_kernel ... ok
test wire::tests::outbound_tls_requests_use_the_https_scheme ... ok
test wire::tests::padded_details_bin_is_accepted ... ok
test wire::tests::status_details_round_trip_on_the_wire ... ok
test wire::tests::stray_percent_decodes_literally ... ok
test wire::tests::truncation_is_an_error ... ok
test wire::tests::user_agent_prefixes_the_kernel_identity ... ok
test wire::tests::whole_frames_in_one_chunk_are_not_copied ... ok
test wire::tests::compressed_frames_respect_the_cap ... ok
test wire::tests::arbitrary_chunk_boundaries_preserve_every_frame ... ok
test interop_cases::tests::test_rpc_soak_detects_omitted_iterations ... ok

test result: ok. 442 passed; 0 failed; 0 ignored; 0 measured; 0 filtered out; finished in 2.31s

