    Checking libc v0.2.189
    Checking pin-project-lite v0.2.17
    Checking bytes v1.12.1
    Checking futures-core v0.3.34
    Checking socket2 v0.6.5
    Checking mio v1.2.2
    Checking once_cell v1.21.4
    Checking itoa v1.0.18
    Checking futures-sink v0.3.34
    Checking tokio v1.53.1
   Compiling syn v2.0.119
    Checking slab v0.4.12
    Checking http v1.5.0
    Checking cfg-if v1.0.4
   Compiling tracing-attributes v0.1.31
    Checking tracing-core v0.1.36
   Compiling getrandom v0.3.4
    Checking hashbrown v0.17.1
    Checking zeroize v1.9.0
    Checking futures-task v0.3.34
    Checking equivalent v1.0.2
    Checking indexmap v2.14.0
    Checking futures-util v0.3.34
    Checking rustls-pki-types v1.15.1
    Checking tracing v0.1.44
    Checking http-body v1.1.0
    Checking tokio-util v0.7.19
    Checking tower-service v0.3.3
    Checking serde_core v1.0.229
    Checking futures-channel v0.3.34
    Checking try-lock v0.2.5
   Compiling rustls v0.23.45
    Checking atomic-waker v1.1.2
    Checking fnv v1.0.7
    Checking untrusted v0.9.0
    Checking rustls-webpki v0.103.15
    Checking h2 v0.4.19
warning: pbrs@0.2.0: wrote conformance descriptor set
    Checking want v0.3.1
    Checking httparse v1.10.1
   Compiling memchr v2.8.3
    Checking httpdate v1.0.3
    Checking tower-layer v0.3.3
    Checking log v0.4.34
    Checking sync_wrapper v1.0.2
    Checking subtle v2.6.1
    Checking smallvec v1.15.2
    Checking hyper v1.11.0
   Compiling serde_json v1.0.151
    Checking http-body-util v0.1.5
    Checking mime v0.3.17
    Checking percent-encoding v2.3.2
   Compiling pbrs v0.2.0 (/workspace/pure-protobuf)
    Checking axum-core v0.5.6
    Checking hyper-util v0.1.20
    Checking tower v0.5.3
    Checking zmij v1.0.23
   Compiling pin-project-internal v1.1.13
    Checking tokio-stream v0.1.19
    Checking matchit v0.8.4
    Checking simd-adler32 v0.3.10
    Checking adler2 v2.0.1
    Checking miniz_oxide v0.9.1
    Checking axum v0.8.9
    Checking pin-project v1.1.13
    Checking hyper-timeout v0.5.2
    Checking crc32fast v1.5.1
   Compiling pbrs-grpc v0.1.0-alpha.2 (/workspace/pure-protobuf/pbrs-grpc)
    Checking tokio-rustls v0.26.4
    Checking serde v1.0.229
    Checking graviola v0.2.1
    Checking simdutf8 v0.1.5
    Checking base64 v0.22.1
   Compiling zerocopy v0.8.57
    Checking tonic v0.14.6
    Checking rustls-graviola v0.2.1
    Checking flate2 v1.1.10
    Checking webpki-roots v1.0.9
    Checking rustls-pemfile v2.2.0
   Compiling thiserror v2.0.21
    Checking ppv-lite86 v0.2.21
    Checking rand_core v0.9.5
   Compiling thiserror-impl v2.0.21
    Checking rand_chacha v0.9.0
    Checking rand v0.9.5
    Checking opentelemetry v0.31.0
    Checking futures-executor v0.3.34
    Checking opentelemetry_sdk v0.31.0
warning: unused import: `crate::wire::frame_reader::FrameReader`
   --> pbrs-grpc/src/copy_counts.rs:184:9
    |
184 |     use crate::wire::frame_reader::FrameReader;
    |         ^^^^^^^^^^^^^^^^^^^^^^^^^^^^^^^^^^^^^^
    |
    = note: `#[warn(unused_imports)]` on by default

warning: `pbrs-grpc` (lib test) generated 1 warning (run `cargo fix --lib -p pbrs-grpc --tests` to apply 1 suggestion)
    Finished `dev` profile [unoptimized] target(s) in 1m 54s
