Fri Oct  2 19:16:46 UTC 2026
1e6b1119182e1e4e90f2d93656765b3bf4929b81
go version go1.25.3 linux/amd64
go: downloading google.golang.org/protobuf v1.36.12
go: downloading golang.org/x/sys v0.47.0
go: downloading google.golang.org/genproto/googleapis/rpc v0.0.0-20260817212433-ac3dfec99bb1
go: downloading github.com/envoyproxy/go-control-plane/envoy v1.39.1-0.20260819172001-e6e3fd93e4be
go: downloading golang.org/x/net v0.58.0
go: downloading github.com/cespare/xxhash/v2 v2.3.0
go: downloading github.com/cncf/xds/go v0.0.0-20260202195803-dba9d589def2
go: downloading github.com/spiffe/go-spiffe/v2 v2.8.1
go: downloading github.com/envoyproxy/protoc-gen-validate v1.3.3
go: downloading google.golang.org/genproto/googleapis/api v0.0.0-20260817212433-ac3dfec99bb1
go: downloading cel.dev/expr v0.25.3
go: downloading cloud.google.com/go/compute/metadata v0.9.0
go: downloading cloud.google.com/go/auth v0.23.1
go: downloading golang.org/x/text v0.41.0
go: downloading github.com/go-jose/go-jose/v4 v4.1.4
go: downloading golang.org/x/oauth2 v0.36.0
go: downloading github.com/googleapis/gax-go/v2 v2.23.0
go: downloading golang.org/x/sync v0.22.0
go: downloading github.com/googleapis/enterprise-certificate-proxy v0.3.21
go: downloading go.opentelemetry.io/contrib/instrumentation/net/http/otelhttp v0.70.0
go: downloading go.opentelemetry.io/otel v1.45.0
go: downloading go.opentelemetry.io/otel/trace v1.45.0
go: downloading google.golang.org/api v0.293.0
go: downloading github.com/google/s2a-go v0.1.9
go: downloading go.opentelemetry.io/otel/metric v1.45.0
go: downloading github.com/felixge/httpsnoop v1.1.0
go: downloading github.com/go-logr/logr v1.4.4
go: downloading golang.org/x/crypto v0.55.0
go: downloading github.com/go-logr/stdr v1.2.2
go: downloading go.opentelemetry.io/auto/sdk v1.2.1
/workspace/pure-protobuf/work/toolchain/go-mod-cache/github.com/googleapis/gax-go/v2@v2.23.0/apierror/apierror.go:45:2: google.golang.org/api@v0.293.0: Get "https://storage.googleapis.com/proxy-golang-org-prod/09317c85d06cd027-google.golang.org:api-v0.293.0.zip?Expires=1791050866&GoogleAccessId=gcs-urlsigner-prod%40golang-modproxy.iam.gserviceaccount.com&Signature=tYg%2FOp1KO3vq6zAh%2B%2FkqJfr5DrW5lzp7450Pzgho9RJBKFqEV7pbCUZUGd1YzBwwOMUV5W7DpZPnpmwfXa3tWPJPyvbnUViVqavIMYVErL9DcQhv7%2FjFbtMLFXAJxv76EoQmS0igO8ndMeJkD0GL7fKP5DnXuXSOd516UBndPtHnvK%2BwaSC6nyWdoSK%2F%2BGsndx8D8cOyatg59aiE%2BSF8MZZYbJXRyxcfF3kvQI6CsRtVdxR5%2F527jItniIF7g3g8jfcMyAbdAhgaXbNLhheGcybE%2BkP4sXVukRKAg8SWr1WMa%2Bta%2BwxoyBcyBAsHFjZMwVmZWjgqeazHzN9Er6aovQ%3D%3D": Forbidden
