   Compiling pbrs v0.2.0 (/workspace/scratch/work/sb21)
   Compiling protobuf-tonic v0.1.0-alpha.2 (/workspace/scratch/work/sb21/protobuf-tonic)
   Compiling pbrs-grpc v0.1.0-alpha.2 (/workspace/scratch/work/sb21/pbrs-grpc)
   Compiling pbrs-rpc-bench v0.1.0 (/workspace/scratch/work/sb21/rpc-bench)
error: file is loaded as a module multiple times: `tests/../src/resources.rs`
  |
  = help: replace all but one `mod` item with `use` items
  = help: for further information visit https://rust-lang.github.io/rust-clippy/rust-1.99.0/index.html#duplicate_mod
  = note: `-D clippy::duplicate-mod` implied by `-D warnings`
  = help: to override `-D warnings` add `#[allow(clippy::duplicate_mod)]`

error: use of a disallowed type `std::sync::Mutex`
  --> tests/../src/load.rs:31:22
   |
31 | use std::sync::{Arc, Mutex};
   |                      ^^^^^
   |
   = note: Held across await points too easily. Use tokio::sync::Mutex, or parking_lot for short non-async critical sections.
   = help: for further information visit https://rust-lang.github.io/rust-clippy/rust-1.99.0/index.html#disallowed_types
   = note: `-D clippy::disallowed-types` implied by `-D warnings`
   = help: to override `-D warnings` add `#[allow(clippy::disallowed_types)]`

error: use of a disallowed type `std::sync::Mutex`
   --> tests/../src/load.rs:352:22
    |
352 |     scheduling_lags: Mutex<Vec<u64>>,
    |                      ^^^^^^^^^^^^^^^
    |
    = note: Held across await points too easily. Use tokio::sync::Mutex, or parking_lot for short non-async critical sections.
    = help: for further information visit https://rust-lang.github.io/rust-clippy/rust-1.99.0/index.html#disallowed_types

error: use of a disallowed type `std::sync::Mutex`
   --> tests/../src/load.rs:353:24
    |
353 |     service_latencies: Mutex<Vec<u64>>,
    |                        ^^^^^^^^^^^^^^^
    |
    = note: Held across await points too easily. Use tokio::sync::Mutex, or parking_lot for short non-async critical sections.
    = help: for further information visit https://rust-lang.github.io/rust-clippy/rust-1.99.0/index.html#disallowed_types

error: use of a disallowed type `std::sync::Mutex`
   --> tests/../src/load.rs:354:20
    |
354 |     e2e_latencies: Mutex<Vec<u64>>,
    |                    ^^^^^^^^^^^^^^^
    |
    = note: Held across await points too easily. Use tokio::sync::Mutex, or parking_lot for short non-async critical sections.
    = help: for further information visit https://rust-lang.github.io/rust-clippy/rust-1.99.0/index.html#disallowed_types

error: use of a disallowed type `std::sync::Mutex`
   --> tests/../src/load.rs:355:20
    |
355 |     status_errors: Mutex<BTreeMap<String, u64>>,
    |                    ^^^^^^^^^^^^^^^^^^^^^^^^^^^^
    |
    = note: Held across await points too easily. Use tokio::sync::Mutex, or parking_lot for short non-async critical sections.
    = help: for further information visit https://rust-lang.github.io/rust-clippy/rust-1.99.0/index.html#disallowed_types

error: use of a disallowed type `std::sync::Mutex`
   --> tests/../src/load.rs:372:30
    |
372 |             scheduling_lags: Mutex::new(Vec::new()),
    |                              ^^^^^
    |
    = note: Held across await points too easily. Use tokio::sync::Mutex, or parking_lot for short non-async critical sections.
    = help: for further information visit https://rust-lang.github.io/rust-clippy/rust-1.99.0/index.html#disallowed_types

error: use of a disallowed type `std::sync::Mutex`
   --> tests/../src/load.rs:373:32
    |
373 |             service_latencies: Mutex::new(Vec::new()),
    |                                ^^^^^
    |
    = note: Held across await points too easily. Use tokio::sync::Mutex, or parking_lot for short non-async critical sections.
    = help: for further information visit https://rust-lang.github.io/rust-clippy/rust-1.99.0/index.html#disallowed_types

error: use of a disallowed type `std::sync::Mutex`
   --> tests/../src/load.rs:374:28
    |
374 |             e2e_latencies: Mutex::new(Vec::new()),
    |                            ^^^^^
    |
    = note: Held across await points too easily. Use tokio::sync::Mutex, or parking_lot for short non-async critical sections.
    = help: for further information visit https://rust-lang.github.io/rust-clippy/rust-1.99.0/index.html#disallowed_types

error: use of a disallowed type `std::sync::Mutex`
   --> tests/../src/load.rs:375:28
    |
375 |             status_errors: Mutex::new(BTreeMap::new()),
    |                            ^^^^^
    |
    = note: Held across await points too easily. Use tokio::sync::Mutex, or parking_lot for short non-async critical sections.
    = help: for further information visit https://rust-lang.github.io/rust-clippy/rust-1.99.0/index.html#disallowed_types

error: this `if` statement can be collapsed
   --> tests/../src/load.rs:550:21
    |
550 | /                     if let Some(max) = max_calls {
551 | |                         if state.offered_calls.load(Ordering::Relaxed) >= max {
552 | |                             running.store(false, Ordering::Relaxed);
553 | |                             break;
554 | |                         }
555 | |                     }
    | |_____________________^
    |
    = help: for further information visit https://rust-lang.github.io/rust-clippy/rust-1.99.0/index.html#collapsible_if
    = note: `-D clippy::collapsible-if` implied by `-D warnings`
    = help: to override `-D warnings` add `#[allow(clippy::collapsible_if)]`
help: collapse nested if block
    |
550 ~                     if let Some(max) = max_calls
551 ~                         && state.offered_calls.load(Ordering::Relaxed) >= max {
552 |                             running.store(false, Ordering::Relaxed);
553 |                             break;
554 ~                         }
    |

error: this `if` statement can be collapsed
   --> tests/../src/load.rs:619:13
    |
619 | /             if let Some(max) = self.cfg.max_calls {
620 | |                 if count >= max {
621 | |                     break;
622 | |                 }
623 | |             }
    | |_____________^
    |
    = help: for further information visit https://rust-lang.github.io/rust-clippy/rust-1.99.0/index.html#collapsible_if
help: collapse nested if block
    |
619 ~             if let Some(max) = self.cfg.max_calls
620 ~                 && count >= max {
621 |                     break;
622 ~                 }
    |

error: this `if` statement can be collapsed
   --> tests/../src/load.rs:705:13
    |
705 | /             if let Some(max) = self.cfg.max_calls {
706 | |                 if count >= max {
707 | |                     break;
708 | |                 }
709 | |             }
    | |_____________^
    |
    = help: for further information visit https://rust-lang.github.io/rust-clippy/rust-1.99.0/index.html#collapsible_if
help: collapse nested if block
    |
705 ~             if let Some(max) = self.cfg.max_calls
706 ~                 && count >= max {
707 |                     break;
708 ~                 }
    |

error: this `if` statement can be collapsed
   --> tests/../src/resources.rs:196:9
    |
196 | /         if let Some(per_rpc) = self.cpu_seconds_per_rpc {
197 | |             if per_rpc < 0.0 || per_rpc.is_nan() {
198 | |                 return Err(ResourceAttributionError::NegativeCpuSeconds(format!(
199 | |                     "invalid cpu_seconds_per_rpc: {per_rpc}"
...   |
202 | |         }
    | |_________^
    |
    = help: for further information visit https://rust-lang.github.io/rust-clippy/rust-1.99.0/index.html#collapsible_if
help: collapse nested if block
    |
196 ~         if let Some(per_rpc) = self.cpu_seconds_per_rpc
197 ~             && (per_rpc < 0.0 || per_rpc.is_nan()) {
198 |                 return Err(ResourceAttributionError::NegativeCpuSeconds(format!(
199 |                     "invalid cpu_seconds_per_rpc: {per_rpc}"
200 |                 )));
201 ~             }
    |

error: use of a disallowed method `std::fs::read_to_string`
   --> tests/../src/resources.rs:311:25
    |
311 |     if let Ok(status) = std::fs::read_to_string("/proc/self/status") {
    |                         ^^^^^^^^^^^^^^^^^^^^^^^
    |
    = note: Blocking IO on an async runtime. Use tokio::fs.
    = help: for further information visit https://rust-lang.github.io/rust-clippy/rust-1.99.0/index.html#disallowed_methods
    = note: `-D clippy::disallowed-methods` implied by `-D warnings`
    = help: to override `-D warnings` add `#[allow(clippy::disallowed_methods)]`

error: use of a disallowed method `std::fs::read_to_string`
   --> tests/../src/resources.rs:336:27
    |
336 |     if let Ok(contents) = std::fs::read_to_string("/sys/fs/cgroup/cpu.max") {
    |                           ^^^^^^^^^^^^^^^^^^^^^^^
    |
    = note: Blocking IO on an async runtime. Use tokio::fs.
    = help: for further information visit https://rust-lang.github.io/rust-clippy/rust-1.99.0/index.html#disallowed_methods

error: use of a disallowed method `std::fs::read_to_string`
   --> tests/../src/resources.rs:345:17
    |
345 |     let quota = std::fs::read_to_string("/sys/fs/cgroup/cpu/cpu.cfs_quota_us").ok()?;
    |                 ^^^^^^^^^^^^^^^^^^^^^^^
    |
    = note: Blocking IO on an async runtime. Use tokio::fs.
    = help: for further information visit https://rust-lang.github.io/rust-clippy/rust-1.99.0/index.html#disallowed_methods

error: use of a disallowed method `std::fs::read_to_string`
   --> tests/../src/resources.rs:346:18
    |
346 |     let period = std::fs::read_to_string("/sys/fs/cgroup/cpu/cpu.cfs_period_us").ok()?;
    |                  ^^^^^^^^^^^^^^^^^^^^^^^
    |
    = note: Blocking IO on an async runtime. Use tokio::fs.
    = help: for further information visit https://rust-lang.github.io/rust-clippy/rust-1.99.0/index.html#disallowed_methods

error: this `if` statement can be collapsed
   --> tests/../src/resources.rs:840:16
    |
840 |           } else if let Some(rest) = line.strip_prefix("Threads:") {
    |  ________________^
841 | |             if let Ok(val) = rest.trim().parse::<u32>() {
842 | |                 thread_count = val;
843 | |             }
844 | |         }
    | |_________^
    |
    = help: for further information visit https://rust-lang.github.io/rust-clippy/rust-1.99.0/index.html#collapsible_if
help: collapse nested if block
    |
840 ~         } else if let Some(rest) = line.strip_prefix("Threads:")
841 ~             && let Ok(val) = rest.trim().parse::<u32>() {
842 |                 thread_count = val;
843 ~             }
    |

error: use of a disallowed method `std::fs::read_to_string`
   --> tests/../src/resources.rs:875:22
    |
875 |         let status = std::fs::read_to_string("/proc/self/status")?;
    |                      ^^^^^^^^^^^^^^^^^^^^^^^
    |
    = note: Blocking IO on an async runtime. Use tokio::fs.
    = help: for further information visit https://rust-lang.github.io/rust-clippy/rust-1.99.0/index.html#disallowed_methods

error: use of a disallowed method `std::fs::write`
   --> tests/../src/report.rs:647:9
    |
647 |         std::fs::write(path, json)
    |         ^^^^^^^^^^^^^^
    |
    = note: Blocking IO on an async runtime. Use tokio::fs.
    = help: for further information visit https://rust-lang.github.io/rust-clippy/rust-1.99.0/index.html#disallowed_methods

error: this `if` statement can be collapsed
   --> tests/../src/report.rs:707:9
    |
707 | /         if let (Some(offered), Some(dispatched)) =
708 | |             (self.metrics.offered_rpcs, self.metrics.dispatched_rpcs)
709 | |         {
710 | |             if dispatched > offered {
...   |
715 | |         }
    | |_________^
    |
    = help: for further information visit https://rust-lang.github.io/rust-clippy/rust-1.99.0/index.html#collapsible_if
help: collapse nested if block
    |
708 ~             (self.metrics.offered_rpcs, self.metrics.dispatched_rpcs)
709 ~             && dispatched > offered {
710 |                 return Err(ValidationError::InconsistentCounts(format!(
711 |                     "dispatched_rpcs ({dispatched}) exceeds offered_rpcs ({offered})"
712 |                 )));
713 ~             }
    |

error: this `if` statement can be collapsed
   --> tests/../src/report.rs:716:9
    |
716 | /         if let Some(ref lag) = self.metrics.scheduling_lag_nanos {
717 | |             if lag.p50 > lag.p99 || lag.p99 > lag.max {
718 | |                 return Err(ValidationError::InvalidLatencyDistribution(format!(
719 | |                     "scheduling_lag_nanos percentiles not non-decreasing: p50={}, p99={}, max={}",
...   |
723 | |         }
    | |_________^
    |
    = help: for further information visit https://rust-lang.github.io/rust-clippy/rust-1.99.0/index.html#collapsible_if
help: collapse nested if block
    |
716 ~         if let Some(ref lag) = self.metrics.scheduling_lag_nanos
717 ~             && (lag.p50 > lag.p99 || lag.p99 > lag.max) {
718 |                 return Err(ValidationError::InvalidLatencyDistribution(format!(
...
721 |                 )));
722 ~             }
    |

error: this `if` statement can be collapsed
   --> tests/../src/report.rs:754:13
    |
754 | /             if let Some(p999) = lat.p999_nanos {
755 | |                 if !(lat.p99_nanos <= p999 && p999 <= lat.max_nanos) {
756 | |                     return Err(ValidationError::InvalidLatencyDistribution(format!(
757 | |                         "p999_nanos ({p999}) must be >= p99 ({}) and <= max ({})",
...   |
761 | |             }
    | |_____________^
    |
    = help: for further information visit https://rust-lang.github.io/rust-clippy/rust-1.99.0/index.html#collapsible_if
help: collapse nested if block
    |
754 ~             if let Some(p999) = lat.p999_nanos
755 ~                 && !(lat.p99_nanos <= p999 && p999 <= lat.max_nanos) {
756 |                     return Err(ValidationError::InvalidLatencyDistribution(format!(
...
759 |                     )));
760 ~                 }
    |

error: this `if` statement can be collapsed
   --> tests/../src/report.rs:778:9
    |
778 | /         if let Some(ref client_res) = self.metrics.client_resources {
779 | |             if let Err(e) = client_res.validate() {
780 | |                 return Err(ValidationError::InvalidResourceMetrics(format!(
781 | |                     "invalid client_resources: {e}"
...   |
784 | |         }
    | |_________^
    |
    = help: for further information visit https://rust-lang.github.io/rust-clippy/rust-1.99.0/index.html#collapsible_if
help: collapse nested if block
    |
778 ~         if let Some(ref client_res) = self.metrics.client_resources
779 ~             && let Err(e) = client_res.validate() {
780 |                 return Err(ValidationError::InvalidResourceMetrics(format!(
781 |                     "invalid client_resources: {e}"
782 |                 )));
783 ~             }
    |

error: this `if` statement can be collapsed
   --> tests/../src/report.rs:785:9
    |
785 | /         if let Some(ref server_res) = self.metrics.server_resources {
786 | |             if let Err(e) = server_res.validate() {
787 | |                 return Err(ValidationError::InvalidResourceMetrics(format!(
788 | |                     "invalid server_resources: {e}"
...   |
791 | |         }
    | |_________^
    |
    = help: for further information visit https://rust-lang.github.io/rust-clippy/rust-1.99.0/index.html#collapsible_if
help: collapse nested if block
    |
785 ~         if let Some(ref server_res) = self.metrics.server_resources
786 ~             && let Err(e) = server_res.validate() {
787 |                 return Err(ValidationError::InvalidResourceMetrics(format!(
788 |                     "invalid server_resources: {e}"
789 |                 )));
790 ~             }
    |

error: this `if` statement can be collapsed
   --> tests/../src/report.rs:880:9
    |
880 | /         if let Some(ref client_res) = self.client_resources {
881 | |             if let Err(e) = client_res.validate() {
882 | |                 return Err(ValidationError::InvalidResourceMetrics(format!(
883 | |                     "invalid report client_resources: {e}"
...   |
886 | |         }
    | |_________^
    |
    = help: for further information visit https://rust-lang.github.io/rust-clippy/rust-1.99.0/index.html#collapsible_if
help: collapse nested if block
    |
880 ~         if let Some(ref client_res) = self.client_resources
881 ~             && let Err(e) = client_res.validate() {
882 |                 return Err(ValidationError::InvalidResourceMetrics(format!(
883 |                     "invalid report client_resources: {e}"
884 |                 )));
885 ~             }
    |

error: this `if` statement can be collapsed
   --> tests/../src/report.rs:887:9
    |
887 | /         if let Some(ref server_res) = self.server_resources {
888 | |             if let Err(e) = server_res.validate() {
889 | |                 return Err(ValidationError::InvalidResourceMetrics(format!(
890 | |                     "invalid report server_resources: {e}"
...   |
893 | |         }
    | |_________^
    |
    = help: for further information visit https://rust-lang.github.io/rust-clippy/rust-1.99.0/index.html#collapsible_if
help: collapse nested if block
    |
887 ~         if let Some(ref server_res) = self.server_resources
888 ~             && let Err(e) = server_res.validate() {
889 |                 return Err(ValidationError::InvalidResourceMetrics(format!(
890 |                     "invalid report server_resources: {e}"
891 |                 )));
892 ~             }
    |

error: use of a disallowed method `std::fs::write`
   --> tests/../src/report.rs:902:9
    |
902 |         std::fs::write(path, json)
    |         ^^^^^^^^^^^^^^
    |
    = note: Blocking IO on an async runtime. Use tokio::fs.
    = help: for further information visit https://rust-lang.github.io/rust-clippy/rust-1.99.0/index.html#disallowed_methods

error: this `if` statement can be collapsed
    --> tests/../src/report.rs:1005:5
     |
1005 | /     if let Ok(val) = std::env::var("BENCH_GIT_COMMIT") {
1006 | |         if !val.trim().is_empty() {
1007 | |             return val.trim().to_string();
1008 | |         }
1009 | |     }
     | |_____^
     |
     = help: for further information visit https://rust-lang.github.io/rust-clippy/rust-1.99.0/index.html#collapsible_if
help: collapse nested if block
     |
1005 ~     if let Ok(val) = std::env::var("BENCH_GIT_COMMIT")
1006 ~         && !val.trim().is_empty() {
1007 |             return val.trim().to_string();
1008 ~         }
     |

error: this `if` statement can be collapsed
    --> tests/../src/report.rs:1010:5
     |
1010 | /     if let Ok(val) = std::env::var("GIT_COMMIT") {
1011 | |         if !val.trim().is_empty() {
1012 | |             return val.trim().to_string();
1013 | |         }
1014 | |     }
     | |_____^
     |
     = help: for further information visit https://rust-lang.github.io/rust-clippy/rust-1.99.0/index.html#collapsible_if
help: collapse nested if block
     |
1010 ~     if let Ok(val) = std::env::var("GIT_COMMIT")
1011 ~         && !val.trim().is_empty() {
1012 |             return val.trim().to_string();
1013 ~         }
     |

error: this `if` statement can be collapsed
    --> tests/../src/report.rs:1015:5
     |
1015 | /     if let Ok(output) = std::process::Command::new("git")
1016 | |         .args(["rev-parse", "HEAD"])
1017 | |         .output()
...    |
1025 | |     }
     | |_____^
     |
     = help: for further information visit https://rust-lang.github.io/rust-clippy/rust-1.99.0/index.html#collapsible_if
help: collapse nested if block
     |
1017 ~         .output()
1018 ~         && output.status.success() {
1019 |             let sha = String::from_utf8_lossy(&output.stdout).trim().to_string();
 ...
1022 |             }
1023 ~         }
     |

error: use of a disallowed method `std::fs::read_to_string`
    --> tests/../src/report.rs:1305:23
     |
1305 |         let content = std::fs::read_to_string(&path).unwrap();
     |                       ^^^^^^^^^^^^^^^^^^^^^^^
     |
     = note: Blocking IO on an async runtime. Use tokio::fs.
     = help: for further information visit https://rust-lang.github.io/rust-clippy/rust-1.99.0/index.html#disallowed_methods

error: use of a disallowed type `std::sync::Mutex`
  --> tests/../src/worker_client.rs:27:22
   |
27 | use std::sync::{Arc, Mutex};
   |                      ^^^^^
   |
   = note: Held across await points too easily. Use tokio::sync::Mutex, or parking_lot for short non-async critical sections.
   = help: for further information visit https://rust-lang.github.io/rust-clippy/rust-1.99.0/index.html#disallowed_types

error: use of a disallowed type `std::sync::Mutex`
   --> tests/../src/worker_client.rs:190:12
    |
190 |     state: Mutex<ClientStatsWindow>,
    |            ^^^^^^^^^^^^^^^^^^^^^^^^
    |
    = note: Held across await points too easily. Use tokio::sync::Mutex, or parking_lot for short non-async critical sections.
    = help: for further information visit https://rust-lang.github.io/rust-clippy/rust-1.99.0/index.html#disallowed_types

error: use of a disallowed type `std::sync::Mutex`
   --> tests/../src/worker_client.rs:215:20
    |
215 |             state: Mutex::new(ClientStatsWindow {
    |                    ^^^^^
    |
    = note: Held across await points too easily. Use tokio::sync::Mutex, or parking_lot for short non-async critical sections.
    = help: for further information visit https://rust-lang.github.io/rust-clippy/rust-1.99.0/index.html#disallowed_types

error: this `if` statement can be collapsed
   --> tests/../src/worker_server.rs:147:13
    |
147 | /             if let Err(error) = handle.await {
148 | |                 if !error.is_cancelled() {
149 | |                     return Err(Status::internal(format!(
150 | |                         "benchmark server abort failed: {error}"
...   |
153 | |             }
    | |_____________^
    |
    = help: for further information visit https://rust-lang.github.io/rust-clippy/rust-1.99.0/index.html#collapsible_if
help: collapse nested if block
    |
147 ~             if let Err(error) = handle.await
148 ~                 && !error.is_cancelled() {
149 |                     return Err(Status::internal(format!(
150 |                         "benchmark server abort failed: {error}"
151 |                     )));
152 ~                 }
    |

error: could not compile `pbrs-rpc-bench` (test "worker") due to 37 previous errors
