Fri Oct  2 19:34:06 UTC 2026
1e6b1119182e1e4e90f2d93656765b3bf4929b81
rustc 1.99.0 (b940084d7 2026-09-28)
   Compiling proc-macro2 v1.0.107
   Compiling quote v1.0.47
   Compiling unicode-ident v1.0.24
   Compiling syn v2.0.119
   Compiling libc v0.2.189
   Compiling bytes v1.12.1
   Compiling syn v3.0.4
   Compiling pin-project-lite v0.2.17
   Compiling futures-core v0.3.34
   Compiling zmij v1.0.23
   Compiling errno v0.3.14
   Compiling once_cell v1.21.4
   Compiling getrandom v0.3.4
   Compiling itoa v1.0.18
   Compiling signal-hook-registry v1.4.8
   Compiling tokio-macros v2.7.2
   Compiling socket2 v0.6.5
   Compiling mio v1.2.2
   Compiling anyhow v1.0.104
   Compiling serde_json v1.0.151
   Compiling memchr v2.8.3
   Compiling tokio v1.53.1
   Compiling serde_core v1.0.229
   Compiling either v1.18.0
   Compiling itertools v0.14.0
   Compiling http v1.5.0
   Compiling paste v1.0.15
   Compiling pbrs v0.2.0 (/workspace/scratch/work/sb21)
   Compiling prost-derive v0.14.4
   Compiling tracing-core v0.1.36
   Compiling tracing-attributes v0.1.31
   Compiling zeroize v1.9.0
   Compiling bitflags v2.13.2
   Compiling hashbrown v0.17.1
   Compiling equivalent v1.0.2
   Compiling serde v1.0.229
   Compiling slab v0.4.12
   Compiling futures-sink v0.3.34
   Compiling tokio-util v0.7.19
   Compiling indexmap v2.14.0
   Compiling rustls-pki-types v1.15.1
   Compiling tracing v0.1.44
   Compiling rustix v1.1.5
   Compiling prettyplease v0.2.37
   Compiling pulldown-cmark v0.13.4
   Compiling http-body v1.1.0
   Compiling foldhash v0.1.5
   Compiling cfg-if v1.0.4
   Compiling regex-syntax v0.8.11
   Compiling simdutf8 v0.1.5
   Compiling linux-raw-sys v0.12.1
   Compiling unicase v2.9.0
   Compiling regex-automata v0.4.18
   Compiling hashbrown v0.15.5
   Compiling prost v0.14.4
   Compiling tower-service v0.3.3
   Compiling httparse v1.10.1
   Compiling fnv v1.0.7
   Compiling rustls v0.23.43
   Compiling fixedbitset v0.5.7
   Compiling fastrand v2.5.0
   Compiling futures-task v0.3.34
   Compiling atomic-waker v1.1.2
   Compiling untrusted v0.9.0
   Compiling rustls-webpki v0.103.15
   Compiling h2 v0.4.19
   Compiling tempfile v3.27.0
   Compiling futures-util v0.3.34
   Compiling petgraph v0.8.3
   Compiling prost-types v0.14.4
   Compiling regex v1.13.1
   Compiling pulldown-cmark-to-cmark v22.0.3
   Compiling subtle v2.6.1
   Compiling crc32fast v1.5.1
   Compiling log v0.4.34
   Compiling multimap v0.10.1
   Compiling heck v0.5.0
   Compiling try-lock v0.2.5
   Compiling want v0.3.1
   Compiling prost-build v0.14.4
   Compiling tonic-build v0.14.6
   Compiling futures-channel v0.3.34
   Compiling tower-layer v0.3.3
   Compiling sync_wrapper v1.0.2
   Compiling smallvec v1.15.2
   Compiling simd-adler32 v0.3.10
   Compiling httpdate v1.0.3
   Compiling adler2 v2.0.1
   Compiling miniz_oxide v0.9.1
   Compiling hyper v1.11.0
   Compiling tonic-prost-build v0.14.6
   Compiling http-body-util v0.1.5
   Compiling mime v0.3.17
   Compiling axum-core v0.5.6
   Compiling flate2 v1.1.10
   Compiling hyper-util v0.1.20
   Compiling tower v0.5.3
   Compiling tokio-rustls v0.26.4
   Compiling webpki-roots v1.0.9
   Compiling serde_derive v1.0.229
   Compiling pin-project-internal v1.1.13
   Compiling matchit v0.8.4
   Compiling base64 v0.22.1
   Compiling percent-encoding v2.3.2
   Compiling axum v0.8.9
   Compiling pin-project v1.1.13
   Compiling hyper-timeout v0.5.2
   Compiling tokio-stream v0.1.19
   Compiling async-trait v0.1.92
   Compiling tonic v0.14.6
   Compiling graviola v0.2.1
   Compiling protobuf-tonic v0.1.0-alpha.2 (/workspace/scratch/work/sb21/protobuf-tonic)
   Compiling pbrs-grpc v0.1.0-alpha.2 (/workspace/scratch/work/sb21/pbrs-grpc)
   Compiling rustls-graviola v0.2.1
   Compiling pbrs-rpc-bench v0.1.0 (/workspace/scratch/work/sb21/rpc-bench)
   Compiling rustls-pemfile v2.2.0
   Compiling tonic-prost v0.14.6
    Finished `release` profile [optimized] target(s) in 5m 27s
