    Checking mio v1.2.3
    Checking tokio v1.53.1
    Checking tokio-util v0.7.19
    Checking indexmap v2.14.2
    Checking tracing v0.1.44
   Compiling pbrs v0.2.0 (/workspace/scratch/work/tc29)
    Checking cfg-if v1.0.5
    Checking futures-util v0.3.34
    Checking h2 v0.4.19
    Checking smallvec v1.16.2
    Checking hyper v1.11.1
    Checking crc32fast v1.5.2
    Checking hyper-util v0.1.21
    Checking tower v0.5.3
    Checking axum v0.8.9
    Checking pin-project v1.1.13
    Checking hyper-timeout v0.5.2
    Checking flate2 v1.1.10
    Checking tokio-rustls v0.26.6
    Checking tokio-stream v0.1.19
    Checking tonic v0.14.6
    Checking serde v1.0.229
    Checking getrandom v0.3.4
    Checking prost v0.14.4
    Checking graviola v0.2.1
   Compiling pbrs-grpc v0.1.0-alpha.2 (/workspace/scratch/work/tc29/pbrs-grpc)
    Checking twox-hash v2.1.4
    Checking ruzstd v0.9.0
    Checking rustls-graviola v0.2.1
    Checking zstd-sys v2.1.0+zstd.1.5.7
   Compiling protobuf-tonic v0.1.0-alpha.2 (/workspace/scratch/work/tc29/protobuf-tonic)
   Compiling pbrs-grpc-example-tonic-ports v0.1.0 (/workspace/scratch/work/tc29/examples/tonic-ports)
    Checking zstd-safe v8.0.0
   Compiling pbrs-tonic-interop v0.1.0 (/workspace/scratch/work/tc29/tests/interop/tonic)
    Checking zstd v0.14.0
    Checking tonic-prost v0.14.6
    Checking tonic-web v0.14.6
    Finished `dev` profile [unoptimized] target(s) in 53.96s
