    Checking serde_core v1.0.229
    Checking zmij v1.0.23
    Checking itoa v1.0.18
   Compiling pbrs v0.2.0 (/workspace/scratch/work/gn11)
    Checking memchr v2.8.3
    Checking serde_json v1.0.151
warning: pbrs@0.2.0: wrote conformance descriptor set
    Checking serde v1.0.229
    Checking bytes v1.12.1
    Checking simdutf8 v0.1.5
error: non-binding `let` on an expression with `#[must_use]` type
  --> tests/support/wkt_consumer.rs:17:5
   |
17 |     let _ = std::fs::remove_dir_all(&output);
   |     ^^^^^^^^^^^^^^^^^^^^^^^^^^^^^^^^^^^^^^^^^
   |
   = help: consider explicitly using expression value
note: type is `std::result::Result`
  --> tests/support/wkt_consumer.rs:17:13
   |
17 |     let _ = std::fs::remove_dir_all(&output);
   |             ^^^^^^^^^^^^^^^^^^^^^^^^^^^^^^^^
   = help: for further information visit https://rust-lang.github.io/rust-clippy/rust-1.99.0/index.html#let_underscore_must_use
   = note: requested on the command line with `-D clippy::let-underscore-must-use`

warning: pbrs@0.2.0: wrote conformance descriptor set
error: could not compile `pbrs` (test "codegen_wkt_sharing") due to 1 previous error
