    Checking bytes v1.12.1
    Checking libc v0.2.189
    Checking pin-project-lite v0.2.17
    Checking futures-core v0.3.34
    Checking once_cell v1.21.4
    Checking itoa v1.0.18
    Checking mio v1.2.3
    Checking socket2 v0.6.5
    Checking tokio v1.53.1
    Checking http v1.5.0
    Checking tracing-core v0.1.36
    Checking hashbrown v0.17.1
    Checking zeroize v1.9.0
    Checking futures-sink v0.3.34
    Checking equivalent v1.0.2
    Checking slab v0.4.12
    Checking indexmap v2.14.2
    Checking tokio-util v0.7.19
    Checking rustls-pki-types v1.15.1
    Checking tracing v0.1.44
    Checking http-body v1.1.0
   Compiling pbrs v0.2.0 (/workspace/scratch/work/tc30b-outbound)
    Checking tower-service v0.3.3
    Checking cfg-if v1.0.5
    Checking futures-task v0.3.34
    Checking futures-util v0.3.34
    Checking serde_core v1.0.229
    Checking untrusted v0.9.0
    Checking atomic-waker v1.1.2
    Checking fnv v1.0.7
    Checking try-lock v0.2.5
    Checking want v0.3.1
    Checking h2 v0.4.19
    Checking rustls-webpki v0.103.15
    Checking httparse v1.10.1
    Checking futures-channel v0.3.34
    Checking tower-layer v0.3.3
    Checking subtle v2.6.1
    Checking memchr v2.8.3
    Checking httpdate v1.0.3
    Checking sync_wrapper v1.0.2
    Checking smallvec v1.16.2
    Checking log v0.4.34
    Checking rustls v0.23.45
    Checking hyper v1.11.1
    Checking http-body-util v0.1.5
    Checking mime v0.3.17
    Checking simd-adler32 v0.3.10
    Checking adler2 v2.0.1
    Checking miniz_oxide v0.9.1
    Checking axum-core v0.5.6
    Checking hyper-util v0.1.21
    Checking crc32fast v1.5.2
    Checking tower v0.5.3
    Checking matchit v0.8.4
    Checking percent-encoding v2.3.2
    Checking axum v0.8.9
    Checking pin-project v1.1.13
    Checking flate2 v1.1.10
    Checking hyper-timeout v0.5.2
    Checking tokio-rustls v0.26.6
    Checking tokio-stream v0.1.19
    Checking base64 v0.22.1
    Checking tonic v0.14.6
    Checking zmij v1.0.23
    Checking serde v1.0.229
    Checking serde_json v1.0.151
    Checking getrandom v0.3.4
    Checking prost v0.14.4
    Checking simdutf8 v0.1.5
    Checking graviola v0.2.1
   Compiling pbrs-grpc v0.1.0-alpha.2 (/workspace/scratch/work/tc30b-outbound/pbrs-grpc)
    Checking twox-hash v2.1.4
    Checking ruzstd v0.9.0
    Checking rustls-graviola v0.2.1
    Checking zstd-sys v2.1.0+zstd.1.5.7
   Compiling protobuf-tonic v0.1.0-alpha.2 (/workspace/scratch/work/tc30b-outbound/protobuf-tonic)
   Compiling pbrs-grpc-example-tonic-ports v0.1.0 (/workspace/scratch/work/tc30b-outbound/examples/tonic-ports)
    Checking webpki-roots v1.0.9
    Checking rustls-pemfile v2.2.0
    Checking zstd-safe v8.0.0
   Compiling pbrs-tonic-interop v0.1.0 (/workspace/scratch/work/tc30b-outbound/tests/interop/tonic)
    Checking zstd v0.14.0
    Checking tonic-prost v0.14.6
    Checking tonic-web v0.14.6
    Finished `dev` profile [unoptimized] target(s) in 1m 05s
