   Compiling proc-macro2 v1.0.107
   Compiling unicode-ident v1.0.26
   Compiling quote v1.0.47
   Compiling libc v0.2.189
   Compiling bytes v1.12.1
   Compiling syn v2.0.119
   Compiling itoa v1.0.18
   Compiling syn v3.0.6
   Compiling memchr v2.8.3
   Compiling hashbrown v0.17.1
   Compiling equivalent v1.0.2
   Compiling cfg-if v1.0.5
   Compiling pin-project-lite v0.2.17
   Compiling futures-core v0.3.34
   Compiling anyhow v1.0.104
   Compiling log v0.4.34
   Compiling once_cell v1.21.4
   Compiling tokio-macros v2.7.2
   Compiling socket2 v0.6.5
   Compiling mio v1.2.3
   Compiling either v1.18.0
   Compiling itertools v0.14.0
   Compiling tokio v1.53.1
   Compiling zmij v1.0.23
   Compiling prost-derive v0.14.4
   Compiling http v1.5.0
   Compiling serde_core v1.0.229
   Compiling serde_json v1.0.151
   Compiling bitflags v2.13.2
   Compiling prost v0.14.4
   Compiling tracing-core v0.1.36
   Compiling tracing-attributes v0.1.31
   Compiling prettyplease v0.2.37
   Compiling rustix v1.1.5
   Compiling slab v0.4.12
   Compiling pulldown-cmark v0.13.4
   Compiling getrandom v0.4.3
   Compiling paste v1.0.15
   Compiling futures-sink v0.3.34
   Compiling zeroize v1.9.0
   Compiling rustls-pki-types v1.15.1
   Compiling tokio-util v0.7.19
   Compiling tracing v0.1.44
   Compiling http-body v1.1.0
   Compiling indexmap v2.14.2
   Compiling foldhash v0.1.5
   Compiling linux-raw-sys v0.12.1
   Compiling serde v1.0.229
   Compiling pbrs v0.2.0 (/workspace/scratch/work/tc30b-outbound)
   Compiling regex-syntax v0.8.11
   Compiling unicase v2.9.0
   Compiling regex-automata v0.4.18
   Compiling hashbrown v0.15.5
   Compiling futures-macro v0.3.34
   Compiling fixedbitset v0.5.7
   Compiling fastrand v2.5.0
   Compiling tower-service v0.3.3
   Compiling httparse v1.10.1
   Compiling futures-task v0.3.34
   Compiling simdutf8 v0.1.5
   Compiling futures-util v0.3.34
   Compiling tempfile v3.27.0
   Compiling petgraph v0.8.3
   Compiling regex v1.13.1
   Compiling pulldown-cmark-to-cmark v22.0.3
   Compiling prost-types v0.14.4
   Compiling try-lock v0.2.5
   Compiling multimap v0.10.1
   Compiling atomic-waker v1.1.2
   Compiling rustls v0.23.45
   Compiling untrusted v0.9.0
   Compiling fnv v1.0.7
   Compiling heck v0.5.0
   Compiling prost-build v0.14.4
   Compiling h2 v0.4.19
   Compiling rustls-webpki v0.103.15
   Compiling want v0.3.1
   Compiling futures-channel v0.3.34
   Compiling sync_wrapper v1.0.2
   Compiling subtle v2.6.1
   Compiling crc32fast v1.5.2
   Compiling tower-layer v0.3.3
   Compiling smallvec v1.16.2
   Compiling httpdate v1.0.3
   Compiling hyper v1.11.1
   Compiling http-body-util v0.1.5
   Compiling mime v0.3.17
   Compiling simd-adler32 v0.3.10
   Compiling adler2 v2.0.1
   Compiling miniz_oxide v0.9.1
   Compiling axum-core v0.5.6
   Compiling hyper-util v0.1.21
   Compiling tower v0.5.3
   Compiling pin-project-internal v1.1.13
   Compiling jobserver v0.1.35
   Compiling find-msvc-tools v0.1.14
   Compiling shlex v2.0.1
   Compiling matchit v0.8.4
   Compiling percent-encoding v2.3.2
   Compiling axum v0.8.9
   Compiling cc v1.5.1
   Compiling pin-project v1.1.13
   Compiling hyper-timeout v0.5.2
   Compiling flate2 v1.1.10
   Compiling tokio-rustls v0.26.6
   Compiling tonic-build v0.14.6
   Compiling tokio-stream v0.1.19
   Compiling async-trait v0.1.92
   Compiling base64 v0.22.1
   Compiling getrandom v0.3.4
   Compiling pkg-config v0.3.34
   Compiling zstd-sys v2.1.0+zstd.1.5.7
   Compiling tonic v0.14.6
   Compiling tonic-prost-build v0.14.6
   Compiling serde_derive v1.0.229
   Compiling graviola v0.2.1
   Compiling pbrs-grpc v0.1.0-alpha.2 (/workspace/scratch/work/tc30b-outbound/pbrs-grpc)
   Compiling twox-hash v2.1.4
   Compiling zstd-safe v8.0.0
   Compiling ruzstd v0.9.0
   Compiling rustls-graviola v0.2.1
   Compiling protobuf-tonic v0.1.0-alpha.2 (/workspace/scratch/work/tc30b-outbound/protobuf-tonic)
   Compiling pbrs-grpc-example-tonic-ports v0.1.0 (/workspace/scratch/work/tc30b-outbound/examples/tonic-ports)
   Compiling webpki-roots v1.0.9
   Compiling rustls-pemfile v2.2.0
   Compiling pbrs-tonic-interop v0.1.0 (/workspace/scratch/work/tc30b-outbound/tests/interop/tonic)
   Compiling zstd v0.14.0
   Compiling tonic-prost v0.14.6
   Compiling tonic-web v0.14.6
    Finished `test` profile [unoptimized] target(s) in 2m 15s
     Running tests/transport_services.rs (target/qualification/debug/deps/transport_services-19806349f7c0b23e)

running 26 tests
test generated_server_owns_decoding_and_encoding_limits ... ok
test native_auth_rejection_prevents_generated_dispatch ... ok
test custom_incoming_public_tonic_unix_builder_preserves_native_fields_and_extensions ... ok
test native_compression_opt_out_canonicalizes_only_native_identity_aliases ... ok
test mtls_stamps_native_and_tonic_typed_connect_info_for_generated_layers ... ok
test native_compression_opt_out_rejects_gzip_requests_for_all_shapes ... ok
test native_finite_gzip_input_cap_does_not_enlarge_generated_codec_cap ... ok
test native_finite_gzip_input_cap_rejects_inflated_message_and_preserves_auth ... ok
test native_compression_opt_out_does_not_impose_default_cap_on_private_decoder ... ok
test graceful_shutdown_keeps_active_generated_bidi_until_client_cancels ... ok
test native_compression_opt_out_preserves_identity_all_shapes_and_mtls ... ok
test native_finite_gzip_input_caps_reject_encoded_messages_for_all_shapes ... ok
test native_identity_caps_do_not_enlarge_generated_codec_caps ... ok
test native_identity_caps_reject_inbound_and_outbound_for_all_shapes ... ok
test native_outbound_transform_bidi_progresses_before_upload_eof_and_cancels ... ok
test native_outbound_transform_preserves_stricter_generated_private_encoding_cap_all_shapes ... ok
test native_finite_outbound_gzip_transform_all_generated_shapes ... ok
test native_finite_gzip_input_caps_all_shapes_plaintext_and_mtls ... ok
test native_identity_caps_qualify_all_shapes_plaintext_and_mtls ... ok
test reset_after_headers_cancels_idle_bidi_upload_and_generated_body ... ok
test reset_before_headers_cancels_generated_unary_handler ... ok
test tonic_generated_decoder_uses_first_gzip_member_and_ignores_encoded_tail ... ok
test unix_stamps_actual_tonic_credentials_for_generated_all_shapes ... ok
test native_server_deadline_drops_generated_unary_handler ... ok
test unchanged_generated_server_all_shapes_layers_interceptors_gzip_both_transports ... ok
test peer_deadline_drops_generated_streaming_producer_after_headers ... ok

test result: ok. 26 passed; 0 failed; 0 ignored; 0 measured; 0 filtered out; finished in 0.09s

