   Compiling proc-macro2 v1.0.107
   Compiling quote v1.0.47
   Compiling unicode-ident v1.0.24
   Compiling libc v0.2.189
    Checking bytes v1.12.1
    Checking pin-project-lite v0.2.17
   Compiling syn v3.0.3
    Checking futures-core v0.3.34
    Checking itoa v1.0.18
    Checking once_cell v1.21.4
   Compiling tokio-macros v2.7.2
    Checking mio v1.2.2
    Checking socket2 v0.6.5
   Compiling syn v2.0.119
    Checking tokio v1.53.1
    Checking http v1.5.0
   Compiling zmij v1.0.23
   Compiling tracing-attributes v0.1.31
    Checking tracing-core v0.1.36
    Checking hashbrown v0.17.1
    Checking slab v0.4.12
    Checking zeroize v1.9.0
    Checking futures-sink v0.3.34
    Checking equivalent v1.0.2
    Checking indexmap v2.14.0
    Checking tokio-util v0.7.19
    Checking rustls-pki-types v1.15.1
    Checking tracing v0.1.44
    Checking http-body v1.1.0
   Compiling serde v1.0.229
   Compiling serde_core v1.0.229
   Compiling serde_json v1.0.151
    Checking tower-service v0.3.3
   Compiling httparse v1.10.1
   Compiling paste v1.0.15
    Checking futures-task v0.3.34
    Checking futures-util v0.3.34
    Checking untrusted v0.9.0
   Compiling pbrs v0.2.0 (/workspace/scratch/work/tc30b-outbound)
    Checking atomic-waker v1.1.2
    Checking try-lock v0.2.5
    Checking cfg-if v1.0.4
    Checking fnv v1.0.7
   Compiling rustls v0.23.45
    Checking h2 v0.4.19
    Checking want v0.3.1
    Checking rustls-webpki v0.103.15
    Checking futures-channel v0.3.34
    Checking tower-layer v0.3.3
    Checking log v0.4.34
    Checking subtle v2.6.1
    Checking smallvec v1.15.2
    Checking sync_wrapper v1.0.2
   Compiling memchr v2.8.3
    Checking httpdate v1.0.3
   Compiling getrandom v0.3.4
    Checking hyper v1.11.0
    Checking http-body-util v0.1.5
   Compiling crc32fast v1.5.1
   Compiling simdutf8 v0.1.5
    Checking mime v0.3.17
    Checking axum-core v0.5.6
    Checking hyper-util v0.1.20
    Checking tower v0.5.3
   Compiling pin-project-internal v1.1.13
    Checking matchit v0.8.4
    Checking adler2 v2.0.1
    Checking simd-adler32 v0.3.10
    Checking percent-encoding v2.3.2
    Checking axum v0.8.9
    Checking miniz_oxide v0.9.1
    Checking pin-project v1.1.13
    Checking graviola v0.2.1
    Checking hyper-timeout v0.5.2
   Compiling pbrs-grpc v0.1.0-alpha.2 (/workspace/scratch/work/tc30b-outbound/pbrs-grpc)
    Checking tokio-rustls v0.26.4
    Checking tokio-stream v0.1.19
   Compiling async-trait v0.1.92
    Checking base64 v0.22.1
    Checking tonic v0.14.6
    Checking flate2 v1.1.10
    Checking rustls-graviola v0.2.1
    Checking webpki-roots v1.0.9
    Checking rustls-pemfile v2.2.0
    Finished `dev` profile [unoptimized] target(s) in 1m 11s
