   Compiling proc-macro2 v1.0.107
   Compiling quote v1.0.47
   Compiling unicode-ident v1.0.24
   Compiling libc v0.2.189
   Compiling bytes v1.12.1
   Compiling syn v3.0.3
   Compiling pin-project-lite v0.2.17
   Compiling itoa v1.0.18
   Compiling futures-core v0.3.34
   Compiling syn v2.0.119
   Compiling tokio-macros v2.7.2
   Compiling mio v1.2.2
   Compiling socket2 v0.6.5
   Compiling once_cell v1.21.4
   Compiling futures-sink v0.3.34
   Compiling tokio v1.53.1
   Compiling slab v0.4.12
   Compiling http v1.5.0
   Compiling cfg-if v1.0.4
   Compiling zeroize v1.9.0
   Compiling rustls-pki-types v1.15.1
   Compiling tracing-core v0.1.36
   Compiling tracing-attributes v0.1.31
   Compiling futures-macro v0.3.34
   Compiling hashbrown v0.17.1
   Compiling getrandom v0.3.4
   Compiling equivalent v1.0.2
   Compiling futures-task v0.3.34
   Compiling zmij v1.0.23
   Compiling futures-util v0.3.34
   Compiling indexmap v2.14.0
   Compiling tracing v0.1.44
   Compiling http-body v1.1.0
   Compiling tokio-util v0.7.19
   Compiling serde_core v1.0.229
   Compiling serde_json v1.0.151
   Compiling serde v1.0.229
   Compiling paste v1.0.15
   Compiling tower-service v0.3.3
   Compiling httparse v1.10.1
   Compiling futures-channel v0.3.34
   Compiling try-lock v0.2.5
   Compiling pbrs v0.2.0 (/workspace/scratch/work/tc30b-outbound)
   Compiling fnv v1.0.7
   Compiling rustls v0.23.45
   Compiling untrusted v0.9.0
   Compiling atomic-waker v1.1.2
   Compiling h2 v0.4.19
   Compiling rustls-webpki v0.103.15
   Compiling want v0.3.1
   Compiling memchr v2.8.3
   Compiling httpdate v1.0.3
   Compiling smallvec v1.15.2
   Compiling subtle v2.6.1
   Compiling sync_wrapper v1.0.2
   Compiling tower-layer v0.3.3
   Compiling thiserror v2.0.21
   Compiling simdutf8 v0.1.5
   Compiling anyhow v1.0.104
   Compiling log v0.4.34
   Compiling hyper v1.11.0
   Compiling http-body-util v0.1.5
   Compiling thiserror-impl v2.0.21
   Compiling crc32fast v1.5.1
   Compiling mime v0.3.17
   Compiling percent-encoding v2.3.2
   Compiling either v1.18.0
   Compiling itertools v0.14.0
   Compiling axum-core v0.5.6
   Compiling hyper-util v0.1.20
   Compiling tower v0.5.3
   Compiling tokio-stream v0.1.19
   Compiling pin-project-internal v1.1.13
   Compiling adler2 v2.0.1
   Compiling matchit v0.8.4
   Compiling simd-adler32 v0.3.10
   Compiling miniz_oxide v0.9.1
   Compiling axum v0.8.9
   Compiling pin-project v1.1.13
   Compiling prost-derive v0.14.4
   Compiling hyper-timeout v0.5.2
   Compiling pbrs-grpc v0.1.0-alpha.2 (/workspace/scratch/work/tc30b-outbound/pbrs-grpc)
   Compiling opentelemetry v0.31.0
   Compiling tokio-rustls v0.26.4
   Compiling graviola v0.2.1
   Compiling async-trait v0.1.92
   Compiling zerocopy v0.8.57
   Compiling openssl-probe v0.2.1
   Compiling base64 v0.22.1
   Compiling twox-hash v2.1.4
   Compiling ruzstd v0.9.0
   Compiling tonic v0.14.6
   Compiling rustls-native-certs v0.8.4
   Compiling rustls-graviola v0.2.1
   Compiling flate2 v1.1.10
   Compiling prost v0.14.4
   Compiling webpki-roots v1.0.9
   Compiling rustls-pemfile v2.2.0
   Compiling ppv-lite86 v0.2.21
   Compiling rand_core v0.9.5
   Compiling rand_chacha v0.9.0
   Compiling rand v0.9.5
   Compiling futures-executor v0.3.34
   Compiling opentelemetry_sdk v0.31.0
    Finished `test` profile [unoptimized] target(s) in 2m 02s
     Running tests/tonic_opaque_transport.rs (target/qualification/debug/deps/tonic_opaque_transport-85819680f7db26d5)

running 31 tests
test deadline_during_open_partial_input_prefix_drops_reader ... ok
test finite_gzip_input_rejects_encoded_claim_and_inflated_bomb_without_prefix ... ok
test finite_inbound_gzip_cap_preserves_original_encoded_frame ... ok
test identity_input_and_output_caps_handle_tiny_windows_fragmentation_and_trailers ... ok
test identity_input_caps_reject_header_claim_before_payload_arrives ... ok
test identity_outbound_cap_rejects_oversize_without_emitting_prefix ... ok
test identity_output_caps_accept_boundaries_and_preserve_valid_messages_before_failure ... ok
test invalid_gzip_and_partial_encoded_frames_end_in_internal ... ok
test malformed_identity_output_never_counts_as_clean_success ... ok
test native_gzip_decoder_uses_first_member_and_ignores_encoded_tail ... ok
test native_outbound_compression_drops_stale_content_length_and_forwarding_preserves_it ... ok
test deadline_while_waiting_for_output_prefix_drops_body_and_recovers_rpc_slot ... ok
test deadline_in_partial_gzip_header_drops_reader_and_recovers_slot ... ok
test deadline_while_gzip_crc_or_ignored_tail_is_incomplete_recovers_slot ... ok
test native_outbound_gzip_zero_cap_does_not_cap_encoded_overhead ... ok
test native_outbound_failure_withholds_later_prefix_and_preserves_first_message ... ok
test native_outbound_h2_backlog_keeps_output_permit_until_peer_reset ... ok
test native_outbound_selected_zstd_stays_unsupported_before_readiness ... ok
test native_outbound_transform_body_error_preserves_status_details_and_metadata ... ok
test native_outbound_transform_partial_prefix_and_invalid_flag_are_internal ... ok
test native_outbound_transform_preserves_independent_input_opt_out_advertisement ... ok
test native_outbound_unexpected_coding_and_override_fail_before_headers ... ok
test reset_during_partial_input_prefix_drops_reader_and_next_rpc_succeeds ... ok
test reset_during_partial_output_prefix_drops_producer_and_recovers_rpc_slot ... ok
test reset_in_partial_gzip_header_drops_reader_and_next_rpc_succeeds ... ok
test unlimited_gzip_input_remains_unsupported_before_readiness ... ok
test reset_while_gzip_crc_or_ignored_tail_is_incomplete_recovers_slot ... ok
test unsupported_compressed_input_rejects_before_readiness_but_output_after_handler ... ok
test zero_native_gzip_cap_distinguishes_identity_empty_member_and_missing_gzip_header ... ok
test native_outbound_deadline_drops_partial_transform_and_its_capacity ... ok
test native_outbound_levels_preferences_and_peer_fallback_use_native_bytes ... ok

test result: ok. 31 passed; 0 failed; 0 ignored; 0 measured; 0 filtered out; finished in 0.56s

     Running tests/tonic_service_transport.rs (target/qualification/debug/deps/tonic_service_transport-baf91ccff75fca5c)

running 18 tests
test compression_opt_out_preserves_explicit_identity_input_and_output_caps ... ok
test compression_opt_out_preserves_prior_identity_message_with_one_byte_windows ... ok
test default_compression_advertisement_stays_opaque ... ok
test compression_opt_out_permits_identity_and_advertises_identity ... ok
test disabled_compression_headers_reject_before_readiness_with_open_upload ... ok
test compression_opt_out_rejects_frame_flags_during_body_reading_without_forwarding_prefix ... ok
test forwards_opaque_data_metadata_and_terminal_trailers ... ok
test grpc_web_policy_is_rejected_before_tonic_readiness ... ok
test local_response_body_status_preserves_details_and_metadata ... ok
test native_security_interceptor_mutations_and_extensions_reach_tonic_service ... ok
test native_concurrency_slot_lives_until_body_drain_and_releases_on_reset ... ok
test ordinary_tower_layer_retains_generated_service_routing_name ... ok
test reset_after_response_headers_drops_pending_body ... ok
test reset_before_response_headers_drops_pending_handler ... ok
test opaque_native_policies_fail_before_tower_readiness_and_dispatch ... ok
test deadline_wakes_detached_incoming_body_reader_with_open_upload ... ok
test peer_deadline_covers_response_body_and_drops_producer ... ok
test server_deadline_covers_readiness_and_pending_handler ... ok

test result: ok. 18 passed; 0 failed; 0 ignored; 0 measured; 0 filtered out; finished in 0.10s

