   Compiling proc-macro2 v1.0.107
   Compiling unicode-ident v1.0.24
   Compiling quote v1.0.47
   Compiling libc v0.2.189
   Compiling bytes v1.12.1
   Compiling syn v3.0.3
   Compiling pin-project-lite v0.2.17
   Compiling futures-core v0.3.34
   Compiling itoa v1.0.18
   Compiling syn v2.0.119
   Compiling tokio-macros v2.7.2
   Compiling mio v1.2.2
   Compiling socket2 v0.6.5
   Compiling futures-sink v0.3.34
   Compiling once_cell v1.21.4
   Compiling tokio v1.53.1
   Compiling slab v0.4.12
   Compiling http v1.5.0
   Compiling zeroize v1.9.0
   Compiling cfg-if v1.0.4
   Compiling rustls-pki-types v1.15.1
   Compiling tracing-core v0.1.36
   Compiling tracing-attributes v0.1.31
   Compiling futures-macro v0.3.34
   Compiling equivalent v1.0.2
   Compiling hashbrown v0.17.1
   Compiling getrandom v0.3.4
   Compiling zmij v1.0.23
   Compiling futures-task v0.3.34
   Compiling futures-util v0.3.34
   Compiling indexmap v2.14.0
   Compiling tracing v0.1.44
   Compiling http-body v1.1.0
   Compiling tokio-util v0.7.19
   Compiling serde_core v1.0.229
   Compiling serde_json v1.0.151
   Compiling serde v1.0.229
   Compiling zerocopy v0.8.57
   Compiling tower-service v0.3.3
   Compiling paste v1.0.15
   Compiling httparse v1.10.1
   Compiling futures-channel v0.3.34
   Compiling fnv v1.0.7
   Compiling try-lock v0.2.5
   Compiling atomic-waker v1.1.2
   Compiling rustls v0.23.45
   Compiling untrusted v0.9.0
   Compiling pbrs v0.2.0 (/workspace/scratch/work/tc30b-outbound)
   Compiling rustls-webpki v0.103.15
   Compiling h2 v0.4.19
   Compiling want v0.3.1
   Compiling anyhow v1.0.104
   Compiling smallvec v1.15.2
   Compiling sync_wrapper v1.0.2
   Compiling thiserror v2.0.21
   Compiling httpdate v1.0.3
   Compiling log v0.4.34
   Compiling memchr v2.8.3
   Compiling simdutf8 v0.1.5
   Compiling tower-layer v0.3.3
   Compiling subtle v2.6.1
   Compiling hyper v1.11.0
   Compiling ppv-lite86 v0.2.21
   Compiling rand_core v0.9.5
   Compiling http-body-util v0.1.5
   Compiling thiserror-impl v2.0.21
   Compiling crc32fast v1.5.1
   Compiling mime v0.3.17
   Compiling either v1.18.0
   Compiling percent-encoding v2.3.2
   Compiling itertools v0.14.0
   Compiling axum-core v0.5.6
   Compiling rand_chacha v0.9.0
   Compiling hyper-util v0.1.20
   Compiling tower v0.5.3
   Compiling tokio-stream v0.1.19
   Compiling pin-project-internal v1.1.13
   Compiling simd-adler32 v0.3.10
   Compiling matchit v0.8.4
   Compiling adler2 v2.0.1
   Compiling miniz_oxide v0.9.1
   Compiling axum v0.8.9
   Compiling pin-project v1.1.13
   Compiling hyper-timeout v0.5.2
   Compiling prost-derive v0.14.4
   Compiling pbrs-grpc v0.1.0-alpha.2 (/workspace/scratch/work/tc30b-outbound/pbrs-grpc)
   Compiling rand v0.9.5
   Compiling opentelemetry v0.31.0
   Compiling tokio-rustls v0.26.4
   Compiling graviola v0.2.1
   Compiling futures-executor v0.3.34
   Compiling async-trait v0.1.92
   Compiling openssl-probe v0.2.1
   Compiling twox-hash v2.1.4
   Compiling base64 v0.22.1
   Compiling tonic v0.14.6
   Compiling ruzstd v0.9.0
   Compiling rustls-native-certs v0.8.4
   Compiling opentelemetry_sdk v0.31.0
   Compiling rustls-graviola v0.2.1
   Compiling flate2 v1.1.10
   Compiling prost v0.14.4
   Compiling rustls-pemfile v2.2.0
   Compiling webpki-roots v1.0.9
    Finished `test` profile [unoptimized] target(s) in 1m 53s
     Running unittests src/lib.rs (target/qualification/debug/deps/pbrs_grpc-912162d589088b9b)

running 26 tests
test tonic_server::gzip::tests::fragmented_mixed_messages_preserve_original_spans_and_per_message_cap ... ok
test tonic_server::gzip::tests::header_and_payload_checksums_validate_before_encoded_replay ... ok
test tonic_server::gzip::tests::later_bomb_preserves_first_message_and_fuses_after_source_drop ... ok
test tonic_server::gzip::tests::optional_header_work_yields_and_cancellation_drops_retained_source ... ok
test tonic_server::gzip::tests::optional_header_resumes_across_input_quotas_before_replaying ... ok
test tonic_server::gzip::tests::partial_gzip_producer_error_keeps_status_details_and_metadata ... ok
test tonic_server::gzip::tests::trailers_cannot_turn_partial_gzip_into_success ... ok
test tonic_server::gzip::tests::single_member_and_encoded_tail_match_existing_decoders ... ok
test tonic_server::opaque::tests::disabled_flag_respects_native_cap_order_without_changing_other_guards ... ok
test tonic_server::gzip::tests::dropping_during_inflate_releases_owned_original_backing ... ok
test tonic_server::opaque::tests::explicit_producer_error_preserves_status_details_and_metadata ... ok
test tonic_server::opaque::tests::disabled_flag_preserves_earlier_identity_message_for_every_segmentation ... ok
test tonic_server::opaque::tests::identity_advertisement_preserves_data_codec_and_terminal_metadata ... ok
test tonic_server::opaque::tests::incomplete_frame_is_not_hidden_by_eof_or_trailers ... ok
test tonic_server::opaque::tests::invalid_prefix_releases_source_and_emits_one_error_then_eof ... ok
test tonic_server::opaque::tests::later_oversize_frame_does_not_discard_earlier_complete_message ... ok
test tonic_server::opaque::tests::uncompressed_cap_is_per_message_and_none_does_not_add_a_cap ... ok
test tonic_server::outbound::tests::cancellation_drop_returns_pending_partial_message_capacity ... ok
test tonic_server::outbound::tests::complete_message_progresses_without_body_eof_or_next_message ... ok
test tonic_server::outbound::tests::incomplete_frame_eof_and_trailers_release_input_and_fuse_error ... ok
test tonic_server::outbound::tests::output_clone_and_slice_keep_actual_capacity_permit_after_body_drop ... ok
test tonic_server::outbound::tests::producer_error_preserves_details_and_metadata_and_releases_partial_input ... ok
test tonic_server::outbound::tests::writer_budget_refusal_retains_resource_status_and_releases_both_buffers ... ok
test tonic_server::outbound::tests::coalesced_empty_messages_yield_before_compressing_the_entire_chunk ... ok
test tonic_server::gzip::tests::inflating_yields_runtime_progress_before_prefix_and_replay_drop_frees_source ... ok
test tonic_server::opaque::tests::every_segmentation_preserves_original_bytes_and_allocation_spans ... ok

test result: ok. 26 passed; 0 failed; 0 ignored; 0 measured; 540 filtered out; finished in 0.01s

