   Compiling proc-macro2 v1.0.107
   Compiling quote v1.0.47
   Compiling unicode-ident v1.0.24
   Compiling libc v0.2.189
   Compiling syn v3.0.3
    Checking bytes v1.12.1
    Checking pin-project-lite v0.2.17
    Checking futures-core v0.3.34
   Compiling syn v2.0.119
   Compiling tokio-macros v2.7.2
    Checking mio v1.2.2
    Checking socket2 v0.6.5
    Checking once_cell v1.21.4
    Checking futures-sink v0.3.34
    Checking itoa v1.0.18
    Checking tokio v1.53.1
    Checking slab v0.4.12
    Checking http v1.5.0
    Checking zeroize v1.9.0
    Checking cfg-if v1.0.4
   Compiling zmij v1.0.23
    Checking rustls-pki-types v1.15.1
    Checking tracing-core v0.1.36
   Compiling tracing-attributes v0.1.31
   Compiling futures-macro v0.3.34
    Checking futures-task v0.3.34
    Checking equivalent v1.0.2
    Checking hashbrown v0.17.1
   Compiling getrandom v0.3.4
    Checking indexmap v2.14.0
    Checking futures-util v0.3.34
    Checking tracing v0.1.44
    Checking http-body v1.1.0
    Checking tokio-util v0.7.19
   Compiling serde v1.0.229
   Compiling serde_core v1.0.229
   Compiling serde_json v1.0.151
    Checking tower-service v0.3.3
   Compiling httparse v1.10.1
   Compiling paste v1.0.15
    Checking futures-channel v0.3.34
    Checking fnv v1.0.7
    Checking untrusted v0.9.0
    Checking atomic-waker v1.1.2
   Compiling rustls v0.23.45
    Checking try-lock v0.2.5
   Compiling pbrs v0.2.0 (/workspace/scratch/work/tc30b-outbound)
    Checking want v0.3.1
    Checking h2 v0.4.19
    Checking rustls-webpki v0.103.15
    Checking subtle v2.6.1
    Checking httpdate v1.0.3
    Checking smallvec v1.15.2
   Compiling anyhow v1.0.104
    Checking sync_wrapper v1.0.2
    Checking memchr v2.8.3
   Compiling thiserror v2.0.21
    Checking log v0.4.34
    Checking tower-layer v0.3.3
    Checking hyper v1.11.0
    Checking http-body-util v0.1.5
   Compiling thiserror-impl v2.0.21
    Checking percent-encoding v2.3.2
   Compiling either v1.18.0
    Checking mime v0.3.17
   Compiling simdutf8 v0.1.5
   Compiling crc32fast v1.5.1
    Checking axum-core v0.5.6
   Compiling itertools v0.14.0
    Checking hyper-util v0.1.20
    Checking tower v0.5.3
    Checking tokio-stream v0.1.19
   Compiling pin-project-internal v1.1.13
    Checking matchit v0.8.4
    Checking simd-adler32 v0.3.10
    Checking adler2 v2.0.1
    Checking miniz_oxide v0.9.1
    Checking axum v0.8.9
    Checking pin-project v1.1.13
   Compiling prost-derive v0.14.4
    Checking hyper-timeout v0.5.2
    Checking opentelemetry v0.31.0
   Compiling pbrs-grpc v0.1.0-alpha.2 (/workspace/scratch/work/tc30b-outbound/pbrs-grpc)
    Checking tokio-rustls v0.26.4
    Checking graviola v0.2.1
   Compiling async-trait v0.1.92
    Checking twox-hash v2.1.4
    Checking base64 v0.22.1
    Checking openssl-probe v0.2.1
   Compiling zerocopy v0.8.57
    Checking rustls-native-certs v0.8.4
    Checking tonic v0.14.6
    Checking ruzstd v0.9.0
    Checking rustls-graviola v0.2.1
    Checking flate2 v1.1.10
    Checking prost v0.14.4
    Checking rustls-pemfile v2.2.0
    Checking webpki-roots v1.0.9
    Checking ppv-lite86 v0.2.21
    Checking rand_core v0.9.5
    Checking rand_chacha v0.9.0
    Checking rand v0.9.5
    Checking futures-executor v0.3.34
    Checking opentelemetry_sdk v0.31.0
error: used `expect()` on a `Result` value
  --> pbrs-grpc/tests/tonic_opaque_transport.rs:86:47
   |
86 |                 metadata.insert("x-terminal", "preserved".parse().expect("metadata"));
   |                                               ^^^^^^^^^^^^^^^^^^^^^^^^^^^^^^^^^^^^^^
   |
   = note: if this value is an `Err`, it will panic
   = help: for further information visit https://rust-lang.github.io/rust-clippy/master/index.html#expect_used
   = note: requested on the command line with `-D clippy::expect-used`

error: used `expect()` on a `Result` value
   --> pbrs-grpc/tests/tonic_opaque_transport.rs:310:10
    |
310 |           &u32::try_from(payload.len())
    |  __________^
311 | |             .expect("small fixture")
    | |____________________________________^
    |
    = note: if this value is an `Err`, it will panic
    = help: for further information visit https://rust-lang.github.io/rust-clippy/master/index.html#expect_used

error: could not compile `pbrs-grpc` (test "tonic_opaque_transport") due to 2 previous errors
