pbrs-grpc v0.1.0-alpha.2 (/workspace/scratch/work/tc30b-outbound/pbrs-grpc)
atomic-waker v1.1.2
base64 v0.22.1
bytes v1.12.1
flate2 v1.1.10
crc32fast v1.5.1
cfg-if v1.0.4
miniz_oxide v0.9.1
adler2 v2.0.1
simd-adler32 v0.3.10
fnv v1.0.7
futures-core v0.3.34
futures-sink v0.3.34
h2 v0.4.19
atomic-waker v1.1.2
bytes v1.12.1
fnv v1.0.7
futures-core v0.3.34
futures-sink v0.3.34
http v1.5.0
bytes v1.12.1
itoa v1.0.18
indexmap v2.14.0
equivalent v1.0.2
hashbrown v0.17.1
slab v0.4.12
tokio v1.53.1
bytes v1.12.1
libc v0.2.189
mio v1.2.2
libc v0.2.189
pin-project-lite v0.2.17
socket2 v0.6.5
libc v0.2.189
tokio-macros v2.7.2 (proc-macro)
proc-macro2 v1.0.107
unicode-ident v1.0.24
quote v1.0.47
proc-macro2 v1.0.107 (*)
syn v3.0.3
proc-macro2 v1.0.107 (*)
quote v1.0.47 (*)
unicode-ident v1.0.24
tokio-util v0.7.19
bytes v1.12.1
futures-core v0.3.34
futures-sink v0.3.34
libc v0.2.189
pin-project-lite v0.2.17
tokio v1.53.1 (*)
tracing v0.1.44
pin-project-lite v0.2.17
tracing-attributes v0.1.31 (proc-macro)
proc-macro2 v1.0.107 (*)
quote v1.0.47 (*)
syn v2.0.119
proc-macro2 v1.0.107 (*)
quote v1.0.47 (*)
unicode-ident v1.0.24
tracing-core v0.1.36
once_cell v1.21.4
http v1.5.0 (*)
http-body v1.1.0
bytes v1.12.1
http v1.5.0 (*)
http-body-util v0.1.5
bytes v1.12.1
futures-core v0.3.34
http v1.5.0 (*)
http-body v1.1.0 (*)
pin-project-lite v0.2.17
indexmap v2.14.0 (*)
libc v0.2.189
pbrs v0.2.0 (/workspace/scratch/work/tc30b-outbound)
bytes v1.12.1
paste v1.0.15 (proc-macro)
serde v1.0.229
serde_core v1.0.229
serde_json v1.0.151
itoa v1.0.18
memchr v2.8.3
serde_core v1.0.229
zmij v1.0.23
simdutf8 v0.1.5
rustls v0.23.45
log v0.4.34
once_cell v1.21.4
rustls-pki-types v1.15.1
zeroize v1.9.0
rustls-webpki v0.103.15
rustls-pki-types v1.15.1 (*)
untrusted v0.9.0
subtle v2.6.1
zeroize v1.9.0
rustls-graviola v0.2.1
graviola v0.2.1
cfg-if v1.0.4
getrandom v0.3.4
cfg-if v1.0.4
libc v0.2.189
rustls v0.23.45 (*)
rustls-pemfile v2.2.0
rustls-pki-types v1.15.1 (*)
serde_json v1.0.151 (*)
slab v0.4.12
socket2 v0.6.5 (*)
tokio v1.53.1 (*)
tokio-rustls v0.26.4
rustls v0.23.45 (*)
tokio v1.53.1 (*)
tokio-util v0.7.19 (*)
tonic v0.14.6
async-trait v0.1.92 (proc-macro)
proc-macro2 v1.0.107 (*)
quote v1.0.47 (*)
syn v3.0.3 (*)
axum v0.8.9
axum-core v0.5.6
bytes v1.12.1
futures-core v0.3.34
http v1.5.0 (*)
http-body v1.1.0 (*)
http-body-util v0.1.5 (*)
mime v0.3.17
pin-project-lite v0.2.17
sync_wrapper v1.0.2
tower-layer v0.3.3
tower-service v0.3.3
bytes v1.12.1
futures-util v0.3.34
futures-core v0.3.34
futures-task v0.3.34
pin-project-lite v0.2.17
slab v0.4.12
http v1.5.0 (*)
http-body v1.1.0 (*)
http-body-util v0.1.5 (*)
itoa v1.0.18
matchit v0.8.4
memchr v2.8.3
mime v0.3.17
percent-encoding v2.3.2
pin-project-lite v0.2.17
serde_core v1.0.229
sync_wrapper v1.0.2
tower v0.5.3
futures-core v0.3.34
futures-util v0.3.34 (*)
indexmap v2.14.0 (*)
pin-project-lite v0.2.17
slab v0.4.12
sync_wrapper v1.0.2
tokio v1.53.1 (*)
tokio-util v0.7.19 (*)
tower-layer v0.3.3
tower-service v0.3.3
tracing v0.1.44 (*)
tower-layer v0.3.3
tower-service v0.3.3
base64 v0.22.1
bytes v1.12.1
h2 v0.4.19 (*)
http v1.5.0 (*)
http-body v1.1.0 (*)
http-body-util v0.1.5 (*)
hyper v1.11.0
atomic-waker v1.1.2
bytes v1.12.1
futures-channel v0.3.34
futures-core v0.3.34
futures-core v0.3.34
h2 v0.4.19 (*)
http v1.5.0 (*)
http-body v1.1.0 (*)
httparse v1.10.1
httpdate v1.0.3
itoa v1.0.18
pin-project-lite v0.2.17
smallvec v1.15.2
tokio v1.53.1 (*)
want v0.3.1
try-lock v0.2.5
hyper-timeout v0.5.2
hyper v1.11.0 (*)
hyper-util v0.1.20
bytes v1.12.1
futures-channel v0.3.34 (*)
futures-util v0.3.34 (*)
http v1.5.0 (*)
http-body v1.1.0 (*)
hyper v1.11.0 (*)
libc v0.2.189
pin-project-lite v0.2.17
socket2 v0.6.5 (*)
tokio v1.53.1 (*)
tower-service v0.3.3
tracing v0.1.44 (*)
pin-project-lite v0.2.17
tokio v1.53.1 (*)
tower-service v0.3.3
hyper-util v0.1.20 (*)
percent-encoding v2.3.2
pin-project v1.1.13
pin-project-internal v1.1.13 (proc-macro)
proc-macro2 v1.0.107 (*)
quote v1.0.47 (*)
syn v2.0.119 (*)
socket2 v0.6.5 (*)
sync_wrapper v1.0.2
tokio v1.53.1 (*)
tokio-rustls v0.26.4 (*)
tokio-stream v0.1.19
futures-core v0.3.34
pin-project-lite v0.2.17
tokio v1.53.1 (*)
tower v0.5.3 (*)
tower-layer v0.3.3
tower-service v0.3.3
tracing v0.1.44 (*)
tower v0.5.3 (*)
tracing v0.1.44 (*)
webpki-roots v1.0.9
rustls-pki-types v1.15.1 (*)
