pbrs-grpc v0.1.0-alpha.2 (/workspace/scratch/work/tc30b-outbound/pbrs-grpc)
atomic-waker v1.1.2
base64 v0.22.1
bytes v1.12.1
flate2 v1.1.10
crc32fast v1.5.1
cfg-if v1.0.4
miniz_oxide v0.9.1
adler2 v2.0.1
simd-adler32 v0.3.10
fnv v1.0.7
futures-core v0.3.34
futures-sink v0.3.34
http v1.5.0
bytes v1.12.1
itoa v1.0.18
indexmap v2.14.0
equivalent v1.0.2
hashbrown v0.17.1
libc v0.2.189
pbrs v0.2.0 (/workspace/scratch/work/tc30b-outbound)
bytes v1.12.1
paste v1.0.15 (proc-macro)
serde v1.0.229
serde_core v1.0.229
serde_json v1.0.151
itoa v1.0.18
memchr v2.8.3
serde_core v1.0.229
zmij v1.0.23
simdutf8 v0.1.5
rustls v0.23.45
once_cell v1.21.4
rustls-pki-types v1.15.1
zeroize v1.9.0
rustls-webpki v0.103.15
rustls-pki-types v1.15.1 (*)
untrusted v0.9.0
subtle v2.6.1
zeroize v1.9.0
rustls-graviola v0.2.1
graviola v0.2.1
cfg-if v1.0.4
getrandom v0.3.4
cfg-if v1.0.4
libc v0.2.189
rustls v0.23.45 (*)
rustls-pemfile v2.2.0
rustls-pki-types v1.15.1 (*)
serde_json v1.0.151 (*)
slab v0.4.12
socket2 v0.6.5
libc v0.2.189
tokio v1.53.1
bytes v1.12.1
libc v0.2.189
mio v1.2.2
libc v0.2.189
pin-project-lite v0.2.17
socket2 v0.6.5 (*)
tokio-macros v2.7.2 (proc-macro)
proc-macro2 v1.0.107
unicode-ident v1.0.24
quote v1.0.47
proc-macro2 v1.0.107 (*)
syn v3.0.3
proc-macro2 v1.0.107 (*)
quote v1.0.47 (*)
unicode-ident v1.0.24
tokio-rustls v0.26.4
rustls v0.23.45 (*)
tokio v1.53.1 (*)
tokio-util v0.7.19
bytes v1.12.1
futures-core v0.3.34
futures-sink v0.3.34
libc v0.2.189
pin-project-lite v0.2.17
tokio v1.53.1 (*)
tracing v0.1.44
pin-project-lite v0.2.17
tracing-core v0.1.36
once_cell v1.21.4
webpki-roots v1.0.9
rustls-pki-types v1.15.1 (*)
