   Compiling serde_core v1.0.229
   Compiling libc v0.2.189
   Compiling zmij v1.0.23
   Compiling proc-macro2 v1.0.107
   Compiling unicode-ident v1.0.24
   Compiling serde_json v1.0.151
   Compiling serde v1.0.229
   Compiling quote v1.0.47
    Checking zeroize v1.9.0
    Checking rustls-pki-types v1.15.1
   Compiling paste v1.0.15
    Checking once_cell v1.21.4
    Checking cfg-if v1.0.4
   Compiling pbrs v0.2.0 (/workspace/scratch/work/tc30b-outbound)
    Checking bytes v1.12.1
   Compiling syn v3.0.3
    Checking untrusted v0.9.0
   Compiling getrandom v0.3.4
    Checking pin-project-lite v0.2.17
   Compiling itoa v1.0.18
   Compiling rustls v0.23.45
   Compiling memchr v2.8.3
    Checking rustls-webpki v0.103.15
   Compiling tokio-macros v2.7.2
    Checking mio v1.2.2
    Checking socket2 v0.6.5
   Compiling crc32fast v1.5.1
   Compiling simdutf8 v0.1.5
    Checking subtle v2.6.1
    Checking tokio v1.53.1
    Checking simd-adler32 v0.3.10
    Checking adler2 v2.0.1
    Checking miniz_oxide v0.9.1
    Checking graviola v0.2.1
   Compiling pbrs-grpc v0.1.0-alpha.2 (/workspace/scratch/work/tc30b-outbound/pbrs-grpc)
    Checking tracing-core v0.1.36
    Checking equivalent v1.0.2
    Checking hashbrown v0.17.1
    Checking futures-core v0.3.34
    Checking futures-sink v0.3.34
    Checking tokio-util v0.7.19
    Checking indexmap v2.14.0
    Checking tracing v0.1.44
    Checking flate2 v1.1.10
    Checking rustls-graviola v0.2.1
    Checking tokio-rustls v0.26.4
    Checking http v1.5.0
    Checking rustls-pemfile v2.2.0
    Checking webpki-roots v1.0.9
    Checking fnv v1.0.7
    Checking atomic-waker v1.1.2
    Checking slab v0.4.12
    Checking base64 v0.22.1
    Finished `dev` profile [unoptimized] target(s) in 58.60s
