warning: pbrs@0.2.0: wrote conformance descriptor set
   Compiling pbrs-grpc v0.1.0-alpha.2 (/workspace/scratch/work/cl07/pbrs-grpc)
    Finished `test` profile [unoptimized] target(s) in 41.49s
     Running tests/cl07_preface.rs (target/debug/deps/cl07_preface-891694739de905b0)

running 10 tests
test cancelling_eager_handshake_drops_transport ... ok
test eager_connect_waits_for_settings_and_positive_stream_cap ... ok
test h2_api_can_pipeline_headers_before_peer_settings ... ok
test lazy_channel_does_not_dial_until_polled_rpc_and_cancel_closes_handshake ... ok
test lazy_first_rpc_deadline_bounds_settings_wait ... ok
test lazy_first_rpc_waits_for_peer_settings_zero_then_one ... ok
test peer_stream_cap_one_serializes_first_two_requests ... ok
test silent_peer_connect_timeout_drops_transport ... ok
test wait_for_ready_deadline_bounds_settings_wait ... ok
test wait_for_ready_retries_closed_handshake_before_opening_first_stream ... ok

test result: ok. 10 passed; 0 failed; 0 ignored; 0 measured; 0 filtered out; finished in 0.49s

     Running tests/gaps.rs (target/debug/deps/gaps-070cb9db63c63573)

running 6 tests
test cancelled_on_client_cancel ... ok
test deadline_exceeded_on_sleeping_handler ... ok
test ok_path_custom_bin_trailers_not_headers ... ok
test streaming_trailers_after_a_drain_are_the_same ... ok
test streaming_trailers_surface_a_trailing_status ... ok
test streaming_trailers_wait_for_end_of_stream ... ok

test result: ok. 6 passed; 0 failed; 0 ignored; 0 measured; 0 filtered out; finished in 0.14s

     Running tests/hostile.rs (target/debug/deps/hostile-6c1ff9d0fee67a8f)

running 40 tests
test a_compressed_flag_is_refused_when_inbound_gzip_is_off ... ok
test a_giant_declared_length_is_refused_from_the_header ... ok
test a_gzip_bomb_cannot_outgrow_the_cap ... ok
test a_hostile_stream_does_not_take_the_server_down ... ok
test a_legitimate_compressed_frame_still_round_trips ... ok
test a_malformed_path_is_unimplemented_not_a_panic ... ok
test a_non_grpc_content_type_is_http_415 ... ok
test a_non_grpc_content_type_on_an_unknown_method_is_still_415 ... ok
test a_non_post_is_http_405 ... ok
test a_reserved_compressed_flag_is_a_protocol_error ... ok
test a_truncated_frame_is_not_an_empty_message ... ok
test an_empty_body_decodes_to_a_default_message ... ok
test an_identity_encoding_header_is_the_same_as_omitting_it ... ok
test an_unknown_method_is_unimplemented ... ok
test an_unknown_service_is_unimplemented ... ok
test an_unsupported_encoding_is_unimplemented_and_advertises_what_works ... ok
test continuation_flood_drops_that_connection ... ok
test deflate_coding_is_refused_when_inbound_compression_is_off ... ok
test deflate_configured_server_falls_back_to_gzip_only_peer ... ok
test deflate_request_decodes_and_gets_a_reply ... ok
test expired_timeout_before_dispatch_is_trailers_only ... ok
test garbage_protobuf_bytes_are_an_error_not_a_panic ... ok
test grpc_proto_content_type_subtypes_are_accepted ... ok
test gzip_bytes_under_deflate_coding_are_an_error ... ok
test gzip_is_unimplemented_when_the_server_opts_out_of_inbound_gzip ... ok
test h2c_ignores_a_peer_https_scheme ... ok
test immediate_unimplemented_is_trailers_only ... ok
test metadata_beyond_the_header_list_cap_is_refused ... ok
test oversize_message_is_resource_exhausted_not_a_hang ... ok
test process_rpc_cap_rejection_is_trailers_only ... ok
test protocol_error_rst_flood_drops_that_connection ... ok
test regression_bad_metadata_encodings_safely_rejected ... ok
test regression_chunk_fragmentation_preserves_message_stream ... ok
test regression_compression_bomb_fails_within_byte_and_time_budgets ... ok
test regression_http2_single_byte_data_chunks_serve_cleanly ... ok
test regression_invalid_frame_lengths_and_flags_safely_rejected ... ok
test rst_flood_beyond_pending_reset_cap_drops_that_connection ... ok
test small_data_flood_drops_that_connection ... ok
test two_messages_on_a_unary_path_are_refused ... ok
test unfinished_headers_do_not_take_the_accept_loop_down ... ok

test result: ok. 40 passed; 0 failed; 0 ignored; 0 measured; 0 filtered out; finished in 1.61s

     Running tests/message_size.rs (target/debug/deps/message_size-030df908764213c2)

running 7 tests
test channel_oversize_outbound_is_resource_exhausted ... ok
test client_stream_oversize_send_is_resource_exhausted ... ok
test oversize_inbound_is_resource_exhausted ... ok
test oversize_outbound_is_resource_exhausted ... ok
test server_oversize_decode_is_resource_exhausted ... ok
test server_oversize_encode_is_resource_exhausted ... ok
test under_limit_unary_still_works ... ok

test result: ok. 7 passed; 0 failed; 0 ignored; 0 measured; 0 filtered out; finished in 0.02s

     Running tests/rpc.rs (target/debug/deps/rpc-16d536c1a900485f)

running 12 tests
test bidi_round_trip ... ok
test client_stream_aggregates_names ... ok
test concurrent_unary_on_connection_pool ... ok
test connection_pool_spreads_when_peer_stream_cap_is_low ... ok
test failing_rpc_carries_status_details ... ok
test failing_rpc_carries_typed_google_rpc_status ... ok
test failing_rpc_nonzero_grpc_status ... ok
test server_stream_is_a_futures_stream ... ok
test server_stream_splits_name ... ok
test typed_google_rpc_status_after_a_streamed_message ... ok
test typed_google_rpc_status_on_every_call_shape ... ok
test unary_echoes_name ... ok

test result: ok. 12 passed; 0 failed; 0 ignored; 0 measured; 0 filtered out; finished in 0.05s

     Running tests/tls.rs (target/debug/deps/tls-a7fdea31c9ea2d87)

running 26 tests
test a_dead_tls_channel_redials ... ok
test a_tls_client_interceptor_sees_https_scheme ... ok
test caller_configs_preserve_required_mtls_on_every_shape ... ok
test caller_configs_propagate_wrong_trust_and_name_failures ... ok
test caller_configs_reject_missing_required_client_identity ... ok
test caller_configs_require_h2_and_a_valid_server_name ... ok
test cleartext_still_works ... ok
test h2c_client_cannot_speak_tls ... ok
test h2c_keepalive_still_serves ... ok
test key_log_file_opt_in_still_serves_tls ... ok
test mtls_client_interceptor_rejects_with_typed_status ... ok
test mtls_exposes_the_client_certificate ... ok
test mtls_requires_a_client_certificate ... ok
test mtls_send_compressed_gzips_every_shape ... ok
test mtls_server_interceptor_rejects_with_typed_status ... ok
test mtls_unary ... ok
test optional_mtls_allows_anonymous_and_records_verified_client_certificate ... ok
test replacing_tls_policy_requires_fresh_client_identity ... ok
test serve_tls_until_shutdown_serves_then_drains ... ok
test tls_client_interceptor_rejects_with_typed_status ... ok
test tls_handlers_see_https_scheme_and_authority ... ok
test tls_requests_use_the_https_scheme ... ok
test tls_send_compressed_gzips_every_shape ... ok
test tls_server_interceptor_rejects_with_typed_status ... ok
test unary_over_tls ... ok
test wrong_ca_is_unauthenticated ... ok

test result: ok. 26 passed; 0 failed; 0 ignored; 0 measured; 0 filtered out; finished in 0.55s

